start at:
Wed Aug  6 17:50:29 CST 2025
<only-in-vcf>	chr1
<only-in-vcf>	chr10
<only-in-vcf>	chr11
<only-in-vcf>	chr12
<only-in-vcf>	chr13
<only-in-vcf>	chr14
<only-in-vcf>	chr15
<only-in-vcf>	chr16
<only-in-vcf>	chr17
<only-in-vcf>	chr18
<only-in-vcf>	chr19
<only-in-vcf>	chr2
<only-in-vcf>	chr20
<only-in-vcf>	chr21
<only-in-vcf>	chr22
<only-in-vcf>	chr3
<only-in-vcf>	chr4
<only-in-vcf>	chr5
<only-in-vcf>	chr6
<only-in-vcf>	chr7
<only-in-vcf>	chr8
<only-in-vcf>	chr9
<only-in-vcf>	chrX
end at:
Wed Aug  6 18:06:50 CST 2025
