start at:
Wed Aug  6 19:29:05 CST 2025
--------Processing VCF annotation extraction--------
1a. Renaming chromosomes in VCF to match reference genome...
1b. Splitting multi-allelic sites...
Lines   total/split/joined/realigned/mismatch_removed/dup_removed/skipped:	1058848774/213306883/0/116762426/0/0/0
2. Setting variant IDs to CHROM:POS:REF:ALT format...
3. Extracting VEP annotations...
split-vep: unrecognized option '--threads'

About: Query structured annotations such INFO/BCSQ or CSQ created by bcftools/csq or VEP. For more
   more information and pointers see http://samtools.github.io/bcftools/howtos/plugin.split-vep.html
Usage: bcftools +split-vep [Plugin Options]
Plugin options:
   -a, --annotation STR            INFO annotation to parse, CSQ by default or BCSQ when not present [CSQ]
   -A, --all-fields DELIM          Output all fields replacing the -a tag ("%CSQ" by default) in the -f
                                     filtering expression using the output field delimiter DELIM. This can be
                                     "tab", "space" or an arbitrary string.
   -c, --columns [LIST|-][:TYPE]   Extract the fields listed either as 0-based indexes or names, "-" to extract all
                                     fields. See --columns-types for the defaults. Supported types are String/Str,
                                     Integer/Int and Float/Real. Unlisted fields are set to String. Existing header
                                     definitions will not be overwritten, remove first with `bcftools annotate -x`
       --columns-types -|FILE      Pass "-" to print the default -c types or FILE to override the presets
   -d, --duplicate                 Output per transcript/allele consequences on a new line rather rather than
                                     as comma-separated fields on a single line
   -f, --format STR                Create non-VCF output; similar to `bcftools query -f` but drops lines w/o consequence
   -g, --gene-list [+]FILE         Consider only features listed in FILE, or prioritize if FILE is prefixed with "+"
       --gene-list-fields LIST     Fields to match against by the -g list, by default gene names [SYMBOL,Gene,gene]
   -H, --print-header              Print header, -HH to omit column indices
   -l, --list                      Parse the VCF header and list the annotation fields
   -p, --annot-prefix STR          Before doing anything else, prepend STR to all CSQ fields to avoid tag name conflicts
   -s, --select TR:CSQ[:PRN]       Select transcripts to extract by type and/or consequence severity, see also -S and -x
                                     TR, filter transcripts:   all,worst,primary,pick,mane,EXPRESSION [all]
                                     CSQ, filter consequences: any,missense,missense+,etc [any]
                                     PRN, print consequences:  all,worst [all]
                                   TR transcript selection
                                       all       .. list all transcripts
                                       worst     .. list only one transcript with the worst consequence (see -S)
                                       primary   .. list transcripts marked as CANONICAL=YES
                                       pick      .. as PICK=1
                                       mane      .. as MANE_SELECT!=""
                                     or an EXPRESSION in the form of "<FIELD><OPERATOR><VALUE>", where
                                       FIELD     .. field name (e.g. "CANONICAL")
                                       OPERATOR  .. string comparison (=,!=), regex matching (~,!~)
                                       VALUE     .. required string value (e.g. "YES")
                                   CSQ consequence filtering, selects transcripts by CSQ severity (see "-S -")
                                       missense  .. selects only transcripts with a missense variant
                                       missense+ .. transcripts with a missense consequence or more severe
                                   PRN controls what consequences are actually printed
                                       all   .. print all consequences if multiple per transcript (e.g., start_lost&splice_region)
                                       worst .. print the worst consequence per transcript (e.g., start_lost above)
   -S, --severity -|FILE           Pass "-" to print the default severity scale or FILE to override
                                     the default scale
   -u, --allow-undef-tags          Print "." for undefined tags
   -x, --drop-sites                Drop sites without consequences after -s is applied (the default with -f)
   -X, --keep-sites                Do not drop sites without consequences (the default without -f)
Common options:
   -e, --exclude EXPR              Exclude sites and samples for which the expression is true
   -i, --include EXPR              Include sites and samples for which the expression is true
       --no-version                Do not append version and command line to the header
   -o, --output FILE               Output file name [stdout]
   -O, --output-type u|b|v|z[0-9]  u/b: un/compressed BCF, v/z: un/compressed VCF, 0-9: compression level [v]
   -r, --regions REG               Restrict to comma-separated list of regions
   -R, --regions-file FILE         Restrict to regions listed in a file
       --regions-overlap 0|1|2     Include if POS in the region (0), record overlaps (1), variant overlaps (2) [1]
   -t, --targets REG               Similar to -r but streams rather than index-jumps
   -T, --targets-file FILE         Similar to -R but streams rather than index-jumps
       --targets-overlap 0|1|2     Include if POS in the region (0), record overlaps (1), variant overlaps (2) [0]
   -v, --verbosity INT             Verbosity level
   -W, --write-index[=FMT]         Automatically index the output files [off]

Examples:
   # List available fields of the INFO/CSQ or INFO/BCSQ annotation
   bcftools +split-vep -l file.vcf.gz

   # List available fields of INFO/BCSQ when both INFO/CSQ and INFO/BCSQ are present
   bcftools +split-vep -l file.vcf.gz -a BCSQ

   # List the default severity scale
   bcftools +split-vep -S -

   # Extract Consequence, IMPACT and gene SYMBOL of the most severe consequence into
   # INFO annotations starting with the prefix "vep". For brevity, the columns can
   # be given also as 0-based indexes
   bcftools +split-vep -c Consequence,IMPACT,SYMBOL -s worst -p vep file.vcf.gz
   bcftools +split-vep -c 1-3 -s worst -p vep file.vcf.gz

   # Same as above but use the text output of the "bcftools query" format
   bcftools +split-vep -s worst -f '%CHROM %POS %Consequence %IMPACT %SYMBOL\n' file.vcf.gz

   # Print all subfields (tab-delimited) in place of %CSQ, each consequence on a new line
   bcftools +split-vep -f '%CHROM %POS %CSQ\n' -d -A tab file.vcf.gz

   # Extract gnomAD_AF subfield into a new INFO/gnomAD_AF annotation of Type=Float so that
   # numeric filtering can be used.
   bcftools +split-vep -c gnomAD_AF:Float file.vcf.gz -i'gnomAD_AF<0.001'

   # Similar to above, but add the annotation only if the consequence severity is missense
   # or equivalent. In order to drop sites with different consequences completely, provide
   # the -x option. See the online documentation referenced above for more examples.
   bcftools +split-vep -c gnomAD_AF:Float -s :missense    file.vcf.gz
   bcftools +split-vep -c gnomAD_AF:Float -s :missense -x file.vcf.gz

   See also http://samtools.github.io/bcftools/howtos/plugin.split-vep.html

end at:
Thu Aug  7 07:36:47 CST 2025
