start at:
Fri Jul 11 00:26:54 CST 2025
This directory already exists.
--------start
Indexing /share/home/lsy_luzhen/WGS_GWAS_and_MR/tmp_ssh_data/VEP/VEP_annotated_vcfs/chr10_annotated.vcf.gz...
Indexing /share/home/lsy_luzhen/WGS_GWAS_and_MR/tmp_ssh_data/VEP/VEP_annotated_vcfs/chr11_annotated.vcf.gz...
Indexing /share/home/lsy_luzhen/WGS_GWAS_and_MR/tmp_ssh_data/VEP/VEP_annotated_vcfs/chr12_annotated.vcf.gz...
Indexing /share/home/lsy_luzhen/WGS_GWAS_and_MR/tmp_ssh_data/VEP/VEP_annotated_vcfs/chr13_annotated.vcf.gz...
Indexing /share/home/lsy_luzhen/WGS_GWAS_and_MR/tmp_ssh_data/VEP/VEP_annotated_vcfs/chr14_annotated.vcf.gz...
Indexing /share/home/lsy_luzhen/WGS_GWAS_and_MR/tmp_ssh_data/VEP/VEP_annotated_vcfs/chr15_annotated.vcf.gz...
Indexing /share/home/lsy_luzhen/WGS_GWAS_and_MR/tmp_ssh_data/VEP/VEP_annotated_vcfs/chr16_annotated.vcf.gz...
Indexing /share/home/lsy_luzhen/WGS_GWAS_and_MR/tmp_ssh_data/VEP/VEP_annotated_vcfs/chr17_annotated.vcf.gz...
Indexing /share/home/lsy_luzhen/WGS_GWAS_and_MR/tmp_ssh_data/VEP/VEP_annotated_vcfs/chr18_annotated.vcf.gz...
Indexing /share/home/lsy_luzhen/WGS_GWAS_and_MR/tmp_ssh_data/VEP/VEP_annotated_vcfs/chr19_annotated.vcf.gz...
Indexing /share/home/lsy_luzhen/WGS_GWAS_and_MR/tmp_ssh_data/VEP/VEP_annotated_vcfs/chr1_annotated.vcf.gz...
Indexing /share/home/lsy_luzhen/WGS_GWAS_and_MR/tmp_ssh_data/VEP/VEP_annotated_vcfs/chr20_annotated.vcf.gz...
Indexing /share/home/lsy_luzhen/WGS_GWAS_and_MR/tmp_ssh_data/VEP/VEP_annotated_vcfs/chr21_annotated.vcf.gz...
Indexing /share/home/lsy_luzhen/WGS_GWAS_and_MR/tmp_ssh_data/VEP/VEP_annotated_vcfs/chr22_annotated.vcf.gz...
Indexing /share/home/lsy_luzhen/WGS_GWAS_and_MR/tmp_ssh_data/VEP/VEP_annotated_vcfs/chr2_annotated.vcf.gz...
Indexing /share/home/lsy_luzhen/WGS_GWAS_and_MR/tmp_ssh_data/VEP/VEP_annotated_vcfs/chr3_annotated.vcf.gz...
Indexing /share/home/lsy_luzhen/WGS_GWAS_and_MR/tmp_ssh_data/VEP/VEP_annotated_vcfs/chr4_annotated.vcf.gz...
Indexing /share/home/lsy_luzhen/WGS_GWAS_and_MR/tmp_ssh_data/VEP/VEP_annotated_vcfs/chr5_annotated.vcf.gz...
Indexing /share/home/lsy_luzhen/WGS_GWAS_and_MR/tmp_ssh_data/VEP/VEP_annotated_vcfs/chr6_annotated.vcf.gz...
Indexing /share/home/lsy_luzhen/WGS_GWAS_and_MR/tmp_ssh_data/VEP/VEP_annotated_vcfs/chr7_annotated.vcf.gz...
Indexing /share/home/lsy_luzhen/WGS_GWAS_and_MR/tmp_ssh_data/VEP/VEP_annotated_vcfs/chr8_annotated.vcf.gz...
Indexing /share/home/lsy_luzhen/WGS_GWAS_and_MR/tmp_ssh_data/VEP/VEP_annotated_vcfs/chr9_annotated.vcf.gz...
Indexing /share/home/lsy_luzhen/WGS_GWAS_and_MR/tmp_ssh_data/VEP/VEP_annotated_vcfs/chrX_annotated.vcf.gz...
Concatenating and indexing all annotated VCFs...
Checking the headers and starting positions of 23 files
Concatenating /share/home/lsy_luzhen/WGS_GWAS_and_MR/tmp_ssh_data/VEP/VEP_annotated_vcfs/chr1_annotated.vcf.gz	20.396001 seconds
Concatenating /share/home/lsy_luzhen/WGS_GWAS_and_MR/tmp_ssh_data/VEP/VEP_annotated_vcfs/chr2_annotated.vcf.gz	20.786209 seconds
Concatenating /share/home/lsy_luzhen/WGS_GWAS_and_MR/tmp_ssh_data/VEP/VEP_annotated_vcfs/chr3_annotated.vcf.gz	16.463499 seconds
Concatenating /share/home/lsy_luzhen/WGS_GWAS_and_MR/tmp_ssh_data/VEP/VEP_annotated_vcfs/chr4_annotated.vcf.gz	15.911008 seconds
Concatenating /share/home/lsy_luzhen/WGS_GWAS_and_MR/tmp_ssh_data/VEP/VEP_annotated_vcfs/chr5_annotated.vcf.gz	14.722019 seconds
Concatenating /share/home/lsy_luzhen/WGS_GWAS_and_MR/tmp_ssh_data/VEP/VEP_annotated_vcfs/chr6_annotated.vcf.gz	13.991712 seconds
Concatenating /share/home/lsy_luzhen/WGS_GWAS_and_MR/tmp_ssh_data/VEP/VEP_annotated_vcfs/chr7_annotated.vcf.gz	14.096439 seconds
Concatenating /share/home/lsy_luzhen/WGS_GWAS_and_MR/tmp_ssh_data/VEP/VEP_annotated_vcfs/chr8_annotated.vcf.gz	12.720199 seconds
Concatenating /share/home/lsy_luzhen/WGS_GWAS_and_MR/tmp_ssh_data/VEP/VEP_annotated_vcfs/chr9_annotated.vcf.gz	10.846890 seconds
Concatenating /share/home/lsy_luzhen/WGS_GWAS_and_MR/tmp_ssh_data/VEP/VEP_annotated_vcfs/chr10_annotated.vcf.gz	11.368691 seconds
Concatenating /share/home/lsy_luzhen/WGS_GWAS_and_MR/tmp_ssh_data/VEP/VEP_annotated_vcfs/chr11_annotated.vcf.gz	11.670191 seconds
Concatenating /share/home/lsy_luzhen/WGS_GWAS_and_MR/tmp_ssh_data/VEP/VEP_annotated_vcfs/chr12_annotated.vcf.gz	11.212881 seconds
Concatenating /share/home/lsy_luzhen/WGS_GWAS_and_MR/tmp_ssh_data/VEP/VEP_annotated_vcfs/chr13_annotated.vcf.gz	8.361404 seconds
Concatenating /share/home/lsy_luzhen/WGS_GWAS_and_MR/tmp_ssh_data/VEP/VEP_annotated_vcfs/chr14_annotated.vcf.gz	7.495621 seconds
Concatenating /share/home/lsy_luzhen/WGS_GWAS_and_MR/tmp_ssh_data/VEP/VEP_annotated_vcfs/chr15_annotated.vcf.gz	7.277980 seconds
Concatenating /share/home/lsy_luzhen/WGS_GWAS_and_MR/tmp_ssh_data/VEP/VEP_annotated_vcfs/chr16_annotated.vcf.gz	7.696978 seconds
Concatenating /share/home/lsy_luzhen/WGS_GWAS_and_MR/tmp_ssh_data/VEP/VEP_annotated_vcfs/chr17_annotated.vcf.gz	7.304309 seconds
Concatenating /share/home/lsy_luzhen/WGS_GWAS_and_MR/tmp_ssh_data/VEP/VEP_annotated_vcfs/chr18_annotated.vcf.gz	7.004004 seconds
Concatenating /share/home/lsy_luzhen/WGS_GWAS_and_MR/tmp_ssh_data/VEP/VEP_annotated_vcfs/chr19_annotated.vcf.gz	4.972767 seconds
Concatenating /share/home/lsy_luzhen/WGS_GWAS_and_MR/tmp_ssh_data/VEP/VEP_annotated_vcfs/chr20_annotated.vcf.gz	5.488842 seconds
Concatenating /share/home/lsy_luzhen/WGS_GWAS_and_MR/tmp_ssh_data/VEP/VEP_annotated_vcfs/chr21_annotated.vcf.gz	3.473100 seconds
Concatenating /share/home/lsy_luzhen/WGS_GWAS_and_MR/tmp_ssh_data/VEP/VEP_annotated_vcfs/chr22_annotated.vcf.gz	3.574628 seconds
Concatenating /share/home/lsy_luzhen/WGS_GWAS_and_MR/tmp_ssh_data/VEP/VEP_annotated_vcfs/chrX_annotated.vcf.gz	9.912720 seconds
--------done
end at:
Fri Jul 11 00:50:15 CST 2025
