start at:
Mon Aug  4 13:44:48 CST 2025
regenie version:
v4.1.gz
Start time: Mon Aug  4 13:44:53 2025

              |===========================|
              |      REGENIE v4.1.gz      |
              |===========================|

Copyright (c) 2020-2024 Joelle Mbatchou, Andrey Ziyatdinov and Jonathan Marchini.
Distributed under the MIT License.
Compiled with Boost Iostream library.
Using Intel MKL with Eigen.

Log of output saved in file : regenie_step1_euro_cin3plus.log

Options in effect:
  --step 1 \
  --bed /share/home/lsy_luzhen/WGS_GWAS_and_MR/tmp_ssh_data/PCA_european/european_pre_pca_data_outcome_cc_cin3 \
  --phenoFile /share/home/lsy_luzhen/WGS_GWAS_and_MR/tmp_ssh_data/GWAS_european/T002_CIN3plus_phenotype.txt \
  --bt \
  --covarFile /share/home/lsy_luzhen/WGS_GWAS_and_MR/tmp_ssh_data/GWAS_european/T002_CIN3plus_covars.txt \
  --catCovarList Smoking_status,Alcohol_intake_frequency,Genotype_measurement_batch \
  --strict \
  --bsize 1000 \
  --loocv \
  --lowmem \
  --lowmem-prefix /share/home/lsy_luzhen/WGS_GWAS_and_MR/tmp_ssh_data/GWAS_european/tmpdir/regenie_tmp_preds \
  --write-null-firth \
  --out regenie_step1_euro_cin3plus

Fitting null model
 * bim              : [/share/home/lsy_luzhen/WGS_GWAS_and_MR/tmp_ssh_data/PCA_european/european_pre_pca_data_outcome_cc_cin3.bim] n_snps = 259839
 * fam              : [/share/home/lsy_luzhen/WGS_GWAS_and_MR/tmp_ssh_data/PCA_european/european_pre_pca_data_outcome_cc_cin3.fam] n_samples = 203972
 * bed              : [/share/home/lsy_luzhen/WGS_GWAS_and_MR/tmp_ssh_data/PCA_european/european_pre_pca_data_outcome_cc_cin3.bed]
 * phenotypes       : [/share/home/lsy_luzhen/WGS_GWAS_and_MR/tmp_ssh_data/GWAS_european/T002_CIN3plus_phenotype.txt] n_pheno = 1
   -dropping observations with missing values at any of the phenotypes
   -number of phenotyped individuals with no missing data = 203972
 * covariates       : [/share/home/lsy_luzhen/WGS_GWAS_and_MR/tmp_ssh_data/GWAS_european/T002_CIN3plus_covars.txt] n_cov = 26
   -number of individuals with covariate data = 203972
 * number of individuals used in analysis = 203972
 * case-control counts for each trait:
   - 'CIN3plus': 5578 cases and 198394 controls
   -fitting null logistic regression on binary phenotypes...done (470ms) 
   -residualizing and scaling phenotypes...done (2ms) 
 * # threads        : [127]
 * block size       : [1000]
 * # blocks         : [273] for 259839 variants
 * # CV folds       : [203972]
 * ridge data_l0    : [ 5 : 0.01 0.25 0.5 0.75 0.99 ]
 * ridge data_l1    : [ 5 : 0.01 0.25 0.5 0.75 0.99 ]
 * approximate memory usage : 4GB
 * writing level 0 predictions to disk
   -temporary files will have prefix [/share/home/lsy_luzhen/WGS_GWAS_and_MR/tmp_ssh_data/GWAS_european/tmpdir/regenie_tmp_preds_l0_Y]
   -approximate disk space needed : 3GB
 * writing null Firth estimates to file
 * setting memory...done

Chromosome 1
 block [1] : 1000 snps  (2095ms) 
   -residualizing and scaling genotypes...done (4015ms) 
   -calc working matrices...done (2125ms) 
   -calc level 0 ridge...done (4231ms) 
 block [2] : 1000 snps  (978ms) 
   -residualizing and scaling genotypes...done (3523ms) 
   -calc working matrices...done (1545ms) 
   -calc level 0 ridge...done (3570ms) 
 block [3] : 1000 snps  (1116ms) 
   -residualizing and scaling genotypes...done (3137ms) 
   -calc working matrices...done (1750ms) 
   -calc level 0 ridge...done (3618ms) 
 block [4] : 1000 snps  (1265ms) 
   -residualizing and scaling genotypes...done (3167ms) 
   -calc working matrices...done (1616ms) 
   -calc level 0 ridge...done (3843ms) 
 block [5] : 1000 snps  (1357ms) 
   -residualizing and scaling genotypes...done (2862ms) 
   -calc working matrices...done (1862ms) 
   -calc level 0 ridge...done (3629ms) 
 block [6] : 1000 snps  (1335ms) 
   -residualizing and scaling genotypes...done (3400ms) 
   -calc working matrices...done (1510ms) 
   -calc level 0 ridge...done (3599ms) 
 block [7] : 1000 snps  (1305ms) 
   -residualizing and scaling genotypes...done (2961ms) 
   -calc working matrices...done (1164ms) 
   -calc level 0 ridge...done (3639ms) 
 block [8] : 1000 snps  (861ms) 
   -residualizing and scaling genotypes...done (2916ms) 
   -calc working matrices...done (1583ms) 
   -calc level 0 ridge...done (3691ms) 
 block [9] : 1000 snps  (1224ms) 
   -residualizing and scaling genotypes...done (2989ms) 
   -calc working matrices...done (1787ms) 
   -calc level 0 ridge...done (3756ms) 
 block [10] : 1000 snps  (1215ms) 
   -residualizing and scaling genotypes...done (2955ms) 
   -calc working matrices...done (1359ms) 
   -calc level 0 ridge...done (3778ms) 
 block [11] : 1000 snps  (1398ms) 
   -residualizing and scaling genotypes...done (2879ms) 
   -calc working matrices...done (1462ms) 
   -calc level 0 ridge...done (3911ms) 
 block [12] : 1000 snps  (1070ms) 
   -residualizing and scaling genotypes...done (2853ms) 
   -calc working matrices...done (1347ms) 
   -calc level 0 ridge...done (3688ms) 
 block [13] : 1000 snps  (1310ms) 
   -residualizing and scaling genotypes...done (2928ms) 
   -calc working matrices...done (1520ms) 
   -calc level 0 ridge...done (3657ms) 
 block [14] : 1000 snps  (947ms) 
   -residualizing and scaling genotypes...done (2790ms) 
   -calc working matrices...done (1510ms) 
   -calc level 0 ridge...done (3730ms) 
 block [15] : 1000 snps  (1342ms) 
   -residualizing and scaling genotypes...done (2858ms) 
   -calc working matrices...done (1420ms) 
   -calc level 0 ridge...done (4156ms) 
 block [16] : 1000 snps  (1424ms) 
   -residualizing and scaling genotypes...done (3004ms) 
   -calc working matrices...done (1598ms) 
   -calc level 0 ridge...done (3756ms) 
 block [17] : 1000 snps  (1250ms) 
   -residualizing and scaling genotypes...done (2782ms) 
   -calc working matrices...done (1757ms) 
   -calc level 0 ridge...done (3676ms) 
 block [18] : 1000 snps  (1294ms) 
   -residualizing and scaling genotypes...done (3575ms) 
   -calc working matrices...done (1417ms) 
   -calc level 0 ridge...done (3675ms) 
 block [19] : 1000 snps  (1351ms) 
   -residualizing and scaling genotypes...done (2849ms) 
   -calc working matrices...done (1562ms) 
   -calc level 0 ridge...done (3882ms) 
 block [20] : 1000 snps  (1466ms) 
   -residualizing and scaling genotypes...done (2824ms) 
   -calc working matrices...done (1646ms) 
   -calc level 0 ridge...done (3986ms) 
 block [21] : 1000 snps  (992ms) 
   -residualizing and scaling genotypes...done (3299ms) 
   -calc working matrices...done (1437ms) 
   -calc level 0 ridge...done (3720ms) 
 block [22] : 518 snps  (444ms) 
   -residualizing and scaling genotypes...done (1848ms) 
   -calc working matrices...done (767ms) 
   -calc level 0 ridge...done (1857ms) 
Chromosome 2
 block [23] : 1000 snps  (1554ms) 
   -residualizing and scaling genotypes...done (3257ms) 
   -calc working matrices...done (1558ms) 
   -calc level 0 ridge...done (3908ms) 
 block [24] : 1000 snps  (762ms) 
   -residualizing and scaling genotypes...done (2974ms) 
   -calc working matrices...done (1348ms) 
   -calc level 0 ridge...done (3782ms) 
 block [25] : 1000 snps  (1077ms) 
   -residualizing and scaling genotypes...done (3309ms) 
   -calc working matrices...done (1351ms) 
   -calc level 0 ridge...done (4079ms) 
 block [26] : 1000 snps  (776ms) 
   -residualizing and scaling genotypes...done (3081ms) 
   -calc working matrices...done (1361ms) 
   -calc level 0 ridge...done (3653ms) 
 block [27] : 1000 snps  (1299ms) 
   -residualizing and scaling genotypes...done (2986ms) 
   -calc working matrices...done (1447ms) 
   -calc level 0 ridge...done (3663ms) 
 block [28] : 1000 snps  (1084ms) 
   -residualizing and scaling genotypes...done (3063ms) 
   -calc working matrices...done (1539ms) 
   -calc level 0 ridge...done (3756ms) 
 block [29] : 1000 snps  (918ms) 
   -residualizing and scaling genotypes...done (3025ms) 
   -calc working matrices...done (1422ms) 
   -calc level 0 ridge...done (3611ms) 
 block [30] : 1000 snps  (1269ms) 
   -residualizing and scaling genotypes...done (3128ms) 
   -calc working matrices...done (1692ms) 
   -calc level 0 ridge...done (3738ms) 
 block [31] : 1000 snps  (1227ms) 
   -residualizing and scaling genotypes...done (2917ms) 
   -calc working matrices...done (1605ms) 
   -calc level 0 ridge...done (3744ms) 
 block [32] : 1000 snps  (824ms) 
   -residualizing and scaling genotypes...done (2936ms) 
   -calc working matrices...done (1471ms) 
   -calc level 0 ridge...done (3636ms) 
 block [33] : 1000 snps  (908ms) 
   -residualizing and scaling genotypes...done (3103ms) 
   -calc working matrices...done (1413ms) 
   -calc level 0 ridge...done (3823ms) 
 block [34] : 1000 snps  (1078ms) 
   -residualizing and scaling genotypes...done (2920ms) 
   -calc working matrices...done (1523ms) 
   -calc level 0 ridge...done (4068ms) 
 block [35] : 1000 snps  (1306ms) 
   -residualizing and scaling genotypes...done (3285ms) 
   -calc working matrices...done (1247ms) 
   -calc level 0 ridge...done (4064ms) 
 block [36] : 1000 snps  (1164ms) 
   -residualizing and scaling genotypes...done (3097ms) 
   -calc working matrices...done (1555ms) 
   -calc level 0 ridge...done (4159ms) 
 block [37] : 1000 snps  (941ms) 
   -residualizing and scaling genotypes...done (2986ms) 
   -calc working matrices...done (1322ms) 
   -calc level 0 ridge...done (3783ms) 
 block [38] : 1000 snps  (1166ms) 
   -residualizing and scaling genotypes...done (3007ms) 
   -calc working matrices...done (1409ms) 
   -calc level 0 ridge...done (3684ms) 
 block [39] : 1000 snps  (860ms) 
   -residualizing and scaling genotypes...done (2951ms) 
   -calc working matrices...done (1366ms) 
   -calc level 0 ridge...done (3833ms) 
 block [40] : 1000 snps  (1415ms) 
   -residualizing and scaling genotypes...done (3355ms) 
   -calc working matrices...done (1466ms) 
   -calc level 0 ridge...done (3813ms) 
 block [41] : 1000 snps  (1224ms) 
   -residualizing and scaling genotypes...done (3038ms) 
   -calc working matrices...done (1344ms) 
   -calc level 0 ridge...done (3680ms) 
 block [42] : 1000 snps  (1073ms) 
   -residualizing and scaling genotypes...done (3024ms) 
   -calc working matrices...done (1816ms) 
   -calc level 0 ridge...done (3606ms) 
 block [43] : 87 snps  (79ms) 
   -residualizing and scaling genotypes...done (300ms) 
   -calc working matrices...done (94ms) 
   -calc level 0 ridge...done (406ms) 
Chromosome 3
 block [44] : 1000 snps  (1200ms) 
   -residualizing and scaling genotypes...done (3309ms) 
   -calc working matrices...done (1718ms) 
   -calc level 0 ridge...done (3721ms) 
 block [45] : 1000 snps  (1242ms) 
   -residualizing and scaling genotypes...done (3034ms) 
   -calc working matrices...done (1445ms) 
   -calc level 0 ridge...done (3576ms) 
 block [46] : 1000 snps  (1018ms) 
   -residualizing and scaling genotypes...done (2939ms) 
   -calc working matrices...done (1764ms) 
   -calc level 0 ridge...done (3752ms) 
 block [47] : 1000 snps  (1179ms) 
   -residualizing and scaling genotypes...done (2906ms) 
   -calc working matrices...done (1613ms) 
   -calc level 0 ridge...done (3663ms) 
 block [48] : 1000 snps  (1191ms) 
   -residualizing and scaling genotypes...done (2891ms) 
   -calc working matrices...done (1483ms) 
   -calc level 0 ridge...done (4029ms) 
 block [49] : 1000 snps  (1249ms) 
   -residualizing and scaling genotypes...done (2996ms) 
   -calc working matrices...done (1229ms) 
   -calc level 0 ridge...done (3861ms) 
 block [50] : 1000 snps  (1032ms) 
   -residualizing and scaling genotypes...done (2963ms) 
   -calc working matrices...done (1583ms) 
   -calc level 0 ridge...done (4167ms) 
 block [51] : 1000 snps  (1329ms) 
   -residualizing and scaling genotypes...done (3183ms) 
   -calc working matrices...done (1548ms) 
   -calc level 0 ridge...done (3693ms) 
 block [52] : 1000 snps  (877ms) 
   -residualizing and scaling genotypes...done (2880ms) 
   -calc working matrices...done (1528ms) 
   -calc level 0 ridge...done (4328ms) 
 block [53] : 1000 snps  (1238ms) 
   -residualizing and scaling genotypes...done (2877ms) 
   -calc working matrices...done (1832ms) 
   -calc level 0 ridge...done (3649ms) 
 block [54] : 1000 snps  (1129ms) 
   -residualizing and scaling genotypes...done (3573ms) 
   -calc working matrices...done (1631ms) 
   -calc level 0 ridge...done (3748ms) 
 block [55] : 1000 snps  (1265ms) 
   -residualizing and scaling genotypes...done (3381ms) 
   -calc working matrices...done (1631ms) 
   -calc level 0 ridge...done (3670ms) 
 block [56] : 1000 snps  (1300ms) 
   -residualizing and scaling genotypes...done (2855ms) 
   -calc working matrices...done (1535ms) 
   -calc level 0 ridge...done (3738ms) 
 block [57] : 1000 snps  (1158ms) 
   -residualizing and scaling genotypes...done (2862ms) 
   -calc working matrices...done (1585ms) 
   -calc level 0 ridge...done (4232ms) 
 block [58] : 1000 snps  (896ms) 
   -residualizing and scaling genotypes...done (3246ms) 
   -calc working matrices...done (1368ms) 
   -calc level 0 ridge...done (3700ms) 
 block [59] : 1000 snps  (1287ms) 
   -residualizing and scaling genotypes...done (3154ms) 
   -calc working matrices...done (1328ms) 
   -calc level 0 ridge...done (3767ms) 
 block [60] : 1000 snps  (970ms) 
   -residualizing and scaling genotypes...done (3596ms) 
   -calc working matrices...done (1529ms) 
   -calc level 0 ridge...done (4010ms) 
 block [61] : 258 snps  (253ms) 
   -residualizing and scaling genotypes...done (848ms) 
   -calc working matrices...done (204ms) 
   -calc level 0 ridge...done (925ms) 
Chromosome 4
 block [62] : 1000 snps  (1413ms) 
   -residualizing and scaling genotypes...done (3559ms) 
   -calc working matrices...done (1237ms) 
   -calc level 0 ridge...done (3794ms) 
 block [63] : 1000 snps  (817ms) 
   -residualizing and scaling genotypes...done (2949ms) 
   -calc working matrices...done (1510ms) 
   -calc level 0 ridge...done (3790ms) 
 block [64] : 1000 snps  (1305ms) 
   -residualizing and scaling genotypes...done (3117ms) 
   -calc working matrices...done (1484ms) 
   -calc level 0 ridge...done (3696ms) 
 block [65] : 1000 snps  (777ms) 
   -residualizing and scaling genotypes...done (3060ms) 
   -calc working matrices...done (1446ms) 
   -calc level 0 ridge...done (3552ms) 
 block [66] : 1000 snps  (1120ms) 
   -residualizing and scaling genotypes...done (3144ms) 
   -calc working matrices...done (1436ms) 
   -calc level 0 ridge...done (3648ms) 
 block [67] : 1000 snps  (1128ms) 
   -residualizing and scaling genotypes...done (2996ms) 
   -calc working matrices...done (1544ms) 
   -calc level 0 ridge...done (4062ms) 
 block [68] : 1000 snps  (1186ms) 
   -residualizing and scaling genotypes...done (3208ms) 
   -calc working matrices...done (1382ms) 
   -calc level 0 ridge...done (3881ms) 
 block [69] : 1000 snps  (908ms) 
   -residualizing and scaling genotypes...done (3138ms) 
   -calc working matrices...done (1200ms) 
   -calc level 0 ridge...done (3897ms) 
 block [70] : 1000 snps  (1312ms) 
   -residualizing and scaling genotypes...done (2924ms) 
   -calc working matrices...done (1634ms) 
   -calc level 0 ridge...done (3618ms) 
 block [71] : 1000 snps  (930ms) 
   -residualizing and scaling genotypes...done (2940ms) 
   -calc working matrices...done (1315ms) 
   -calc level 0 ridge...done (3594ms) 
 block [72] : 1000 snps  (1229ms) 
   -residualizing and scaling genotypes...done (3225ms) 
   -calc working matrices...done (1392ms) 
   -calc level 0 ridge...done (3985ms) 
 block [73] : 1000 snps  (1250ms) 
   -residualizing and scaling genotypes...done (2936ms) 
   -calc working matrices...done (1473ms) 
   -calc level 0 ridge...done (3874ms) 
 block [74] : 1000 snps  (1154ms) 
   -residualizing and scaling genotypes...done (2925ms) 
   -calc working matrices...done (1534ms) 
   -calc level 0 ridge...done (3613ms) 
 block [75] : 1000 snps  (1259ms) 
   -residualizing and scaling genotypes...done (3035ms) 
   -calc working matrices...done (1316ms) 
   -calc level 0 ridge...done (3624ms) 
 block [76] : 1000 snps  (1057ms) 
   -residualizing and scaling genotypes...done (3132ms) 
   -calc working matrices...done (1446ms) 
   -calc level 0 ridge...done (4008ms) 
 block [77] : 1000 snps  (762ms) 
   -residualizing and scaling genotypes...done (3000ms) 
   -calc working matrices...done (1595ms) 
   -calc level 0 ridge...done (3514ms) 
 block [78] : 392 snps  (524ms) 
   -residualizing and scaling genotypes...done (1187ms) 
   -calc working matrices...done (578ms) 
   -calc level 0 ridge...done (1294ms) 
Chromosome 5
 block [79] : 1000 snps  (1482ms) 
   -residualizing and scaling genotypes...done (2895ms) 
   -calc working matrices...done (1386ms) 
   -calc level 0 ridge...done (3677ms) 
 block [80] : 1000 snps  (950ms) 
   -residualizing and scaling genotypes...done (3548ms) 
   -calc working matrices...done (2011ms) 
   -calc level 0 ridge...done (3680ms) 
 block [81] : 1000 snps  (1135ms) 
   -residualizing and scaling genotypes...done (2809ms) 
   -calc working matrices...done (1515ms) 
   -calc level 0 ridge...done (3559ms) 
 block [82] : 1000 snps  (1421ms) 
   -residualizing and scaling genotypes...done (3197ms) 
   -calc working matrices...done (1467ms) 
   -calc level 0 ridge...done (3650ms) 
 block [83] : 1000 snps  (1235ms) 
   -residualizing and scaling genotypes...done (3421ms) 
   -calc working matrices...done (1463ms) 
   -calc level 0 ridge...done (3649ms) 
 block [84] : 1000 snps  (1365ms) 
   -residualizing and scaling genotypes...done (2818ms) 
   -calc working matrices...done (1508ms) 
   -calc level 0 ridge...done (3618ms) 
 block [85] : 1000 snps  (1557ms) 
   -residualizing and scaling genotypes...done (3303ms) 
   -calc working matrices...done (1536ms) 
   -calc level 0 ridge...done (3631ms) 
 block [86] : 1000 snps  (966ms) 
   -residualizing and scaling genotypes...done (2814ms) 
   -calc working matrices...done (1738ms) 
   -calc level 0 ridge...done (3687ms) 
 block [87] : 1000 snps  (1185ms) 
   -residualizing and scaling genotypes...done (2816ms) 
   -calc working matrices...done (1705ms) 
   -calc level 0 ridge...done (3734ms) 
 block [88] : 1000 snps  (1310ms) 
   -residualizing and scaling genotypes...done (2769ms) 
   -calc working matrices...done (1405ms) 
   -calc level 0 ridge...done (3991ms) 
 block [89] : 1000 snps  (1417ms) 
   -residualizing and scaling genotypes...done (3233ms) 
   -calc working matrices...done (1779ms) 
   -calc level 0 ridge...done (3682ms) 
 block [90] : 1000 snps  (1401ms) 
   -residualizing and scaling genotypes...done (2808ms) 
   -calc working matrices...done (1592ms) 
   -calc level 0 ridge...done (3649ms) 
 block [91] : 1000 snps  (1452ms) 
   -residualizing and scaling genotypes...done (2858ms) 
   -calc working matrices...done (1502ms) 
   -calc level 0 ridge...done (3683ms) 
 block [92] : 1000 snps  (1258ms) 
   -residualizing and scaling genotypes...done (2873ms) 
   -calc working matrices...done (1281ms) 
   -calc level 0 ridge...done (3992ms) 
 block [93] : 1000 snps  (979ms) 
   -residualizing and scaling genotypes...done (3231ms) 
   -calc working matrices...done (1320ms) 
   -calc level 0 ridge...done (3665ms) 
 block [94] : 525 snps  (459ms) 
   -residualizing and scaling genotypes...done (1592ms) 
   -calc working matrices...done (585ms) 
   -calc level 0 ridge...done (1814ms) 
Chromosome 6
 block [95] : 1000 snps  (1432ms) 
   -residualizing and scaling genotypes...done (2850ms) 
   -calc working matrices...done (1500ms) 
   -calc level 0 ridge...done (3685ms) 
 block [96] : 1000 snps  (918ms) 
   -residualizing and scaling genotypes...done (2856ms) 
   -calc working matrices...done (1229ms) 
   -calc level 0 ridge...done (3634ms) 
 block [97] : 1000 snps  (1380ms) 
   -residualizing and scaling genotypes...done (3384ms) 
   -calc working matrices...done (1687ms) 
   -calc level 0 ridge...done (3587ms) 
 block [98] : 1000 snps  (872ms) 
   -residualizing and scaling genotypes...done (2908ms) 
   -calc working matrices...done (1627ms) 
   -calc level 0 ridge...done (4137ms) 
 block [99] : 1000 snps  (1252ms) 
   -residualizing and scaling genotypes...done (3524ms) 
   -calc working matrices...done (1501ms) 
   -calc level 0 ridge...done (3944ms) 
 block [100] : 1000 snps  (1037ms) 
   -residualizing and scaling genotypes...done (2882ms) 
   -calc working matrices...done (1280ms) 
   -calc level 0 ridge...done (3601ms) 
 block [101] : 1000 snps  (1412ms) 
   -residualizing and scaling genotypes...done (3011ms) 
   -calc working matrices...done (1450ms) 
   -calc level 0 ridge...done (3595ms) 
 block [102] : 1000 snps  (1195ms) 
   -residualizing and scaling genotypes...done (2816ms) 
   -calc working matrices...done (1683ms) 
   -calc level 0 ridge...done (3538ms) 
 block [103] : 1000 snps  (1382ms) 
   -residualizing and scaling genotypes...done (2888ms) 
   -calc working matrices...done (1314ms) 
   -calc level 0 ridge...done (3785ms) 
 block [104] : 1000 snps  (988ms) 
   -residualizing and scaling genotypes...done (3295ms) 
   -calc working matrices...done (1557ms) 
   -calc level 0 ridge...done (3931ms) 
 block [105] : 1000 snps  (1115ms) 
   -residualizing and scaling genotypes...done (3146ms) 
   -calc working matrices...done (1356ms) 
   -calc level 0 ridge...done (3591ms) 
 block [106] : 1000 snps  (1090ms) 
   -residualizing and scaling genotypes...done (2869ms) 
   -calc working matrices...done (1614ms) 
   -calc level 0 ridge...done (3672ms) 
 block [107] : 1000 snps  (1153ms) 
   -residualizing and scaling genotypes...done (3137ms) 
   -calc working matrices...done (1376ms) 
   -calc level 0 ridge...done (3541ms) 
 block [108] : 1000 snps  (1400ms) 
   -residualizing and scaling genotypes...done (2863ms) 
   -calc working matrices...done (1641ms) 
   -calc level 0 ridge...done (3561ms) 
 block [109] : 364 snps  (394ms) 
   -residualizing and scaling genotypes...done (1031ms) 
   -calc working matrices...done (461ms) 
   -calc level 0 ridge...done (1260ms) 
Chromosome 7
 block [110] : 1000 snps  (1476ms) 
   -residualizing and scaling genotypes...done (2798ms) 
   -calc working matrices...done (1479ms) 
   -calc level 0 ridge...done (3824ms) 
 block [111] : 1000 snps  (1014ms) 
   -residualizing and scaling genotypes...done (3335ms) 
   -calc working matrices...done (1764ms) 
   -calc level 0 ridge...done (3901ms) 
 block [112] : 1000 snps  (1202ms) 
   -residualizing and scaling genotypes...done (3033ms) 
   -calc working matrices...done (1687ms) 
   -calc level 0 ridge...done (3887ms) 
 block [113] : 1000 snps  (1168ms) 
   -residualizing and scaling genotypes...done (2969ms) 
   -calc working matrices...done (1713ms) 
   -calc level 0 ridge...done (4042ms) 
 block [114] : 1000 snps  (1271ms) 
   -residualizing and scaling genotypes...done (2968ms) 
   -calc working matrices...done (1333ms) 
   -calc level 0 ridge...done (3646ms) 
 block [115] : 1000 snps  (821ms) 
   -residualizing and scaling genotypes...done (2883ms) 
   -calc working matrices...done (898ms) 
   -calc level 0 ridge...done (3679ms) 
 block [116] : 1000 snps  (1360ms) 
   -residualizing and scaling genotypes...done (3020ms) 
   -calc working matrices...done (1304ms) 
   -calc level 0 ridge...done (3664ms) 
 block [117] : 1000 snps  (984ms) 
   -residualizing and scaling genotypes...done (2859ms) 
   -calc working matrices...done (1457ms) 
   -calc level 0 ridge...done (3664ms) 
 block [118] : 1000 snps  (1196ms) 
   -residualizing and scaling genotypes...done (3149ms) 
   -calc working matrices...done (1610ms) 
   -calc level 0 ridge...done (3744ms) 
 block [119] : 1000 snps  (1035ms) 
   -residualizing and scaling genotypes...done (3303ms) 
   -calc working matrices...done (1421ms) 
   -calc level 0 ridge...done (3631ms) 
 block [120] : 1000 snps  (1218ms) 
   -residualizing and scaling genotypes...done (2899ms) 
   -calc working matrices...done (1630ms) 
   -calc level 0 ridge...done (3644ms) 
 block [121] : 1000 snps  (916ms) 
   -residualizing and scaling genotypes...done (2812ms) 
   -calc working matrices...done (1515ms) 
   -calc level 0 ridge...done (3671ms) 
 block [122] : 1000 snps  (1202ms) 
   -residualizing and scaling genotypes...done (3274ms) 
   -calc working matrices...done (1601ms) 
   -calc level 0 ridge...done (3681ms) 
 block [123] : 1000 snps  (1216ms) 
   -residualizing and scaling genotypes...done (2804ms) 
   -calc working matrices...done (1393ms) 
   -calc level 0 ridge...done (3643ms) 
 block [124] : 203 snps  (217ms) 
   -residualizing and scaling genotypes...done (724ms) 
   -calc working matrices...done (190ms) 
   -calc level 0 ridge...done (688ms) 
Chromosome 8
 block [125] : 1000 snps  (1558ms) 
   -residualizing and scaling genotypes...done (2821ms) 
   -calc working matrices...done (1399ms) 
   -calc level 0 ridge...done (3708ms) 
 block [126] : 1000 snps  (997ms) 
   -residualizing and scaling genotypes...done (3253ms) 
   -calc working matrices...done (1697ms) 
   -calc level 0 ridge...done (3758ms) 
 block [127] : 1000 snps  (1238ms) 
   -residualizing and scaling genotypes...done (2853ms) 
   -calc working matrices...done (1559ms) 
   -calc level 0 ridge...done (3756ms) 
 block [128] : 1000 snps  (1367ms) 
   -residualizing and scaling genotypes...done (2936ms) 
   -calc working matrices...done (1799ms) 
   -calc level 0 ridge...done (3672ms) 
 block [129] : 1000 snps  (1382ms) 
   -residualizing and scaling genotypes...done (2862ms) 
   -calc working matrices...done (1414ms) 
   -calc level 0 ridge...done (3624ms) 
 block [130] : 1000 snps  (1198ms) 
   -residualizing and scaling genotypes...done (3143ms) 
   -calc working matrices...done (1423ms) 
   -calc level 0 ridge...done (3742ms) 
 block [131] : 1000 snps  (1000ms) 
   -residualizing and scaling genotypes...done (2887ms) 
   -calc working matrices...done (1680ms) 
   -calc level 0 ridge...done (3972ms) 
 block [132] : 1000 snps  (955ms) 
   -residualizing and scaling genotypes...done (3601ms) 
   -calc working matrices...done (1894ms) 
   -calc level 0 ridge...done (3626ms) 
 block [133] : 1000 snps  (1372ms) 
   -residualizing and scaling genotypes...done (3345ms) 
   -calc working matrices...done (1264ms) 
   -calc level 0 ridge...done (3868ms) 
 block [134] : 1000 snps  (1192ms) 
   -residualizing and scaling genotypes...done (3436ms) 
   -calc working matrices...done (1675ms) 
   -calc level 0 ridge...done (3690ms) 
 block [135] : 1000 snps  (1134ms) 
   -residualizing and scaling genotypes...done (3445ms) 
   -calc working matrices...done (1454ms) 
   -calc level 0 ridge...done (3622ms) 
 block [136] : 1000 snps  (1055ms) 
   -residualizing and scaling genotypes...done (3065ms) 
   -calc working matrices...done (1566ms) 
   -calc level 0 ridge...done (3672ms) 
 block [137] : 575 snps  (780ms) 
   -residualizing and scaling genotypes...done (1705ms) 
   -calc working matrices...done (728ms) 
   -calc level 0 ridge...done (1995ms) 
Chromosome 9
 block [138] : 1000 snps  (1260ms) 
   -residualizing and scaling genotypes...done (2908ms) 
   -calc working matrices...done (1525ms) 
   -calc level 0 ridge...done (4044ms) 
 block [139] : 1000 snps  (1020ms) 
   -residualizing and scaling genotypes...done (3221ms) 
   -calc working matrices...done (1860ms) 
   -calc level 0 ridge...done (3585ms) 
 block [140] : 1000 snps  (1200ms) 
   -residualizing and scaling genotypes...done (2900ms) 
   -calc working matrices...done (1379ms) 
   -calc level 0 ridge...done (3728ms) 
 block [141] : 1000 snps  (1433ms) 
   -residualizing and scaling genotypes...done (3257ms) 
   -calc working matrices...done (1467ms) 
   -calc level 0 ridge...done (3763ms) 
 block [142] : 1000 snps  (1166ms) 
   -residualizing and scaling genotypes...done (3299ms) 
   -calc working matrices...done (1565ms) 
   -calc level 0 ridge...done (3561ms) 
 block [143] : 1000 snps  (1338ms) 
   -residualizing and scaling genotypes...done (2974ms) 
   -calc working matrices...done (1422ms) 
   -calc level 0 ridge...done (3631ms) 
 block [144] : 1000 snps  (1191ms) 
   -residualizing and scaling genotypes...done (2898ms) 
   -calc working matrices...done (1599ms) 
   -calc level 0 ridge...done (3618ms) 
 block [145] : 1000 snps  (1345ms) 
   -residualizing and scaling genotypes...done (2939ms) 
   -calc working matrices...done (1373ms) 
   -calc level 0 ridge...done (3557ms) 
 block [146] : 1000 snps  (878ms) 
   -residualizing and scaling genotypes...done (2916ms) 
   -calc working matrices...done (1671ms) 
   -calc level 0 ridge...done (4167ms) 
 block [147] : 1000 snps  (1219ms) 
   -residualizing and scaling genotypes...done (2913ms) 
   -calc working matrices...done (1672ms) 
   -calc level 0 ridge...done (3531ms) 
 block [148] : 1000 snps  (1313ms) 
   -residualizing and scaling genotypes...done (2937ms) 
   -calc working matrices...done (1737ms) 
   -calc level 0 ridge...done (4177ms) 
 block [149] : 1000 snps  (1045ms) 
   -residualizing and scaling genotypes...done (3351ms) 
   -calc working matrices...done (1409ms) 
   -calc level 0 ridge...done (3549ms) 
 block [150] : 120 snps  (138ms) 
   -residualizing and scaling genotypes...done (383ms) 
   -calc working matrices...done (139ms) 
   -calc level 0 ridge...done (460ms) 
Chromosome 10
 block [151] : 1000 snps  (1537ms) 
   -residualizing and scaling genotypes...done (3354ms) 
   -calc working matrices...done (1500ms) 
   -calc level 0 ridge...done (3655ms) 
 block [152] : 1000 snps  (965ms) 
   -residualizing and scaling genotypes...done (3213ms) 
   -calc working matrices...done (1611ms) 
   -calc level 0 ridge...done (3924ms) 
 block [153] : 1000 snps  (1360ms) 
   -residualizing and scaling genotypes...done (3025ms) 
   -calc working matrices...done (1521ms) 
   -calc level 0 ridge...done (4202ms) 
 block [154] : 1000 snps  (1351ms) 
   -residualizing and scaling genotypes...done (3047ms) 
   -calc working matrices...done (1426ms) 
   -calc level 0 ridge...done (4139ms) 
 block [155] : 1000 snps  (1303ms) 
   -residualizing and scaling genotypes...done (2925ms) 
   -calc working matrices...done (1653ms) 
   -calc level 0 ridge...done (3662ms) 
 block [156] : 1000 snps  (869ms) 
   -residualizing and scaling genotypes...done (2977ms) 
   -calc working matrices...done (1615ms) 
   -calc level 0 ridge...done (3734ms) 
 block [157] : 1000 snps  (1204ms) 
   -residualizing and scaling genotypes...done (2983ms) 
   -calc working matrices...done (1830ms) 
   -calc level 0 ridge...done (3674ms) 
 block [158] : 1000 snps  (1303ms) 
   -residualizing and scaling genotypes...done (3095ms) 
   -calc working matrices...done (2190ms) 
   -calc level 0 ridge...done (3702ms) 
 block [159] : 1000 snps  (1342ms) 
   -residualizing and scaling genotypes...done (2910ms) 
   -calc working matrices...done (1805ms) 
   -calc level 0 ridge...done (3724ms) 
 block [160] : 1000 snps  (1322ms) 
   -residualizing and scaling genotypes...done (3095ms) 
   -calc working matrices...done (1548ms) 
   -calc level 0 ridge...done (3713ms) 
 block [161] : 1000 snps  (1353ms) 
   -residualizing and scaling genotypes...done (3030ms) 
   -calc working matrices...done (1521ms) 
   -calc level 0 ridge...done (3973ms) 
 block [162] : 1000 snps  (1316ms) 
   -residualizing and scaling genotypes...done (3072ms) 
   -calc working matrices...done (1667ms) 
   -calc level 0 ridge...done (3658ms) 
 block [163] : 1000 snps  (889ms) 
   -residualizing and scaling genotypes...done (3062ms) 
   -calc working matrices...done (1306ms) 
   -calc level 0 ridge...done (3724ms) 
 block [164] : 36 snps  (48ms) 
   -residualizing and scaling genotypes...done (130ms) 
   -calc working matrices...done (6ms) 
   -calc level 0 ridge...done (193ms) 
Chromosome 11
 block [165] : 1000 snps  (1539ms) 
   -residualizing and scaling genotypes...done (3358ms) 
   -calc working matrices...done (1962ms) 
   -calc level 0 ridge...done (3781ms) 
 block [166] : 1000 snps  (1269ms) 
   -residualizing and scaling genotypes...done (3162ms) 
   -calc working matrices...done (1573ms) 
   -calc level 0 ridge...done (3675ms) 
 block [167] : 1000 snps  (828ms) 
   -residualizing and scaling genotypes...done (2894ms) 
   -calc working matrices...done (1749ms) 
   -calc level 0 ridge...done (3735ms) 
 block [168] : 1000 snps  (1015ms) 
   -residualizing and scaling genotypes...done (2970ms) 
   -calc working matrices...done (1613ms) 
   -calc level 0 ridge...done (3907ms) 
 block [169] : 1000 snps  (1173ms) 
   -residualizing and scaling genotypes...done (2871ms) 
   -calc working matrices...done (1616ms) 
   -calc level 0 ridge...done (3773ms) 
 block [170] : 1000 snps  (1130ms) 
   -residualizing and scaling genotypes...done (2926ms) 
   -calc working matrices...done (1374ms) 
   -calc level 0 ridge...done (3738ms) 
 block [171] : 1000 snps  (1366ms) 
   -residualizing and scaling genotypes...done (2989ms) 
   -calc working matrices...done (1661ms) 
   -calc level 0 ridge...done (4042ms) 
 block [172] : 1000 snps  (1247ms) 
   -residualizing and scaling genotypes...done (3208ms) 
   -calc working matrices...done (1398ms) 
   -calc level 0 ridge...done (3658ms) 
 block [173] : 1000 snps  (1302ms) 
   -residualizing and scaling genotypes...done (2898ms) 
   -calc working matrices...done (1516ms) 
   -calc level 0 ridge...done (3820ms) 
 block [174] : 1000 snps  (996ms) 
   -residualizing and scaling genotypes...done (3306ms) 
   -calc working matrices...done (1401ms) 
   -calc level 0 ridge...done (3734ms) 
 block [175] : 1000 snps  (1214ms) 
   -residualizing and scaling genotypes...done (3149ms) 
   -calc working matrices...done (1792ms) 
   -calc level 0 ridge...done (3666ms) 
 block [176] : 1000 snps  (1115ms) 
   -residualizing and scaling genotypes...done (3101ms) 
   -calc working matrices...done (1661ms) 
   -calc level 0 ridge...done (3980ms) 
 block [177] : 707 snps  (700ms) 
   -residualizing and scaling genotypes...done (1976ms) 
   -calc working matrices...done (1271ms) 
   -calc level 0 ridge...done (2539ms) 
Chromosome 12
 block [178] : 1000 snps  (1426ms) 
   -residualizing and scaling genotypes...done (2846ms) 
   -calc working matrices...done (1477ms) 
   -calc level 0 ridge...done (3712ms) 
 block [179] : 1000 snps  (1329ms) 
   -residualizing and scaling genotypes...done (3300ms) 
   -calc working matrices...done (1257ms) 
   -calc level 0 ridge...done (3865ms) 
 block [180] : 1000 snps  (1295ms) 
   -residualizing and scaling genotypes...done (2867ms) 
   -calc working matrices...done (1488ms) 
   -calc level 0 ridge...done (3705ms) 
 block [181] : 1000 snps  (1291ms) 
   -residualizing and scaling genotypes...done (3029ms) 
   -calc working matrices...done (1736ms) 
   -calc level 0 ridge...done (3628ms) 
 block [182] : 1000 snps  (1111ms) 
   -residualizing and scaling genotypes...done (3024ms) 
   -calc working matrices...done (1760ms) 
   -calc level 0 ridge...done (3635ms) 
 block [183] : 1000 snps  (1396ms) 
   -residualizing and scaling genotypes...done (3132ms) 
   -calc working matrices...done (1220ms) 
   -calc level 0 ridge...done (3792ms) 
 block [184] : 1000 snps  (791ms) 
   -residualizing and scaling genotypes...done (3044ms) 
   -calc working matrices...done (1354ms) 
   -calc level 0 ridge...done (3792ms) 
 block [185] : 1000 snps  (1205ms) 
   -residualizing and scaling genotypes...done (2994ms) 
   -calc working matrices...done (1363ms) 
   -calc level 0 ridge...done (3731ms) 
 block [186] : 1000 snps  (972ms) 
   -residualizing and scaling genotypes...done (3080ms) 
   -calc working matrices...done (1347ms) 
   -calc level 0 ridge...done (3833ms) 
 block [187] : 1000 snps  (1266ms) 
   -residualizing and scaling genotypes...done (3418ms) 
   -calc working matrices...done (1750ms) 
   -calc level 0 ridge...done (3636ms) 
 block [188] : 1000 snps  (1298ms) 
   -residualizing and scaling genotypes...done (2959ms) 
   -calc working matrices...done (1574ms) 
   -calc level 0 ridge...done (3764ms) 
 block [189] : 1000 snps  (1245ms) 
   -residualizing and scaling genotypes...done (3076ms) 
   -calc working matrices...done (1459ms) 
   -calc level 0 ridge...done (4010ms) 
 block [190] : 569 snps  (584ms) 
   -residualizing and scaling genotypes...done (1672ms) 
   -calc working matrices...done (938ms) 
   -calc level 0 ridge...done (2017ms) 
Chromosome 13
 block [191] : 1000 snps  (1286ms) 
   -residualizing and scaling genotypes...done (2836ms) 
   -calc working matrices...done (1689ms) 
   -calc level 0 ridge...done (3933ms) 
 block [192] : 1000 snps  (1290ms) 
   -residualizing and scaling genotypes...done (3317ms) 
   -calc working matrices...done (1551ms) 
   -calc level 0 ridge...done (3553ms) 
 block [193] : 1000 snps  (1125ms) 
   -residualizing and scaling genotypes...done (2847ms) 
   -calc working matrices...done (1334ms) 
   -calc level 0 ridge...done (3491ms) 
 block [194] : 1000 snps  (1523ms) 
   -residualizing and scaling genotypes...done (2853ms) 
   -calc working matrices...done (1378ms) 
   -calc level 0 ridge...done (3575ms) 
 block [195] : 1000 snps  (1352ms) 
   -residualizing and scaling genotypes...done (3208ms) 
   -calc working matrices...done (1453ms) 
   -calc level 0 ridge...done (3593ms) 
 block [196] : 1000 snps  (1316ms) 
   -residualizing and scaling genotypes...done (2864ms) 
   -calc working matrices...done (1498ms) 
   -calc level 0 ridge...done (3719ms) 
 block [197] : 1000 snps  (1364ms) 
   -residualizing and scaling genotypes...done (3220ms) 
   -calc working matrices...done (1422ms) 
   -calc level 0 ridge...done (3628ms) 
 block [198] : 1000 snps  (970ms) 
   -residualizing and scaling genotypes...done (3263ms) 
   -calc working matrices...done (2094ms) 
   -calc level 0 ridge...done (3530ms) 
 block [199] : 1000 snps  (1229ms) 
   -residualizing and scaling genotypes...done (3202ms) 
   -calc working matrices...done (1575ms) 
   -calc level 0 ridge...done (3615ms) 
 block [200] : 303 snps  (338ms) 
   -residualizing and scaling genotypes...done (1023ms) 
   -calc working matrices...done (256ms) 
   -calc level 0 ridge...done (1050ms) 
Chromosome 14
 block [201] : 1000 snps  (1523ms) 
   -residualizing and scaling genotypes...done (3301ms) 
   -calc working matrices...done (1839ms) 
   -calc level 0 ridge...done (3553ms) 
 block [202] : 1000 snps  (910ms) 
   -residualizing and scaling genotypes...done (2879ms) 
   -calc working matrices...done (1455ms) 
   -calc level 0 ridge...done (3629ms) 
 block [203] : 1000 snps  (1049ms) 
   -residualizing and scaling genotypes...done (3208ms) 
   -calc working matrices...done (1631ms) 
   -calc level 0 ridge...done (3474ms) 
 block [204] : 1000 snps  (984ms) 
   -residualizing and scaling genotypes...done (2942ms) 
   -calc working matrices...done (1304ms) 
   -calc level 0 ridge...done (3464ms) 
 block [205] : 1000 snps  (1057ms) 
   -residualizing and scaling genotypes...done (3054ms) 
   -calc working matrices...done (1402ms) 
   -calc level 0 ridge...done (3544ms) 
 block [206] : 1000 snps  (1330ms) 
   -residualizing and scaling genotypes...done (3151ms) 
   -calc working matrices...done (1463ms) 
   -calc level 0 ridge...done (3561ms) 
 block [207] : 1000 snps  (959ms) 
   -residualizing and scaling genotypes...done (2837ms) 
   -calc working matrices...done (1440ms) 
   -calc level 0 ridge...done (3449ms) 
 block [208] : 1000 snps  (1331ms) 
   -residualizing and scaling genotypes...done (3214ms) 
   -calc working matrices...done (1743ms) 
   -calc level 0 ridge...done (3656ms) 
 block [209] : 848 snps  (828ms) 
   -residualizing and scaling genotypes...done (3100ms) 
   -calc working matrices...done (1451ms) 
   -calc level 0 ridge...done (2964ms) 
Chromosome 15
 block [210] : 1000 snps  (1342ms) 
   -residualizing and scaling genotypes...done (2846ms) 
   -calc working matrices...done (1462ms) 
   -calc level 0 ridge...done (3635ms) 
 block [211] : 1000 snps  (1258ms) 
   -residualizing and scaling genotypes...done (2841ms) 
   -calc working matrices...done (1734ms) 
   -calc level 0 ridge...done (3512ms) 
 block [212] : 1000 snps  (1406ms) 
   -residualizing and scaling genotypes...done (3099ms) 
   -calc working matrices...done (1183ms) 
   -calc level 0 ridge...done (3515ms) 
 block [213] : 1000 snps  (858ms) 
   -residualizing and scaling genotypes...done (3114ms) 
   -calc working matrices...done (1554ms) 
   -calc level 0 ridge...done (3695ms) 
 block [214] : 1000 snps  (1394ms) 
   -residualizing and scaling genotypes...done (3167ms) 
   -calc working matrices...done (1274ms) 
   -calc level 0 ridge...done (3534ms) 
 block [215] : 1000 snps  (1104ms) 
   -residualizing and scaling genotypes...done (3061ms) 
   -calc working matrices...done (1163ms) 
   -calc level 0 ridge...done (3781ms) 
 block [216] : 1000 snps  (1069ms) 
   -residualizing and scaling genotypes...done (2895ms) 
   -calc working matrices...done (1575ms) 
   -calc level 0 ridge...done (3604ms) 
 block [217] : 1000 snps  (892ms) 
   -residualizing and scaling genotypes...done (3266ms) 
   -calc working matrices...done (1354ms) 
   -calc level 0 ridge...done (3543ms) 
 block [218] : 514 snps  (493ms) 
   -residualizing and scaling genotypes...done (1447ms) 
   -calc working matrices...done (788ms) 
   -calc level 0 ridge...done (1829ms) 
Chromosome 16
 block [219] : 1000 snps  (1650ms) 
   -residualizing and scaling genotypes...done (3424ms) 
   -calc working matrices...done (1871ms) 
   -calc level 0 ridge...done (3635ms) 
 block [220] : 1000 snps  (960ms) 
   -residualizing and scaling genotypes...done (3204ms) 
   -calc working matrices...done (1424ms) 
   -calc level 0 ridge...done (3641ms) 
 block [221] : 1000 snps  (1174ms) 
   -residualizing and scaling genotypes...done (2825ms) 
   -calc working matrices...done (2092ms) 
   -calc level 0 ridge...done (3586ms) 
 block [222] : 1000 snps  (1215ms) 
   -residualizing and scaling genotypes...done (2859ms) 
   -calc working matrices...done (1283ms) 
   -calc level 0 ridge...done (3904ms) 
 block [223] : 1000 snps  (1356ms) 
   -residualizing and scaling genotypes...done (3235ms) 
   -calc working matrices...done (1678ms) 
   -calc level 0 ridge...done (3630ms) 
 block [224] : 1000 snps  (1276ms) 
   -residualizing and scaling genotypes...done (2979ms) 
   -calc working matrices...done (1563ms) 
   -calc level 0 ridge...done (3763ms) 
 block [225] : 1000 snps  (818ms) 
   -residualizing and scaling genotypes...done (3077ms) 
   -calc working matrices...done (1722ms) 
   -calc level 0 ridge...done (3607ms) 
 block [226] : 1000 snps  (1133ms) 
   -residualizing and scaling genotypes...done (3105ms) 
   -calc working matrices...done (1444ms) 
   -calc level 0 ridge...done (3609ms) 
 block [227] : 1000 snps  (1267ms) 
   -residualizing and scaling genotypes...done (2987ms) 
   -calc working matrices...done (1509ms) 
   -calc level 0 ridge...done (4063ms) 
 block [228] : 755 snps  (735ms) 
   -residualizing and scaling genotypes...done (2261ms) 
   -calc working matrices...done (1124ms) 
   -calc level 0 ridge...done (2736ms) 
Chromosome 17
 block [229] : 1000 snps  (1360ms) 
   -residualizing and scaling genotypes...done (2839ms) 
   -calc working matrices...done (1437ms) 
   -calc level 0 ridge...done (3674ms) 
 block [230] : 1000 snps  (1246ms) 
   -residualizing and scaling genotypes...done (3315ms) 
   -calc working matrices...done (1511ms) 
   -calc level 0 ridge...done (3502ms) 
 block [231] : 1000 snps  (914ms) 
   -residualizing and scaling genotypes...done (2976ms) 
   -calc working matrices...done (1763ms) 
   -calc level 0 ridge...done (3595ms) 
 block [232] : 1000 snps  (1196ms) 
   -residualizing and scaling genotypes...done (2912ms) 
   -calc working matrices...done (1784ms) 
   -calc level 0 ridge...done (3842ms) 
 block [233] : 1000 snps  (1253ms) 
   -residualizing and scaling genotypes...done (3165ms) 
   -calc working matrices...done (1696ms) 
   -calc level 0 ridge...done (3534ms) 
 block [234] : 1000 snps  (957ms) 
   -residualizing and scaling genotypes...done (2918ms) 
   -calc working matrices...done (1468ms) 
   -calc level 0 ridge...done (3502ms) 
 block [235] : 1000 snps  (1142ms) 
   -residualizing and scaling genotypes...done (2875ms) 
   -calc working matrices...done (1660ms) 
   -calc level 0 ridge...done (3899ms) 
 block [236] : 1000 snps  (1520ms) 
   -residualizing and scaling genotypes...done (2811ms) 
   -calc working matrices...done (1928ms) 
   -calc level 0 ridge...done (3604ms) 
 block [237] : 1000 snps  (932ms) 
   -residualizing and scaling genotypes...done (2832ms) 
   -calc working matrices...done (1118ms) 
   -calc level 0 ridge...done (3837ms) 
 block [238] : 288 snps  (315ms) 
   -residualizing and scaling genotypes...done (1453ms) 
   -calc working matrices...done (217ms) 
   -calc level 0 ridge...done (949ms) 
Chromosome 18
 block [239] : 1000 snps  (1589ms) 
   -residualizing and scaling genotypes...done (3220ms) 
   -calc working matrices...done (1500ms) 
   -calc level 0 ridge...done (3815ms) 
 block [240] : 1000 snps  (998ms) 
   -residualizing and scaling genotypes...done (3374ms) 
   -calc working matrices...done (1297ms) 
   -calc level 0 ridge...done (3684ms) 
 block [241] : 1000 snps  (844ms) 
   -residualizing and scaling genotypes...done (3084ms) 
   -calc working matrices...done (1576ms) 
   -calc level 0 ridge...done (3613ms) 
 block [242] : 1000 snps  (1295ms) 
   -residualizing and scaling genotypes...done (2973ms) 
   -calc working matrices...done (1567ms) 
   -calc level 0 ridge...done (3686ms) 
 block [243] : 1000 snps  (1333ms) 
   -residualizing and scaling genotypes...done (2966ms) 
   -calc working matrices...done (1164ms) 
   -calc level 0 ridge...done (3754ms) 
 block [244] : 1000 snps  (1252ms) 
   -residualizing and scaling genotypes...done (2971ms) 
   -calc working matrices...done (1557ms) 
   -calc level 0 ridge...done (3662ms) 
 block [245] : 1000 snps  (1078ms) 
   -residualizing and scaling genotypes...done (3019ms) 
   -calc working matrices...done (1495ms) 
   -calc level 0 ridge...done (4046ms) 
 block [246] : 1000 snps  (1042ms) 
   -residualizing and scaling genotypes...done (3031ms) 
   -calc working matrices...done (1426ms) 
   -calc level 0 ridge...done (3610ms) 
 block [247] : 289 snps  (276ms) 
   -residualizing and scaling genotypes...done (902ms) 
   -calc working matrices...done (223ms) 
   -calc level 0 ridge...done (1086ms) 
Chromosome 19
 block [248] : 1000 snps  (1517ms) 
   -residualizing and scaling genotypes...done (3386ms) 
   -calc working matrices...done (1401ms) 
   -calc level 0 ridge...done (3669ms) 
 block [249] : 1000 snps  (982ms) 
   -residualizing and scaling genotypes...done (3256ms) 
   -calc working matrices...done (1360ms) 
   -calc level 0 ridge...done (3662ms) 
 block [250] : 1000 snps  (1287ms) 
   -residualizing and scaling genotypes...done (3298ms) 
   -calc working matrices...done (1777ms) 
   -calc level 0 ridge...done (3576ms) 
 block [251] : 1000 snps  (1194ms) 
   -residualizing and scaling genotypes...done (3200ms) 
   -calc working matrices...done (1511ms) 
   -calc level 0 ridge...done (4022ms) 
 block [252] : 1000 snps  (774ms) 
   -residualizing and scaling genotypes...done (3229ms) 
   -calc working matrices...done (1532ms) 
   -calc level 0 ridge...done (3689ms) 
 block [253] : 1000 snps  (1091ms) 
   -residualizing and scaling genotypes...done (3055ms) 
   -calc working matrices...done (1526ms) 
   -calc level 0 ridge...done (3544ms) 
 block [254] : 1000 snps  (1134ms) 
   -residualizing and scaling genotypes...done (3142ms) 
   -calc working matrices...done (1272ms) 
   -calc level 0 ridge...done (3677ms) 
 block [255] : 551 snps  (601ms) 
   -residualizing and scaling genotypes...done (1586ms) 
   -calc working matrices...done (827ms) 
   -calc level 0 ridge...done (1976ms) 
Chromosome 20
 block [256] : 1000 snps  (1591ms) 
   -residualizing and scaling genotypes...done (2866ms) 
   -calc working matrices...done (1527ms) 
   -calc level 0 ridge...done (3731ms) 
 block [257] : 1000 snps  (958ms) 
   -residualizing and scaling genotypes...done (2947ms) 
   -calc working matrices...done (1410ms) 
   -calc level 0 ridge...done (3700ms) 
 block [258] : 1000 snps  (1161ms) 
   -residualizing and scaling genotypes...done (3235ms) 
   -calc working matrices...done (1995ms) 
   -calc level 0 ridge...done (3646ms) 
 block [259] : 1000 snps  (1270ms) 
   -residualizing and scaling genotypes...done (3125ms) 
   -calc working matrices...done (1676ms) 
   -calc level 0 ridge...done (3704ms) 
 block [260] : 1000 snps  (1204ms) 
   -residualizing and scaling genotypes...done (2944ms) 
   -calc working matrices...done (1810ms) 
   -calc level 0 ridge...done (3917ms) 
 block [261] : 1000 snps  (921ms) 
   -residualizing and scaling genotypes...done (3118ms) 
   -calc working matrices...done (1572ms) 
   -calc level 0 ridge...done (3593ms) 
 block [262] : 1000 snps  (1481ms) 
   -residualizing and scaling genotypes...done (2888ms) 
   -calc working matrices...done (1667ms) 
   -calc level 0 ridge...done (4120ms) 
 block [263] : 320 snps  (391ms) 
   -residualizing and scaling genotypes...done (1243ms) 
   -calc working matrices...done (263ms) 
   -calc level 0 ridge...done (1117ms) 
Chromosome 21
 block [264] : 1000 snps  (1535ms) 
   -residualizing and scaling genotypes...done (3331ms) 
   -calc working matrices...done (1566ms) 
   -calc level 0 ridge...done (3672ms) 
 block [265] : 1000 snps  (815ms) 
   -residualizing and scaling genotypes...done (2907ms) 
   -calc working matrices...done (1459ms) 
   -calc level 0 ridge...done (3584ms) 
 block [266] : 1000 snps  (1280ms) 
   -residualizing and scaling genotypes...done (2901ms) 
   -calc working matrices...done (1427ms) 
   -calc level 0 ridge...done (3819ms) 
 block [267] : 1000 snps  (994ms) 
   -residualizing and scaling genotypes...done (2881ms) 
   -calc working matrices...done (1660ms) 
   -calc level 0 ridge...done (3663ms) 
 block [268] : 207 snps  (183ms) 
   -residualizing and scaling genotypes...done (715ms) 
   -calc working matrices...done (239ms) 
   -calc level 0 ridge...done (789ms) 
Chromosome 22
 block [269] : 1000 snps  (1373ms) 
   -residualizing and scaling genotypes...done (2938ms) 
   -calc working matrices...done (1504ms) 
   -calc level 0 ridge...done (4077ms) 
 block [270] : 1000 snps  (994ms) 
   -residualizing and scaling genotypes...done (2940ms) 
   -calc working matrices...done (1389ms) 
   -calc level 0 ridge...done (3632ms) 
 block [271] : 1000 snps  (1295ms) 
   -residualizing and scaling genotypes...done (2982ms) 
   -calc working matrices...done (1515ms) 
   -calc level 0 ridge...done (3561ms) 
 block [272] : 1000 snps  (1155ms) 
   -residualizing and scaling genotypes...done (2953ms) 
   -calc working matrices...done (1493ms) 
   -calc level 0 ridge...done (3643ms) 
 block [273] : 410 snps  (505ms) 
   -residualizing and scaling genotypes...done (1220ms) 
   -calc working matrices...done (562ms) 
   -calc level 0 ridge...done (1411ms) 

 Level 1 ridge with logistic regression...
   -on phenotype 1 (CIN3plus)...done (126732ms) 

Output
------
phenotype 1 (CIN3plus) : 
  0.01  : Rsq = 0.0109071, MSE = 0.026309, -logLik/N = 0.120687
  0.25  : Rsq = 0.0115038, MSE = 0.0263032, -logLik/N = 0.12057
  0.5   : Rsq = 0.0117363, MSE = 0.0263046, -logLik/N = 0.120565
  0.75  : Rsq = 0.0119827, MSE = 0.0263067, -logLik/N = 0.12054
  0.99  : Rsq = 0.0126545, MSE = 0.0263237, -logLik/N = 0.120454<- min value
  * making predictions...writing LOCO predictions...writing null approximate Firth estimates...done (93546ms) 

List of blup files written to: [regenie_step1_euro_cin3plus_pred.list]
List of files with null Firth estimates written to: [regenie_step1_euro_cin3plus_firth.list]

Elapsed time : 2854.86s
End time: Mon Aug  4 14:32:28 2025

end at:
Mon Aug  4 14:32:30 CST 2025
