start at:
Sat Jul 12 00:54:06 CST 2025
         used (Mb) gc trigger (Mb) max used (Mb)
Ncells 296087 15.9     692257   37   481251 25.8
Vcells 515268  4.0    8388608   64  1924569 14.7
      CHR    BP     ID Existing_variation  SYMBOL            Gene NEAREST
   <char> <int> <char>             <char>  <char>          <char>  <char>
1:   chr1 10061      .                  . DDX11L1 ENSG00000223972   OR4F5
2:   chr1 10067      .       rs1489251879 DDX11L1 ENSG00000223972   OR4F5
3:   chr1 10073      .                  . DDX11L1 ENSG00000223972   OR4F5
4:   chr1 10075      .                  . DDX11L1 ENSG00000223972   OR4F5
5:   chr1 10079      .                  . DDX11L1 ENSG00000223972   OR4F5
6:   chr1 10108      .                  . DDX11L1 ENSG00000223972   OR4F5
     IMPACT           Consequence
     <char>                <char>
1: MODIFIER upstream_gene_variant
2: MODIFIER upstream_gene_variant
3: MODIFIER upstream_gene_variant
4: MODIFIER upstream_gene_variant
5: MODIFIER upstream_gene_variant
6: MODIFIER upstream_gene_variant
[1] 1058848774          9
end at:
Sat Jul 12 04:41:51 CST 2025
