start at:
Thu Sep  4 21:47:37 CST 2025
Analyzing raw regenie results file...
20582915
20582915
1582486 1
1007141 10
 956380 11
 950180 12
 730358 13
 646391 14
 580119 15
 639887 16
 581165 17
 571827 18
 495373 19
1657761 2
 462188 20
 279093 21
 296592 22
 776708 23
1376187 3
1380861 4
1248665 5
1265991 6
1165431 7
1056084 8
 876046 9
      1 CHR
1582486 1
1007141 10
 956380 11
 950180 12
 730358 13
 646391 14
 580119 15
 639887 16
 581165 17
 571827 18
 495373 19
1657761 2
 462188 20
 279093 21
 296592 22
1376187 3
1380861 4
1248665 5
1265991 6
1165431 7
1056084 8
 876046 9
      1 SNP
 776708 X
Annotating regenie results with VEP output...
20582936
1582488 1
1007143 10
 956380 11
 950182 12
 730359 13
 646391 14
 580119 15
 639888 16
 581165 17
 571829 18
 495375 19
1657762 2
 462189 20
 279094 21
 296592 22
 776708 23
1376187 3
1380861 4
1248665 5
1265994 6
1165434 7
1056084 8
 876046 9
      1 CHR
1582488 1
1007143 10
 956380 11
 950182 12
 730359 13
 646391 14
 580119 15
 639888 16
 581165 17
 571829 18
 495375 19
1657762 2
 462189 20
 279094 21
 296592 22
1376187 3
1380861 4
1248665 5
1265994 6
1165434 7
1056084 8
 876046 9
      1 SNP
 776708 X
Filtering lines with '.' in the 16th column (gene name)...
11852115
Lines with NA in annotation (column 16):
8730821
end at:
Thu Sep  4 22:00:01 CST 2025
