start at:
Sun Aug 17 19:46:16 CST 2025
         used (Mb) gc trigger (Mb) max used (Mb)
Ncells 296087 15.9     692257   37   481251 25.8
Vcells 515268  4.0    8388608   64  1924569 14.7
Unique chromosomes in used_info: 1, 10, 11, 12, 13, 14, 15, 16, 17, 18, 19, 2, 20, 21, 22, 3, 4, 5, 6, 7, 8, 9, X
Number of variants by chromosomes: 
       CHR         N
    <char>     <int>
 1:      1 109745123
 2:      2 113714568
 3:      3  92743201
 4:      4  89108626
 5:      5  82887959
 6:      6  77148259
 7:      7  78816467
 8:      8  71941722
 9:      9  64398023
10:     10  64621822
11:     11  69216057
12:     12  65693546
13:     13  48187311
14:     14  40046229
15:     15  41518431
16:     16  45072142
17:     17  40848938
18:     18  44888516
19:     19  28665078
20:     20  33091471
21:     21  18823876
22:     22  19511731
23:     23  59458821
       CHR         N
Dimensions of used_info: 1400147917, 7
end at:
Mon Aug 18 02:44:47 CST 2025
