start at:
Mon Jul 14 01:07:47 CST 2025
         used (Mb) gc trigger (Mb) max used (Mb)
Ncells 296087 15.9     692257   37   481251 25.8
Vcells 515268  4.0    8388608   64  1924569 14.7
.
       1       10       11       12       13       14       15       16 
82723309 49027682 50805340 48625746 35872397 31619149 31235642 33029437 
      17       18       19        2       20       21       22       23 
30249908 30968299 21366649 87465893 24017082 13922824 14325157 45587922 
       3        4        5        6        7        8        9     <NA> 
72058248 69289278 64626981 60466635 59247939 55097899 47219358        0 
       CHR        N
    <char>    <int>
 1:      1 82723309
 2:      2 87465893
 3:      3 72058248
 4:      4 69289278
 5:      5 64626981
 6:      6 60466635
 7:      7 59247939
 8:      8 55097899
 9:      9 47219358
10:     10 49027682
11:     11 50805340
12:     12 48625746
13:     13 35872397
14:     14 31619149
15:     15 31235642
16:     16 33029437
17:     17 30249908
18:     18 30968299
19:     19 21366649
20:     20 24017082
21:     21 13922824
22:     22 14325157
23:     23 45587922
       CHR        N
end at:
Mon Jul 14 02:34:11 CST 2025
