start at:
Thu Oct 23 23:27:25 CST 2025
         used (Mb) gc trigger (Mb) max used (Mb)
Ncells 294455 15.8     692222   37   478328 25.6
Vcells 511127  3.9    8388608   64  1925004 14.7
[1] 53013  2924
[1] 53013     1
[1] 203972      2
        V1      V2
     <int>   <int>
1: 1000022 1000022
2: 1000035 1000035
3: 1000046 1000046
4: 1000054 1000054
5: 1000063 1000063
6: 1000129 1000129
[[1]]

     0      1      2      3   <NA> 
121106  64760  17412    694      0 

[[2]]

    1     2     3     4     5     6     7  <NA> 
34402 43958 54066 26744 28429 16236   137     0 

[[3]]

     1      2   <NA> 
 20629 183343      0 

[[1]]
[1] "0" "1" "2" "3"

[[2]]
[1] "1" "2" "3" "4" "5" "6" "7"

[[3]]
[1] "1" "2"

[1] 203972      3
[1] 203972     28
[1] 203972     29
Total European pre-PCA samples with both phenotype and covariates: 203972
Total European pre-PCA samples eligible for MR analysis: 182262
Total European pre-PCA samples with both phenotype, covariates and protein measurements: 53013
end at:
Thu Oct 23 23:28:57 CST 2025
