start at:
Tue Nov  4 23:28:05 CST 2025
         used (Mb) gc trigger (Mb) max used (Mb)
Ncells 294455 15.8     692222   37   478328 25.6
Vcells 511127  3.9    8388608   64  1925004 14.7
Dimensions of MR samples with proteomic data: 182262 x 28
Head of MR samples with proteomic data:
       eid CIN3plus Age_at_recruitment Body_mass_index
     <int>    <int>              <int>           <num>
1: 1000022        0                 64         20.6926
2: 1000035        0                 45         24.8724
3: 1000046        0                 46         30.8968
4: 1000054        0                 56         28.7778
5: 1000063        0                 55         29.6830
6: 1000137        1                 49         30.5078
   Townsend_deprivation_index_at_recruitment Smoking_status
                                       <num>         <fctr>
1:                                     -5.05              1
2:                                      4.30              2
3:                                     -3.74              1
4:                                      2.88              0
5:                                      0.21              0
6:                                     -3.45              0
   Alcohol_intake_frequency Genotype_measurement_batch     PC1     PC2     PC3
                     <fctr>                     <fctr>   <num>   <num>   <num>
1:                        1                          2 -0.0009 -0.0015  0.0033
2:                        3                          2  0.0036  0.0012  0.0015
3:                        2                          2  0.0040  0.0027  0.0015
4:                        2                          2 -0.0010  0.0003 -0.0021
5:                        3                          2 -0.0007 -0.0004 -0.0004
6:                        2                          2 -0.0015  0.0003  0.0032
       PC4     PC5     PC6     PC7     PC8     PC9    PC10    PC11    PC12
     <num>   <num>   <num>   <num>   <num>   <num>   <num>   <num>   <num>
1: -0.0017 -0.0010  0.0019 -0.0008  0.0002 -0.0031 -0.0007 -0.0022 -0.0002
2: -0.0013 -0.0012  0.0002 -0.0031  0.0004 -0.0029 -0.0025 -0.0006  0.0011
3:  0.0025 -0.0016 -0.0014  0.0022 -0.0020 -0.0031 -0.0019 -0.0047 -0.0032
4:  0.0002 -0.0018  0.0003 -0.0015  0.0004  0.0005 -0.0033 -0.0006  0.0000
5: -0.0024 -0.0002  0.0010 -0.0019 -0.0041  0.0009  0.0026 -0.0026  0.0006
6:  0.0002 -0.0033 -0.0005 -0.0007  0.0016  0.0020 -0.0028 -0.0015 -0.0017
      PC13    PC14    PC15    PC16    PC17    PC18    PC19    PC20
     <num>   <num>   <num>   <num>   <num>   <num>   <num>   <num>
1:  0.0007  0.0006 -0.0010  0.0002 -0.0025  0.0012 -0.0008 -0.0028
2: -0.0012  0.0002 -0.0016  0.0007  0.0014 -0.0011  0.0000 -0.0006
3:  0.0032 -0.0033 -0.0027 -0.0008 -0.0030 -0.0021  0.0002 -0.0014
4:  0.0011 -0.0020 -0.0014  0.0036 -0.0002  0.0002  0.0034  0.0053
5:  0.0007  0.0003 -0.0021 -0.0010 -0.0007  0.0005  0.0029  0.0036
6: -0.0034 -0.0016  0.0024 -0.0040  0.0035  0.0000 -0.0007  0.0004
Names of MR samples with proteomic data:
 [1] "eid"                                      
 [2] "CIN3plus"                                 
 [3] "Age_at_recruitment"                       
 [4] "Body_mass_index"                          
 [5] "Townsend_deprivation_index_at_recruitment"
 [6] "Smoking_status"                           
 [7] "Alcohol_intake_frequency"                 
 [8] "Genotype_measurement_batch"               
 [9] "PC1"                                      
[10] "PC2"                                      
[11] "PC3"                                      
[12] "PC4"                                      
[13] "PC5"                                      
[14] "PC6"                                      
[15] "PC7"                                      
[16] "PC8"                                      
[17] "PC9"                                      
[18] "PC10"                                     
[19] "PC11"                                     
[20] "PC12"                                     
[21] "PC13"                                     
[22] "PC14"                                     
[23] "PC15"                                     
[24] "PC16"                                     
[25] "PC17"                                     
[26] "PC18"                                     
[27] "PC19"                                     
[28] "PC20"                                     
Dimensions of PRS data: 181342 x 1909
Dimensions of phenotype, covariate and PRS combined data: 181342 x 1935
Dimensions of protein IDs final data: 1909 x 52
[1] 1908
[1] 1909
Dimensions of proteomic correlation data: 53013 x 2951
[1] "hla_a"   "hla_dra" "hla_e"  
Head 30 names of proteomic correlation data:
 [1] "eid"                                      
 [2] "CIN3plus"                                 
 [3] "Age_at_recruitment"                       
 [4] "Body_mass_index"                          
 [5] "Townsend_deprivation_index_at_recruitment"
 [6] "Smoking_status"                           
 [7] "Alcohol_intake_frequency"                 
 [8] "Genotype_measurement_batch"               
 [9] "PC1"                                      
[10] "PC2"                                      
[11] "PC3"                                      
[12] "PC4"                                      
[13] "PC5"                                      
[14] "PC6"                                      
[15] "PC7"                                      
[16] "PC8"                                      
[17] "PC9"                                      
[18] "PC10"                                     
[19] "PC11"                                     
[20] "PC12"                                     
[21] "PC13"                                     
[22] "PC14"                                     
[23] "PC15"                                     
[24] "PC16"                                     
[25] "PC17"                                     
[26] "PC18"                                     
[27] "PC19"                                     
[28] "PC20"                                     
[29] "a1bg"                                     
[30] "aamdc"                                    
Tail 30 names of proteomic correlation data:
 [1] "wif1"    "wnt9a"   "wwp2"    "xcl1"    "xg"      "xiap"    "xpnpep2"
 [8] "xrcc4"   "yap1"    "yars1"   "yes1"    "yju2"    "yod1"    "ythdf3" 
[15] "ywhaq"   "yy1"     "zbp1"    "zbtb16"  "zbtb17"  "zcchc8"  "zfyve19"
[22] "zhx2"    "znf174"  "znf75d"  "znf830"  "znrd2"   "znrf4"   "zp3"    
[29] "zp4"     "zpr1"   
Dimensions of proteomic correlation subset data: 53013 x 1936
Number of proteins measured: 1908
Starting MR 2SLS analysis...
Part1: Read and prepare the data...
Part2: Calculate the effective number of indepedent metabolites...
 ■■                                 3% |  ETA:  2m
 ■■■                                5% |  ETA:  2m
 ■■■                                8% |  ETA:  2m
 ■■■■                              11% |  ETA:  2m
 ■■■■■                             14% |  ETA:  2m
 ■■■■■■                            17% |  ETA:  1m
 ■■■■■■■                           20% |  ETA:  1m
 ■■■■■■■■                          23% |  ETA:  1m
 ■■■■■■■■■                         26% |  ETA:  1m
 ■■■■■■■■■■                        29% |  ETA:  1m
 ■■■■■■■■■■■                       32% |  ETA:  1m
 ■■■■■■■■■■■■                      35% |  ETA:  1m
 ■■■■■■■■■■■■■                     38% |  ETA:  1m
 ■■■■■■■■■■■■■                     41% |  ETA:  1m
 ■■■■■■■■■■■■■■                    42% |  ETA:  1m
 ■■■■■■■■■■■■■■                    44% |  ETA:  1m
 ■■■■■■■■■■■■■■■                   47% |  ETA:  1m
 ■■■■■■■■■■■■■■■■                  49% |  ETA:  1m
 ■■■■■■■■■■■■■■■■■                 52% |  ETA:  1m
 ■■■■■■■■■■■■■■■■■                 55% |  ETA:  1m
 ■■■■■■■■■■■■■■■■■■                57% |  ETA: 48s
 ■■■■■■■■■■■■■■■■■■■               60% |  ETA: 45s
 ■■■■■■■■■■■■■■■■■■■■              62% |  ETA: 42s
 ■■■■■■■■■■■■■■■■■■■■■             65% |  ETA: 39s
 ■■■■■■■■■■■■■■■■■■■■■             68% |  ETA: 36s
 ■■■■■■■■■■■■■■■■■■■■■■            71% |  ETA: 33s
 ■■■■■■■■■■■■■■■■■■■■■■■           73% |  ETA: 30s
 ■■■■■■■■■■■■■■■■■■■■■■■■          76% |  ETA: 26s
 ■■■■■■■■■■■■■■■■■■■■■■■■■         79% |  ETA: 23s
 ■■■■■■■■■■■■■■■■■■■■■■■■■         82% |  ETA: 20s
 ■■■■■■■■■■■■■■■■■■■■■■■■■■        85% |  ETA: 17s
 ■■■■■■■■■■■■■■■■■■■■■■■■■■■       87% |  ETA: 14s
 ■■■■■■■■■■■■■■■■■■■■■■■■■■■■      90% |  ETA: 11s
 ■■■■■■■■■■■■■■■■■■■■■■■■■■■■■     92% |  ETA:  8s
 ■■■■■■■■■■■■■■■■■■■■■■■■■■■■■     95% |  ETA:  6s
 ■■■■■■■■■■■■■■■■■■■■■■■■■■■■■■    98% |  ETA:  2s
The dimension of residuals matrix is: 21360 x 1908
Checking the correlation matrix of residuals...
Removing 0 metabolites with zero standard deviation or insufficient non-missing/non-infinite values.
The new dimension of residuals matrix is: 21360 x 1908
Imputate missing values or infinite values with column medians...
The dimension of imputed residuals matrix is: 21360 x 1908
The number of independent metabolites is 585 among 1908 metabolites.
Part3: Perform stage 2 of Two stage least square (2SLS) estimation of MR...
Checking the PRS data...
The raw dimension of PRS data matrix is: 181342 x 1935
The removed metabolite is: beta_SSNA1_O43805_OID31453_v1_SUM due to zero standard deviation or insufficient non-missing/non-infinite values.

     0   <NA> 
181342      0 
The new dimension of data matrix is: 181342 x 1934
 ■                                  0% |  ETA: 41m
 ■                                  0% |  ETA:  2h
 ■                                  0% |  ETA:  2h
 ■                                  0% |  ETA:  1h
 ■                                  0% |  ETA:  1h
 ■                                  1% |  ETA:  1h
 ■                                  1% |  ETA:  1h
 ■                                  1% |  ETA:  1h
 ■                                  1% |  ETA:  1h
 ■                                  1% |  ETA:  1h
 ■                                  1% |  ETA:  1h
 ■                                  1% |  ETA:  1h
 ■                                  1% |  ETA:  1h
 ■                                  1% |  ETA:  1h
 ■                                  2% |  ETA:  1h
 ■                                  2% |  ETA:  1h
 ■■                                 2% |  ETA:  1h
 ■■                                 2% |  ETA:  1h
 ■■                                 2% |  ETA:  1h
 ■■                                 2% |  ETA:  1h
 ■■                                 2% |  ETA:  1h
 ■■                                 2% |  ETA:  1h
 ■■                                 2% |  ETA:  1h
 ■■                                 3% |  ETA:  1h
 ■■                                 3% |  ETA:  1h
 ■■                                 3% |  ETA:  1h
 ■■                                 3% |  ETA:  1h
 ■■                                 3% |  ETA:  1h
 ■■                                 3% |  ETA:  1h
 ■■                                 3% |  ETA:  1h
 ■■                                 3% |  ETA:  1h
 ■■                                 3% |  ETA:  1h
 ■■                                 4% |  ETA: 50m
 ■■                                 4% |  ETA: 50m
 ■■                                 4% |  ETA: 49m
 ■■                                 4% |  ETA: 49m
 ■■                                 4% |  ETA: 48m
 ■■                                 4% |  ETA: 49m
 ■■                                 4% |  ETA: 49m
 ■■                                 4% |  ETA: 49m
 ■■                                 4% |  ETA: 49m
 ■■                                 5% |  ETA: 48m
 ■■                                 5% |  ETA: 48m
 ■■                                 5% |  ETA: 48m
 ■■                                 5% |  ETA: 47m
 ■■■                                5% |  ETA: 47m
 ■■■                                5% |  ETA: 47m
 ■■■                                5% |  ETA: 47m
 ■■■                                5% |  ETA: 46m
 ■■■                                6% |  ETA: 46m
 ■■■                                6% |  ETA: 46m
 ■■■                                6% |  ETA: 46m
 ■■■                                6% |  ETA: 45m
 ■■■                                6% |  ETA: 45m
 ■■■                                6% |  ETA: 45m
 ■■■                                6% |  ETA: 45m
 ■■■                                6% |  ETA: 44m
 ■■■                                7% |  ETA: 44m
 ■■■                                7% |  ETA: 44m
 ■■■                                7% |  ETA: 44m
 ■■■                                7% |  ETA: 44m
 ■■■                                7% |  ETA: 46m
 ■■■                                7% |  ETA: 46m
 ■■■                                7% |  ETA: 46m
 ■■■                                7% |  ETA: 46m
 ■■■                                7% |  ETA: 46m
 ■■■                                7% |  ETA: 46m
Processing biomarker (w/ -): ATRN
Model formula: CIN3plus ~ Age_at_recruitment + Body_mass_index + Townsend_deprivation_index_at_recruitment + Smoking_status + Alcohol_intake_frequency + Genotype_measurement_batch + PC1 + PC2 + PC3 + PC4 + PC5 + PC6 + PC7 + PC8 + PC9 + PC10 + PC11 + PC12 + PC13 + PC14 + PC15 + PC16 + PC17 + PC18 + PC19 + PC20 + beta_ATRN_O75882_2_OID30735_v1_SUM
 ■■■                                8% |  ETA: 46m
 ■■■                                8% |  ETA: 46m
 ■■■                                8% |  ETA: 46m
 ■■■                                8% |  ETA: 46m
 ■■■                                8% |  ETA: 46m
 ■■■                                8% |  ETA: 46m
 ■■■                                8% |  ETA: 47m
 ■■■                                8% |  ETA: 47m
 ■■■                                8% |  ETA: 47m
 ■■■                                8% |  ETA: 46m
 ■■■■                               8% |  ETA: 46m
 ■■■■                               8% |  ETA: 46m
 ■■■■                               9% |  ETA: 46m
 ■■■■                               9% |  ETA: 46m
 ■■■■                               9% |  ETA: 46m
 ■■■■                               9% |  ETA: 46m
 ■■■■                               9% |  ETA: 46m
 ■■■■                               9% |  ETA: 46m
 ■■■■                               9% |  ETA: 47m
 ■■■■                               9% |  ETA: 47m
 ■■■■                               9% |  ETA: 46m
 ■■■■                               9% |  ETA: 46m
 ■■■■                              10% |  ETA: 46m
 ■■■■                              10% |  ETA: 46m
 ■■■■                              10% |  ETA: 46m
 ■■■■                              10% |  ETA: 46m
 ■■■■                              10% |  ETA: 45m
 ■■■■                              10% |  ETA: 45m
 ■■■■                              10% |  ETA: 45m
 ■■■■                              10% |  ETA: 45m
 ■■■■                              11% |  ETA: 45m
 ■■■■                              11% |  ETA: 44m
 ■■■■                              11% |  ETA: 45m
 ■■■■                              11% |  ETA: 46m
 ■■■■                              11% |  ETA: 48m
 ■■■■                              11% |  ETA: 47m
 ■■■■                              11% |  ETA: 47m
 ■■■■                              11% |  ETA: 47m
 ■■■■                              11% |  ETA: 48m
 ■■■■                              12% |  ETA: 48m
 ■■■■■                             12% |  ETA: 48m
 ■■■■■                             12% |  ETA: 47m
 ■■■■■                             12% |  ETA: 47m
 ■■■■■                             12% |  ETA: 47m
 ■■■■■                             12% |  ETA: 47m
 ■■■■■                             12% |  ETA: 47m
 ■■■■■                             12% |  ETA: 46m
 ■■■■■                             13% |  ETA: 46m
 ■■■■■                             13% |  ETA: 46m
 ■■■■■                             13% |  ETA: 46m
 ■■■■■                             13% |  ETA: 46m
 ■■■■■                             13% |  ETA: 45m
 ■■■■■                             13% |  ETA: 45m
 ■■■■■                             13% |  ETA: 45m
 ■■■■■                             13% |  ETA: 45m
 ■■■■■                             14% |  ETA: 45m
 ■■■■■                             14% |  ETA: 47m
 ■■■■■                             14% |  ETA: 47m
 ■■■■■                             14% |  ETA: 46m
 ■■■■■                             14% |  ETA: 48m
 ■■■■■                             14% |  ETA: 48m
 ■■■■■                             14% |  ETA: 48m
 ■■■■■                             14% |  ETA: 49m
 ■■■■■                             14% |  ETA: 49m
 ■■■■■                             14% |  ETA: 49m
 ■■■■■                             14% |  ETA: 49m
 ■■■■■                             15% |  ETA: 48m
 ■■■■■                             15% |  ETA: 48m
 ■■■■■                             15% |  ETA: 48m
 ■■■■■                             15% |  ETA: 48m
 ■■■■■■                            15% |  ETA: 47m
 ■■■■■■                            15% |  ETA: 47m
 ■■■■■■                            15% |  ETA: 47m
 ■■■■■■                            15% |  ETA: 47m
 ■■■■■■                            16% |  ETA: 46m
 ■■■■■■                            16% |  ETA: 46m
 ■■■■■■                            16% |  ETA: 46m
 ■■■■■■                            16% |  ETA: 46m
 ■■■■■■                            16% |  ETA: 46m
 ■■■■■■                            16% |  ETA: 45m
 ■■■■■■                            16% |  ETA: 45m
 ■■■■■■                            17% |  ETA: 45m
 ■■■■■■                            17% |  ETA: 45m
 ■■■■■■                            17% |  ETA: 45m
 ■■■■■■                            17% |  ETA: 44m
 ■■■■■■                            17% |  ETA: 44m
 ■■■■■■                            17% |  ETA: 44m
 ■■■■■■                            17% |  ETA: 44m
 ■■■■■■                            18% |  ETA: 44m
 ■■■■■■                            18% |  ETA: 44m
 ■■■■■■                            18% |  ETA: 43m
 ■■■■■■                            18% |  ETA: 43m
 ■■■■■■                            18% |  ETA: 43m
 ■■■■■■                            18% |  ETA: 43m
 ■■■■■■                            18% |  ETA: 43m
 ■■■■■■■                           18% |  ETA: 43m
 ■■■■■■■                           19% |  ETA: 43m
 ■■■■■■■                           19% |  ETA: 43m
 ■■■■■■■                           19% |  ETA: 42m
 ■■■■■■■                           19% |  ETA: 42m
 ■■■■■■■                           19% |  ETA: 42m
 ■■■■■■■                           19% |  ETA: 42m
 ■■■■■■■                           19% |  ETA: 42m
 ■■■■■■■                           19% |  ETA: 42m
 ■■■■■■■                           19% |  ETA: 42m
 ■■■■■■■                           20% |  ETA: 42m
 ■■■■■■■                           20% |  ETA: 42m
 ■■■■■■■                           20% |  ETA: 41m
 ■■■■■■■                           20% |  ETA: 41m
 ■■■■■■■                           20% |  ETA: 41m
 ■■■■■■■                           20% |  ETA: 41m
 ■■■■■■■                           20% |  ETA: 41m
 ■■■■■■■                           20% |  ETA: 41m
 ■■■■■■■                           21% |  ETA: 41m
 ■■■■■■■                           21% |  ETA: 41m
 ■■■■■■■                           21% |  ETA: 41m
 ■■■■■■■                           21% |  ETA: 41m
 ■■■■■■■                           21% |  ETA: 41m
 ■■■■■■■                           21% |  ETA: 41m
 ■■■■■■■                           21% |  ETA: 41m
 ■■■■■■■                           21% |  ETA: 40m
 ■■■■■■■                           22% |  ETA: 40m
 ■■■■■■■■                          22% |  ETA: 40m
 ■■■■■■■■                          22% |  ETA: 40m
 ■■■■■■■■                          22% |  ETA: 40m
 ■■■■■■■■                          22% |  ETA: 40m
 ■■■■■■■■                          22% |  ETA: 40m
 ■■■■■■■■                          22% |  ETA: 40m
 ■■■■■■■■                          22% |  ETA: 39m
 ■■■■■■■■                          23% |  ETA: 39m
 ■■■■■■■■                          23% |  ETA: 40m
 ■■■■■■■■                          23% |  ETA: 40m
 ■■■■■■■■                          23% |  ETA: 40m
 ■■■■■■■■                          23% |  ETA: 40m
 ■■■■■■■■                          23% |  ETA: 40m
 ■■■■■■■■                          23% |  ETA: 40m
 ■■■■■■■■                          23% |  ETA: 40m
 ■■■■■■■■                          23% |  ETA: 39m
 ■■■■■■■■                          24% |  ETA: 39m
 ■■■■■■■■                          24% |  ETA: 39m
 ■■■■■■■■                          24% |  ETA: 39m
 ■■■■■■■■                          24% |  ETA: 39m
 ■■■■■■■■                          24% |  ETA: 39m
 ■■■■■■■■                          24% |  ETA: 39m
 ■■■■■■■■                          24% |  ETA: 39m
 ■■■■■■■■                          24% |  ETA: 39m
 ■■■■■■■■                          25% |  ETA: 38m
 ■■■■■■■■                          25% |  ETA: 38m
 ■■■■■■■■                          25% |  ETA: 38m
 ■■■■■■■■                          25% |  ETA: 38m
 ■■■■■■■■■                         25% |  ETA: 38m
 ■■■■■■■■■                         25% |  ETA: 38m
 ■■■■■■■■■                         25% |  ETA: 38m
 ■■■■■■■■■                         25% |  ETA: 38m
 ■■■■■■■■■                         26% |  ETA: 38m
 ■■■■■■■■■                         26% |  ETA: 38m
 ■■■■■■■■■                         26% |  ETA: 37m
 ■■■■■■■■■                         26% |  ETA: 37m
 ■■■■■■■■■                         26% |  ETA: 37m
 ■■■■■■■■■                         26% |  ETA: 37m
 ■■■■■■■■■                         26% |  ETA: 37m
 ■■■■■■■■■                         26% |  ETA: 37m
 ■■■■■■■■■                         27% |  ETA: 37m
 ■■■■■■■■■                         27% |  ETA: 37m
 ■■■■■■■■■                         27% |  ETA: 37m
 ■■■■■■■■■                         27% |  ETA: 37m
 ■■■■■■■■■                         27% |  ETA: 36m
 ■■■■■■■■■                         27% |  ETA: 36m
 ■■■■■■■■■                         27% |  ETA: 36m
 ■■■■■■■■■                         27% |  ETA: 36m
 ■■■■■■■■■                         28% |  ETA: 36m
 ■■■■■■■■■                         28% |  ETA: 36m
 ■■■■■■■■■                         28% |  ETA: 36m
 ■■■■■■■■■                         28% |  ETA: 36m
 ■■■■■■■■■                         28% |  ETA: 36m
 ■■■■■■■■■                         28% |  ETA: 36m
 ■■■■■■■■■■                        28% |  ETA: 35m
 ■■■■■■■■■■                        29% |  ETA: 35m
 ■■■■■■■■■■                        29% |  ETA: 35m
 ■■■■■■■■■■                        29% |  ETA: 35m
 ■■■■■■■■■■                        29% |  ETA: 35m
 ■■■■■■■■■■                        29% |  ETA: 35m
 ■■■■■■■■■■                        29% |  ETA: 35m
 ■■■■■■■■■■                        29% |  ETA: 35m
 ■■■■■■■■■■                        29% |  ETA: 35m
 ■■■■■■■■■■                        29% |  ETA: 35m
 ■■■■■■■■■■                        30% |  ETA: 35m
 ■■■■■■■■■■                        30% |  ETA: 35m
 ■■■■■■■■■■                        30% |  ETA: 35m
 ■■■■■■■■■■                        30% |  ETA: 35m
 ■■■■■■■■■■                        30% |  ETA: 35m
 ■■■■■■■■■■                        30% |  ETA: 35m
 ■■■■■■■■■■                        30% |  ETA: 34m
 ■■■■■■■■■■                        30% |  ETA: 34m
 ■■■■■■■■■■                        31% |  ETA: 34m
 ■■■■■■■■■■                        31% |  ETA: 34m
 ■■■■■■■■■■                        31% |  ETA: 34m
 ■■■■■■■■■■                        31% |  ETA: 34m
 ■■■■■■■■■■                        31% |  ETA: 34m
 ■■■■■■■■■■                        31% |  ETA: 34m
 ■■■■■■■■■■                        31% |  ETA: 34m
 ■■■■■■■■■■                        31% |  ETA: 34m
 ■■■■■■■■■■                        31% |  ETA: 34m
 ■■■■■■■■■■                        32% |  ETA: 34m
 ■■■■■■■■■■■                       32% |  ETA: 34m
 ■■■■■■■■■■■                       32% |  ETA: 33m
 ■■■■■■■■■■■                       32% |  ETA: 33m
 ■■■■■■■■■■■                       32% |  ETA: 33m
 ■■■■■■■■■■■                       32% |  ETA: 33m
 ■■■■■■■■■■■                       32% |  ETA: 33m
 ■■■■■■■■■■■                       32% |  ETA: 33m
 ■■■■■■■■■■■                       33% |  ETA: 33m
 ■■■■■■■■■■■                       33% |  ETA: 33m
 ■■■■■■■■■■■                       33% |  ETA: 33m
 ■■■■■■■■■■■                       33% |  ETA: 33m
 ■■■■■■■■■■■                       33% |  ETA: 33m
 ■■■■■■■■■■■                       33% |  ETA: 33m
 ■■■■■■■■■■■                       33% |  ETA: 33m
 ■■■■■■■■■■■                       33% |  ETA: 32m
 ■■■■■■■■■■■                       34% |  ETA: 32m
 ■■■■■■■■■■■                       34% |  ETA: 32m
 ■■■■■■■■■■■                       34% |  ETA: 32m
 ■■■■■■■■■■■                       34% |  ETA: 32m
 ■■■■■■■■■■■                       34% |  ETA: 32m
 ■■■■■■■■■■■                       34% |  ETA: 32m
 ■■■■■■■■■■■                       34% |  ETA: 32m
 ■■■■■■■■■■■                       34% |  ETA: 32m
 ■■■■■■■■■■■                       35% |  ETA: 32m
 ■■■■■■■■■■■                       35% |  ETA: 32m
 ■■■■■■■■■■■                       35% |  ETA: 32m
 ■■■■■■■■■■■                       35% |  ETA: 31m
 ■■■■■■■■■■■■                      35% |  ETA: 31m
 ■■■■■■■■■■■■                      35% |  ETA: 31m
 ■■■■■■■■■■■■                      35% |  ETA: 31m
 ■■■■■■■■■■■■                      36% |  ETA: 31m
 ■■■■■■■■■■■■                      36% |  ETA: 31m
 ■■■■■■■■■■■■                      36% |  ETA: 31m
 ■■■■■■■■■■■■                      36% |  ETA: 31m
 ■■■■■■■■■■■■                      36% |  ETA: 31m
 ■■■■■■■■■■■■                      36% |  ETA: 31m
 ■■■■■■■■■■■■                      36% |  ETA: 31m
 ■■■■■■■■■■■■                      36% |  ETA: 30m
 ■■■■■■■■■■■■                      37% |  ETA: 30m
 ■■■■■■■■■■■■                      37% |  ETA: 30m
 ■■■■■■■■■■■■                      37% |  ETA: 30m
 ■■■■■■■■■■■■                      37% |  ETA: 30m
 ■■■■■■■■■■■■                      37% |  ETA: 30m
 ■■■■■■■■■■■■                      37% |  ETA: 30m
 ■■■■■■■■■■■■                      37% |  ETA: 30m
 ■■■■■■■■■■■■                      37% |  ETA: 30m
 ■■■■■■■■■■■■                      38% |  ETA: 30m
 ■■■■■■■■■■■■                      38% |  ETA: 30m
 ■■■■■■■■■■■■                      38% |  ETA: 30m
 ■■■■■■■■■■■■                      38% |  ETA: 30m
 ■■■■■■■■■■■■                      38% |  ETA: 30m
 ■■■■■■■■■■■■                      38% |  ETA: 30m
 ■■■■■■■■■■■■                      38% |  ETA: 30m
 ■■■■■■■■■■■■                      38% |  ETA: 30m
 ■■■■■■■■■■■■                      38% |  ETA: 30m
 ■■■■■■■■■■■■                      38% |  ETA: 30m
 ■■■■■■■■■■■■                      38% |  ETA: 30m
 ■■■■■■■■■■■■■                     38% |  ETA: 30m
 ■■■■■■■■■■■■■                     38% |  ETA: 30m
 ■■■■■■■■■■■■■                     39% |  ETA: 30m
 ■■■■■■■■■■■■■                     39% |  ETA: 30m
 ■■■■■■■■■■■■■                     39% |  ETA: 30m
 ■■■■■■■■■■■■■                     39% |  ETA: 30m
 ■■■■■■■■■■■■■                     39% |  ETA: 30m
 ■■■■■■■■■■■■■                     39% |  ETA: 30m
 ■■■■■■■■■■■■■                     39% |  ETA: 30m
 ■■■■■■■■■■■■■                     39% |  ETA: 30m
 ■■■■■■■■■■■■■                     39% |  ETA: 29m
 ■■■■■■■■■■■■■                     39% |  ETA: 29m
 ■■■■■■■■■■■■■                     40% |  ETA: 29m
 ■■■■■■■■■■■■■                     40% |  ETA: 29m
 ■■■■■■■■■■■■■                     40% |  ETA: 29m
 ■■■■■■■■■■■■■                     40% |  ETA: 29m
 ■■■■■■■■■■■■■                     40% |  ETA: 29m
 ■■■■■■■■■■■■■                     40% |  ETA: 29m
 ■■■■■■■■■■■■■                     40% |  ETA: 29m
 ■■■■■■■■■■■■■                     40% |  ETA: 29m
 ■■■■■■■■■■■■■                     40% |  ETA: 29m
 ■■■■■■■■■■■■■                     40% |  ETA: 29m
 ■■■■■■■■■■■■■                     40% |  ETA: 29m
 ■■■■■■■■■■■■■                     40% |  ETA: 29m
 ■■■■■■■■■■■■■                     41% |  ETA: 29m
 ■■■■■■■■■■■■■                     41% |  ETA: 29m
 ■■■■■■■■■■■■■                     41% |  ETA: 29m
 ■■■■■■■■■■■■■                     41% |  ETA: 29m
 ■■■■■■■■■■■■■                     41% |  ETA: 29m
 ■■■■■■■■■■■■■                     41% |  ETA: 29m
 ■■■■■■■■■■■■■                     41% |  ETA: 29m
 ■■■■■■■■■■■■■                     41% |  ETA: 29m
 ■■■■■■■■■■■■■                     42% |  ETA: 29m
 ■■■■■■■■■■■■■■                    42% |  ETA: 28m
 ■■■■■■■■■■■■■■                    42% |  ETA: 28m
 ■■■■■■■■■■■■■■                    42% |  ETA: 28m
 ■■■■■■■■■■■■■■                    42% |  ETA: 28m
 ■■■■■■■■■■■■■■                    42% |  ETA: 28m
 ■■■■■■■■■■■■■■                    42% |  ETA: 28m
 ■■■■■■■■■■■■■■                    43% |  ETA: 28m
 ■■■■■■■■■■■■■■                    43% |  ETA: 28m
 ■■■■■■■■■■■■■■                    43% |  ETA: 28m
 ■■■■■■■■■■■■■■                    43% |  ETA: 28m
 ■■■■■■■■■■■■■■                    43% |  ETA: 28m
 ■■■■■■■■■■■■■■                    43% |  ETA: 28m
 ■■■■■■■■■■■■■■                    43% |  ETA: 28m
 ■■■■■■■■■■■■■■                    43% |  ETA: 28m
 ■■■■■■■■■■■■■■                    43% |  ETA: 28m
 ■■■■■■■■■■■■■■                    43% |  ETA: 28m
 ■■■■■■■■■■■■■■                    43% |  ETA: 28m
 ■■■■■■■■■■■■■■                    44% |  ETA: 28m
 ■■■■■■■■■■■■■■                    44% |  ETA: 27m
 ■■■■■■■■■■■■■■                    44% |  ETA: 27m
 ■■■■■■■■■■■■■■                    44% |  ETA: 27m
 ■■■■■■■■■■■■■■                    44% |  ETA: 27m
 ■■■■■■■■■■■■■■                    44% |  ETA: 27m
 ■■■■■■■■■■■■■■                    44% |  ETA: 27m
 ■■■■■■■■■■■■■■                    44% |  ETA: 27m
 ■■■■■■■■■■■■■■                    44% |  ETA: 27m
 ■■■■■■■■■■■■■■                    45% |  ETA: 27m
 ■■■■■■■■■■■■■■                    45% |  ETA: 27m
 ■■■■■■■■■■■■■■                    45% |  ETA: 27m
 ■■■■■■■■■■■■■■                    45% |  ETA: 27m
 ■■■■■■■■■■■■■■                    45% |  ETA: 27m
Processing biomarker (w/ -): HLA-A
Model formula: CIN3plus ~ Age_at_recruitment + Body_mass_index + Townsend_deprivation_index_at_recruitment + Smoking_status + Alcohol_intake_frequency + Genotype_measurement_batch + PC1 + PC2 + PC3 + PC4 + PC5 + PC6 + PC7 + PC8 + PC9 + PC10 + PC11 + PC12 + PC13 + PC14 + PC15 + PC16 + PC17 + PC18 + PC19 + PC20 + beta_HLA_A_P04439_OID31048_v1_SUM
Processing biomarker (w/ -): HLA-DRA
Model formula: CIN3plus ~ Age_at_recruitment + Body_mass_index + Townsend_deprivation_index_at_recruitment + Smoking_status + Alcohol_intake_frequency + Genotype_measurement_batch + PC1 + PC2 + PC3 + PC4 + PC5 + PC6 + PC7 + PC8 + PC9 + PC10 + PC11 + PC12 + PC13 + PC14 + PC15 + PC16 + PC17 + PC18 + PC19 + PC20 + beta_HLA_DRA_P01903_OID20520_v1_SUM
Processing biomarker (w/ -): HLA-E
Model formula: CIN3plus ~ Age_at_recruitment + Body_mass_index + Townsend_deprivation_index_at_recruitment + Smoking_status + Alcohol_intake_frequency + Genotype_measurement_batch + PC1 + PC2 + PC3 + PC4 + PC5 + PC6 + PC7 + PC8 + PC9 + PC10 + PC11 + PC12 + PC13 + PC14 + PC15 + PC16 + PC17 + PC18 + PC19 + PC20 + beta_HLA_E_P13747_OID20532_v1_SUM
 ■■■■■■■■■■■■■■■                   45% |  ETA: 27m
 ■■■■■■■■■■■■■■■                   45% |  ETA: 27m
 ■■■■■■■■■■■■■■■                   45% |  ETA: 27m
 ■■■■■■■■■■■■■■■                   45% |  ETA: 27m
 ■■■■■■■■■■■■■■■                   46% |  ETA: 26m
 ■■■■■■■■■■■■■■■                   46% |  ETA: 26m
 ■■■■■■■■■■■■■■■                   46% |  ETA: 26m
 ■■■■■■■■■■■■■■■                   46% |  ETA: 26m
 ■■■■■■■■■■■■■■■                   46% |  ETA: 26m
 ■■■■■■■■■■■■■■■                   46% |  ETA: 26m
 ■■■■■■■■■■■■■■■                   46% |  ETA: 26m
 ■■■■■■■■■■■■■■■                   46% |  ETA: 26m
 ■■■■■■■■■■■■■■■                   47% |  ETA: 26m
 ■■■■■■■■■■■■■■■                   47% |  ETA: 26m
 ■■■■■■■■■■■■■■■                   47% |  ETA: 26m
 ■■■■■■■■■■■■■■■                   47% |  ETA: 26m
 ■■■■■■■■■■■■■■■                   47% |  ETA: 26m
 ■■■■■■■■■■■■■■■                   47% |  ETA: 25m
 ■■■■■■■■■■■■■■■                   47% |  ETA: 26m
 ■■■■■■■■■■■■■■■                   47% |  ETA: 26m
 ■■■■■■■■■■■■■■■                   47% |  ETA: 26m
 ■■■■■■■■■■■■■■■                   47% |  ETA: 26m
 ■■■■■■■■■■■■■■■                   48% |  ETA: 26m
 ■■■■■■■■■■■■■■■                   48% |  ETA: 26m
 ■■■■■■■■■■■■■■■                   48% |  ETA: 26m
 ■■■■■■■■■■■■■■■                   48% |  ETA: 26m
 ■■■■■■■■■■■■■■■                   48% |  ETA: 26m
 ■■■■■■■■■■■■■■■                   48% |  ETA: 26m
 ■■■■■■■■■■■■■■■                   48% |  ETA: 25m
 ■■■■■■■■■■■■■■■■                  48% |  ETA: 25m
 ■■■■■■■■■■■■■■■■                  49% |  ETA: 25m
 ■■■■■■■■■■■■■■■■                  49% |  ETA: 25m
 ■■■■■■■■■■■■■■■■                  49% |  ETA: 25m
 ■■■■■■■■■■■■■■■■                  49% |  ETA: 25m
 ■■■■■■■■■■■■■■■■                  49% |  ETA: 25m
 ■■■■■■■■■■■■■■■■                  49% |  ETA: 25m
 ■■■■■■■■■■■■■■■■                  49% |  ETA: 25m
 ■■■■■■■■■■■■■■■■                  49% |  ETA: 25m
 ■■■■■■■■■■■■■■■■                  50% |  ETA: 25m
 ■■■■■■■■■■■■■■■■                  50% |  ETA: 25m
 ■■■■■■■■■■■■■■■■                  50% |  ETA: 25m
 ■■■■■■■■■■■■■■■■                  50% |  ETA: 24m
 ■■■■■■■■■■■■■■■■                  50% |  ETA: 24m
 ■■■■■■■■■■■■■■■■                  50% |  ETA: 24m
 ■■■■■■■■■■■■■■■■                  50% |  ETA: 24m
 ■■■■■■■■■■■■■■■■                  50% |  ETA: 24m
 ■■■■■■■■■■■■■■■■                  51% |  ETA: 24m
 ■■■■■■■■■■■■■■■■                  51% |  ETA: 24m
 ■■■■■■■■■■■■■■■■                  51% |  ETA: 24m
 ■■■■■■■■■■■■■■■■                  51% |  ETA: 24m
 ■■■■■■■■■■■■■■■■                  51% |  ETA: 24m
 ■■■■■■■■■■■■■■■■                  51% |  ETA: 24m
 ■■■■■■■■■■■■■■■■                  51% |  ETA: 24m
 ■■■■■■■■■■■■■■■■                  52% |  ETA: 23m
 ■■■■■■■■■■■■■■■■■                 52% |  ETA: 23m
 ■■■■■■■■■■■■■■■■■                 52% |  ETA: 23m
 ■■■■■■■■■■■■■■■■■                 52% |  ETA: 23m
 ■■■■■■■■■■■■■■■■■                 52% |  ETA: 23m
 ■■■■■■■■■■■■■■■■■                 52% |  ETA: 23m
 ■■■■■■■■■■■■■■■■■                 52% |  ETA: 23m
 ■■■■■■■■■■■■■■■■■                 52% |  ETA: 23m
 ■■■■■■■■■■■■■■■■■                 53% |  ETA: 23m
 ■■■■■■■■■■■■■■■■■                 53% |  ETA: 23m
 ■■■■■■■■■■■■■■■■■                 53% |  ETA: 23m
 ■■■■■■■■■■■■■■■■■                 53% |  ETA: 23m
 ■■■■■■■■■■■■■■■■■                 53% |  ETA: 23m
 ■■■■■■■■■■■■■■■■■                 53% |  ETA: 23m
 ■■■■■■■■■■■■■■■■■                 53% |  ETA: 23m
 ■■■■■■■■■■■■■■■■■                 53% |  ETA: 23m
 ■■■■■■■■■■■■■■■■■                 53% |  ETA: 23m
 ■■■■■■■■■■■■■■■■■                 54% |  ETA: 23m
 ■■■■■■■■■■■■■■■■■                 54% |  ETA: 23m
 ■■■■■■■■■■■■■■■■■                 54% |  ETA: 23m
 ■■■■■■■■■■■■■■■■■                 54% |  ETA: 22m
 ■■■■■■■■■■■■■■■■■                 54% |  ETA: 22m
 ■■■■■■■■■■■■■■■■■                 54% |  ETA: 22m
 ■■■■■■■■■■■■■■■■■                 54% |  ETA: 22m
 ■■■■■■■■■■■■■■■■■                 54% |  ETA: 22m
 ■■■■■■■■■■■■■■■■■                 54% |  ETA: 22m
 ■■■■■■■■■■■■■■■■■                 55% |  ETA: 22m
 ■■■■■■■■■■■■■■■■■                 55% |  ETA: 22m
 ■■■■■■■■■■■■■■■■■                 55% |  ETA: 22m
 ■■■■■■■■■■■■■■■■■                 55% |  ETA: 22m
 ■■■■■■■■■■■■■■■■■■                55% |  ETA: 22m
 ■■■■■■■■■■■■■■■■■■                55% |  ETA: 22m
 ■■■■■■■■■■■■■■■■■■                55% |  ETA: 22m
 ■■■■■■■■■■■■■■■■■■                55% |  ETA: 22m
 ■■■■■■■■■■■■■■■■■■                56% |  ETA: 22m
 ■■■■■■■■■■■■■■■■■■                56% |  ETA: 21m
 ■■■■■■■■■■■■■■■■■■                56% |  ETA: 21m
 ■■■■■■■■■■■■■■■■■■                56% |  ETA: 21m
 ■■■■■■■■■■■■■■■■■■                56% |  ETA: 21m
 ■■■■■■■■■■■■■■■■■■                56% |  ETA: 21m
 ■■■■■■■■■■■■■■■■■■                56% |  ETA: 21m
 ■■■■■■■■■■■■■■■■■■                57% |  ETA: 21m
 ■■■■■■■■■■■■■■■■■■                57% |  ETA: 21m
 ■■■■■■■■■■■■■■■■■■                57% |  ETA: 21m
 ■■■■■■■■■■■■■■■■■■                57% |  ETA: 21m
 ■■■■■■■■■■■■■■■■■■                57% |  ETA: 21m
 ■■■■■■■■■■■■■■■■■■                57% |  ETA: 21m
 ■■■■■■■■■■■■■■■■■■                57% |  ETA: 21m
 ■■■■■■■■■■■■■■■■■■                57% |  ETA: 20m
 ■■■■■■■■■■■■■■■■■■                58% |  ETA: 20m
 ■■■■■■■■■■■■■■■■■■                58% |  ETA: 20m
 ■■■■■■■■■■■■■■■■■■                58% |  ETA: 20m
 ■■■■■■■■■■■■■■■■■■                58% |  ETA: 20m
 ■■■■■■■■■■■■■■■■■■                58% |  ETA: 20m
 ■■■■■■■■■■■■■■■■■■                58% |  ETA: 20m
 ■■■■■■■■■■■■■■■■■■■               58% |  ETA: 20m
 ■■■■■■■■■■■■■■■■■■■               59% |  ETA: 20m
 ■■■■■■■■■■■■■■■■■■■               59% |  ETA: 20m
 ■■■■■■■■■■■■■■■■■■■               59% |  ETA: 20m
 ■■■■■■■■■■■■■■■■■■■               59% |  ETA: 20m
 ■■■■■■■■■■■■■■■■■■■               59% |  ETA: 20m
 ■■■■■■■■■■■■■■■■■■■               59% |  ETA: 20m
 ■■■■■■■■■■■■■■■■■■■               59% |  ETA: 19m
 ■■■■■■■■■■■■■■■■■■■               60% |  ETA: 19m
 ■■■■■■■■■■■■■■■■■■■               60% |  ETA: 19m
 ■■■■■■■■■■■■■■■■■■■               60% |  ETA: 19m
 ■■■■■■■■■■■■■■■■■■■               60% |  ETA: 19m
 ■■■■■■■■■■■■■■■■■■■               60% |  ETA: 19m
 ■■■■■■■■■■■■■■■■■■■               60% |  ETA: 19m
 ■■■■■■■■■■■■■■■■■■■               60% |  ETA: 19m
 ■■■■■■■■■■■■■■■■■■■               60% |  ETA: 19m
 ■■■■■■■■■■■■■■■■■■■               61% |  ETA: 19m
 ■■■■■■■■■■■■■■■■■■■               61% |  ETA: 19m
 ■■■■■■■■■■■■■■■■■■■               61% |  ETA: 19m
 ■■■■■■■■■■■■■■■■■■■               61% |  ETA: 19m
 ■■■■■■■■■■■■■■■■■■■               61% |  ETA: 18m
 ■■■■■■■■■■■■■■■■■■■               61% |  ETA: 18m
 ■■■■■■■■■■■■■■■■■■■               61% |  ETA: 18m
 ■■■■■■■■■■■■■■■■■■■               62% |  ETA: 18m
 ■■■■■■■■■■■■■■■■■■■■              62% |  ETA: 18m
 ■■■■■■■■■■■■■■■■■■■■              62% |  ETA: 18m
 ■■■■■■■■■■■■■■■■■■■■              62% |  ETA: 18m
 ■■■■■■■■■■■■■■■■■■■■              62% |  ETA: 18m
 ■■■■■■■■■■■■■■■■■■■■              62% |  ETA: 18m
 ■■■■■■■■■■■■■■■■■■■■              62% |  ETA: 18m
 ■■■■■■■■■■■■■■■■■■■■              63% |  ETA: 18m
 ■■■■■■■■■■■■■■■■■■■■              63% |  ETA: 18m
 ■■■■■■■■■■■■■■■■■■■■              63% |  ETA: 18m
 ■■■■■■■■■■■■■■■■■■■■              63% |  ETA: 17m
 ■■■■■■■■■■■■■■■■■■■■              63% |  ETA: 17m
 ■■■■■■■■■■■■■■■■■■■■              63% |  ETA: 17m
 ■■■■■■■■■■■■■■■■■■■■              63% |  ETA: 17m
 ■■■■■■■■■■■■■■■■■■■■              64% |  ETA: 17m
 ■■■■■■■■■■■■■■■■■■■■              64% |  ETA: 17m
 ■■■■■■■■■■■■■■■■■■■■              64% |  ETA: 17m
 ■■■■■■■■■■■■■■■■■■■■              64% |  ETA: 17m
 ■■■■■■■■■■■■■■■■■■■■              64% |  ETA: 17m
 ■■■■■■■■■■■■■■■■■■■■              64% |  ETA: 17m
 ■■■■■■■■■■■■■■■■■■■■              64% |  ETA: 17m
 ■■■■■■■■■■■■■■■■■■■■              64% |  ETA: 17m
 ■■■■■■■■■■■■■■■■■■■■              65% |  ETA: 17m
 ■■■■■■■■■■■■■■■■■■■■              65% |  ETA: 17m
 ■■■■■■■■■■■■■■■■■■■■              65% |  ETA: 16m
 ■■■■■■■■■■■■■■■■■■■■■             65% |  ETA: 16m
 ■■■■■■■■■■■■■■■■■■■■■             65% |  ETA: 16m
 ■■■■■■■■■■■■■■■■■■■■■             65% |  ETA: 16m
 ■■■■■■■■■■■■■■■■■■■■■             65% |  ETA: 16m
 ■■■■■■■■■■■■■■■■■■■■■             65% |  ETA: 16m
 ■■■■■■■■■■■■■■■■■■■■■             66% |  ETA: 16m
 ■■■■■■■■■■■■■■■■■■■■■             66% |  ETA: 16m
 ■■■■■■■■■■■■■■■■■■■■■             66% |  ETA: 16m
 ■■■■■■■■■■■■■■■■■■■■■             66% |  ETA: 16m
 ■■■■■■■■■■■■■■■■■■■■■             66% |  ETA: 16m
 ■■■■■■■■■■■■■■■■■■■■■             66% |  ETA: 16m
 ■■■■■■■■■■■■■■■■■■■■■             66% |  ETA: 16m
 ■■■■■■■■■■■■■■■■■■■■■             66% |  ETA: 16m
 ■■■■■■■■■■■■■■■■■■■■■             66% |  ETA: 16m
 ■■■■■■■■■■■■■■■■■■■■■             66% |  ETA: 16m
 ■■■■■■■■■■■■■■■■■■■■■             66% |  ETA: 16m
 ■■■■■■■■■■■■■■■■■■■■■             66% |  ETA: 16m
 ■■■■■■■■■■■■■■■■■■■■■             66% |  ETA: 16m
 ■■■■■■■■■■■■■■■■■■■■■             67% |  ETA: 16m
 ■■■■■■■■■■■■■■■■■■■■■             67% |  ETA: 16m
 ■■■■■■■■■■■■■■■■■■■■■             67% |  ETA: 16m
 ■■■■■■■■■■■■■■■■■■■■■             67% |  ETA: 16m
 ■■■■■■■■■■■■■■■■■■■■■             67% |  ETA: 16m
 ■■■■■■■■■■■■■■■■■■■■■             67% |  ETA: 16m
 ■■■■■■■■■■■■■■■■■■■■■             67% |  ETA: 16m
 ■■■■■■■■■■■■■■■■■■■■■             67% |  ETA: 16m
 ■■■■■■■■■■■■■■■■■■■■■             68% |  ETA: 15m
 ■■■■■■■■■■■■■■■■■■■■■             68% |  ETA: 15m
 ■■■■■■■■■■■■■■■■■■■■■             68% |  ETA: 15m
 ■■■■■■■■■■■■■■■■■■■■■             68% |  ETA: 15m
 ■■■■■■■■■■■■■■■■■■■■■             68% |  ETA: 15m
 ■■■■■■■■■■■■■■■■■■■■■             68% |  ETA: 15m
 ■■■■■■■■■■■■■■■■■■■■■■            68% |  ETA: 15m
 ■■■■■■■■■■■■■■■■■■■■■■            69% |  ETA: 15m
 ■■■■■■■■■■■■■■■■■■■■■■            69% |  ETA: 15m
 ■■■■■■■■■■■■■■■■■■■■■■            69% |  ETA: 15m
 ■■■■■■■■■■■■■■■■■■■■■■            69% |  ETA: 15m
 ■■■■■■■■■■■■■■■■■■■■■■            69% |  ETA: 15m
 ■■■■■■■■■■■■■■■■■■■■■■            69% |  ETA: 15m
 ■■■■■■■■■■■■■■■■■■■■■■            69% |  ETA: 14m
 ■■■■■■■■■■■■■■■■■■■■■■            70% |  ETA: 14m
 ■■■■■■■■■■■■■■■■■■■■■■            70% |  ETA: 14m
 ■■■■■■■■■■■■■■■■■■■■■■            70% |  ETA: 14m
 ■■■■■■■■■■■■■■■■■■■■■■            70% |  ETA: 14m
 ■■■■■■■■■■■■■■■■■■■■■■            70% |  ETA: 14m
 ■■■■■■■■■■■■■■■■■■■■■■            70% |  ETA: 14m
Processing biomarker (w/ -): PIBF1
Model formula: CIN3plus ~ Age_at_recruitment + Body_mass_index + Townsend_deprivation_index_at_recruitment + Smoking_status + Alcohol_intake_frequency + Genotype_measurement_batch + PC1 + PC2 + PC3 + PC4 + PC5 + PC6 + PC7 + PC8 + PC9 + PC10 + PC11 + PC12 + PC13 + PC14 + PC15 + PC16 + PC17 + PC18 + PC19 + PC20 + beta_PIBF1_Q8WXW3_4_OID31061_v1_SUM
 ■■■■■■■■■■■■■■■■■■■■■■            70% |  ETA: 14m
 ■■■■■■■■■■■■■■■■■■■■■■            71% |  ETA: 14m
 ■■■■■■■■■■■■■■■■■■■■■■            71% |  ETA: 14m
 ■■■■■■■■■■■■■■■■■■■■■■            71% |  ETA: 14m
 ■■■■■■■■■■■■■■■■■■■■■■            71% |  ETA: 14m
 ■■■■■■■■■■■■■■■■■■■■■■            71% |  ETA: 14m
 ■■■■■■■■■■■■■■■■■■■■■■            71% |  ETA: 14m
 ■■■■■■■■■■■■■■■■■■■■■■            71% |  ETA: 13m
 ■■■■■■■■■■■■■■■■■■■■■■            71% |  ETA: 13m
 ■■■■■■■■■■■■■■■■■■■■■■            72% |  ETA: 13m
 ■■■■■■■■■■■■■■■■■■■■■■            72% |  ETA: 13m
 ■■■■■■■■■■■■■■■■■■■■■■■           72% |  ETA: 13m
 ■■■■■■■■■■■■■■■■■■■■■■■           72% |  ETA: 13m
 ■■■■■■■■■■■■■■■■■■■■■■■           72% |  ETA: 13m
 ■■■■■■■■■■■■■■■■■■■■■■■           72% |  ETA: 13m
 ■■■■■■■■■■■■■■■■■■■■■■■           72% |  ETA: 13m
 ■■■■■■■■■■■■■■■■■■■■■■■           72% |  ETA: 13m
 ■■■■■■■■■■■■■■■■■■■■■■■           73% |  ETA: 13m
 ■■■■■■■■■■■■■■■■■■■■■■■           73% |  ETA: 13m
 ■■■■■■■■■■■■■■■■■■■■■■■           73% |  ETA: 13m
 ■■■■■■■■■■■■■■■■■■■■■■■           73% |  ETA: 13m
 ■■■■■■■■■■■■■■■■■■■■■■■           73% |  ETA: 13m
 ■■■■■■■■■■■■■■■■■■■■■■■           73% |  ETA: 13m
 ■■■■■■■■■■■■■■■■■■■■■■■           73% |  ETA: 13m
 ■■■■■■■■■■■■■■■■■■■■■■■           73% |  ETA: 13m
 ■■■■■■■■■■■■■■■■■■■■■■■           73% |  ETA: 12m
 ■■■■■■■■■■■■■■■■■■■■■■■           74% |  ETA: 12m
 ■■■■■■■■■■■■■■■■■■■■■■■           74% |  ETA: 12m
 ■■■■■■■■■■■■■■■■■■■■■■■           74% |  ETA: 12m
 ■■■■■■■■■■■■■■■■■■■■■■■           74% |  ETA: 12m
 ■■■■■■■■■■■■■■■■■■■■■■■           74% |  ETA: 12m
 ■■■■■■■■■■■■■■■■■■■■■■■           74% |  ETA: 12m
 ■■■■■■■■■■■■■■■■■■■■■■■           74% |  ETA: 12m
 ■■■■■■■■■■■■■■■■■■■■■■■           74% |  ETA: 12m
 ■■■■■■■■■■■■■■■■■■■■■■■           74% |  ETA: 12m
 ■■■■■■■■■■■■■■■■■■■■■■■           75% |  ETA: 12m
 ■■■■■■■■■■■■■■■■■■■■■■■           75% |  ETA: 12m
 ■■■■■■■■■■■■■■■■■■■■■■■           75% |  ETA: 12m
 ■■■■■■■■■■■■■■■■■■■■■■■           75% |  ETA: 12m
 ■■■■■■■■■■■■■■■■■■■■■■■           75% |  ETA: 12m
 ■■■■■■■■■■■■■■■■■■■■■■■■          75% |  ETA: 12m
 ■■■■■■■■■■■■■■■■■■■■■■■■          75% |  ETA: 12m
 ■■■■■■■■■■■■■■■■■■■■■■■■          75% |  ETA: 12m
 ■■■■■■■■■■■■■■■■■■■■■■■■          75% |  ETA: 12m
 ■■■■■■■■■■■■■■■■■■■■■■■■          76% |  ETA: 11m
 ■■■■■■■■■■■■■■■■■■■■■■■■          76% |  ETA: 11m
 ■■■■■■■■■■■■■■■■■■■■■■■■          76% |  ETA: 11m
 ■■■■■■■■■■■■■■■■■■■■■■■■          76% |  ETA: 11m
 ■■■■■■■■■■■■■■■■■■■■■■■■          76% |  ETA: 11m
 ■■■■■■■■■■■■■■■■■■■■■■■■          76% |  ETA: 11m
 ■■■■■■■■■■■■■■■■■■■■■■■■          76% |  ETA: 11m
 ■■■■■■■■■■■■■■■■■■■■■■■■          76% |  ETA: 11m
 ■■■■■■■■■■■■■■■■■■■■■■■■          76% |  ETA: 11m
 ■■■■■■■■■■■■■■■■■■■■■■■■          76% |  ETA: 11m
 ■■■■■■■■■■■■■■■■■■■■■■■■          76% |  ETA: 11m
 ■■■■■■■■■■■■■■■■■■■■■■■■          77% |  ETA: 11m
 ■■■■■■■■■■■■■■■■■■■■■■■■          77% |  ETA: 11m
 ■■■■■■■■■■■■■■■■■■■■■■■■          77% |  ETA: 11m
 ■■■■■■■■■■■■■■■■■■■■■■■■          77% |  ETA: 11m
 ■■■■■■■■■■■■■■■■■■■■■■■■          77% |  ETA: 11m
 ■■■■■■■■■■■■■■■■■■■■■■■■          77% |  ETA: 11m
 ■■■■■■■■■■■■■■■■■■■■■■■■          77% |  ETA: 11m
 ■■■■■■■■■■■■■■■■■■■■■■■■          77% |  ETA: 11m
 ■■■■■■■■■■■■■■■■■■■■■■■■          78% |  ETA: 11m
 ■■■■■■■■■■■■■■■■■■■■■■■■          78% |  ETA: 11m
 ■■■■■■■■■■■■■■■■■■■■■■■■          78% |  ETA: 10m
 ■■■■■■■■■■■■■■■■■■■■■■■■          78% |  ETA: 10m
 ■■■■■■■■■■■■■■■■■■■■■■■■          78% |  ETA: 10m
 ■■■■■■■■■■■■■■■■■■■■■■■■          78% |  ETA: 10m
 ■■■■■■■■■■■■■■■■■■■■■■■■          78% |  ETA: 10m
 ■■■■■■■■■■■■■■■■■■■■■■■■■         78% |  ETA: 10m
 ■■■■■■■■■■■■■■■■■■■■■■■■■         79% |  ETA: 10m
 ■■■■■■■■■■■■■■■■■■■■■■■■■         79% |  ETA: 10m
 ■■■■■■■■■■■■■■■■■■■■■■■■■         79% |  ETA: 10m
 ■■■■■■■■■■■■■■■■■■■■■■■■■         79% |  ETA: 10m
 ■■■■■■■■■■■■■■■■■■■■■■■■■         79% |  ETA: 10m
 ■■■■■■■■■■■■■■■■■■■■■■■■■         79% |  ETA: 10m
 ■■■■■■■■■■■■■■■■■■■■■■■■■         79% |  ETA: 10m
 ■■■■■■■■■■■■■■■■■■■■■■■■■         79% |  ETA: 10m
 ■■■■■■■■■■■■■■■■■■■■■■■■■         80% |  ETA: 10m
 ■■■■■■■■■■■■■■■■■■■■■■■■■         80% |  ETA: 10m
 ■■■■■■■■■■■■■■■■■■■■■■■■■         80% |  ETA: 10m
 ■■■■■■■■■■■■■■■■■■■■■■■■■         80% |  ETA:  9m
 ■■■■■■■■■■■■■■■■■■■■■■■■■         80% |  ETA:  9m
 ■■■■■■■■■■■■■■■■■■■■■■■■■         80% |  ETA:  9m
 ■■■■■■■■■■■■■■■■■■■■■■■■■         80% |  ETA:  9m
 ■■■■■■■■■■■■■■■■■■■■■■■■■         80% |  ETA:  9m
 ■■■■■■■■■■■■■■■■■■■■■■■■■         80% |  ETA:  9m
 ■■■■■■■■■■■■■■■■■■■■■■■■■         80% |  ETA:  9m
 ■■■■■■■■■■■■■■■■■■■■■■■■■         81% |  ETA:  9m
 ■■■■■■■■■■■■■■■■■■■■■■■■■         81% |  ETA:  9m
 ■■■■■■■■■■■■■■■■■■■■■■■■■         81% |  ETA:  9m
 ■■■■■■■■■■■■■■■■■■■■■■■■■         81% |  ETA:  9m
 ■■■■■■■■■■■■■■■■■■■■■■■■■         81% |  ETA:  9m
 ■■■■■■■■■■■■■■■■■■■■■■■■■         81% |  ETA:  9m
 ■■■■■■■■■■■■■■■■■■■■■■■■■         81% |  ETA:  9m
 ■■■■■■■■■■■■■■■■■■■■■■■■■         81% |  ETA:  9m
 ■■■■■■■■■■■■■■■■■■■■■■■■■         81% |  ETA:  9m
 ■■■■■■■■■■■■■■■■■■■■■■■■■         81% |  ETA:  9m
 ■■■■■■■■■■■■■■■■■■■■■■■■■         82% |  ETA:  9m
 ■■■■■■■■■■■■■■■■■■■■■■■■■■        82% |  ETA:  9m
 ■■■■■■■■■■■■■■■■■■■■■■■■■■        82% |  ETA:  9m
 ■■■■■■■■■■■■■■■■■■■■■■■■■■        82% |  ETA:  9m
 ■■■■■■■■■■■■■■■■■■■■■■■■■■        82% |  ETA:  9m
 ■■■■■■■■■■■■■■■■■■■■■■■■■■        82% |  ETA:  9m
 ■■■■■■■■■■■■■■■■■■■■■■■■■■        82% |  ETA:  8m
 ■■■■■■■■■■■■■■■■■■■■■■■■■■        82% |  ETA:  8m
 ■■■■■■■■■■■■■■■■■■■■■■■■■■        82% |  ETA:  8m
 ■■■■■■■■■■■■■■■■■■■■■■■■■■        83% |  ETA:  8m
 ■■■■■■■■■■■■■■■■■■■■■■■■■■        83% |  ETA:  8m
 ■■■■■■■■■■■■■■■■■■■■■■■■■■        83% |  ETA:  8m
 ■■■■■■■■■■■■■■■■■■■■■■■■■■        83% |  ETA:  8m
 ■■■■■■■■■■■■■■■■■■■■■■■■■■        83% |  ETA:  8m
 ■■■■■■■■■■■■■■■■■■■■■■■■■■        83% |  ETA:  8m
 ■■■■■■■■■■■■■■■■■■■■■■■■■■        83% |  ETA:  8m
 ■■■■■■■■■■■■■■■■■■■■■■■■■■        83% |  ETA:  8m
 ■■■■■■■■■■■■■■■■■■■■■■■■■■        83% |  ETA:  8m
 ■■■■■■■■■■■■■■■■■■■■■■■■■■        84% |  ETA:  8m
 ■■■■■■■■■■■■■■■■■■■■■■■■■■        84% |  ETA:  8m
 ■■■■■■■■■■■■■■■■■■■■■■■■■■        84% |  ETA:  8m
 ■■■■■■■■■■■■■■■■■■■■■■■■■■        84% |  ETA:  8m
 ■■■■■■■■■■■■■■■■■■■■■■■■■■        84% |  ETA:  8m
 ■■■■■■■■■■■■■■■■■■■■■■■■■■        84% |  ETA:  8m
 ■■■■■■■■■■■■■■■■■■■■■■■■■■        84% |  ETA:  8m
 ■■■■■■■■■■■■■■■■■■■■■■■■■■        84% |  ETA:  7m
 ■■■■■■■■■■■■■■■■■■■■■■■■■■        84% |  ETA:  7m
 ■■■■■■■■■■■■■■■■■■■■■■■■■■        84% |  ETA:  7m
 ■■■■■■■■■■■■■■■■■■■■■■■■■■        85% |  ETA:  7m
 ■■■■■■■■■■■■■■■■■■■■■■■■■■        85% |  ETA:  7m
 ■■■■■■■■■■■■■■■■■■■■■■■■■■        85% |  ETA:  7m
 ■■■■■■■■■■■■■■■■■■■■■■■■■■        85% |  ETA:  7m
 ■■■■■■■■■■■■■■■■■■■■■■■■■■        85% |  ETA:  7m
 ■■■■■■■■■■■■■■■■■■■■■■■■■■■       85% |  ETA:  7m
 ■■■■■■■■■■■■■■■■■■■■■■■■■■■       85% |  ETA:  7m
 ■■■■■■■■■■■■■■■■■■■■■■■■■■■       85% |  ETA:  7m
 ■■■■■■■■■■■■■■■■■■■■■■■■■■■       85% |  ETA:  7m
 ■■■■■■■■■■■■■■■■■■■■■■■■■■■       86% |  ETA:  7m
 ■■■■■■■■■■■■■■■■■■■■■■■■■■■       86% |  ETA:  7m
 ■■■■■■■■■■■■■■■■■■■■■■■■■■■       86% |  ETA:  7m
 ■■■■■■■■■■■■■■■■■■■■■■■■■■■       86% |  ETA:  7m
 ■■■■■■■■■■■■■■■■■■■■■■■■■■■       86% |  ETA:  7m
 ■■■■■■■■■■■■■■■■■■■■■■■■■■■       86% |  ETA:  7m
 ■■■■■■■■■■■■■■■■■■■■■■■■■■■       86% |  ETA:  6m
 ■■■■■■■■■■■■■■■■■■■■■■■■■■■       86% |  ETA:  6m
 ■■■■■■■■■■■■■■■■■■■■■■■■■■■       87% |  ETA:  6m
 ■■■■■■■■■■■■■■■■■■■■■■■■■■■       87% |  ETA:  6m
 ■■■■■■■■■■■■■■■■■■■■■■■■■■■       87% |  ETA:  6m
 ■■■■■■■■■■■■■■■■■■■■■■■■■■■       87% |  ETA:  6m
 ■■■■■■■■■■■■■■■■■■■■■■■■■■■       87% |  ETA:  6m
 ■■■■■■■■■■■■■■■■■■■■■■■■■■■       87% |  ETA:  6m
 ■■■■■■■■■■■■■■■■■■■■■■■■■■■       87% |  ETA:  6m
 ■■■■■■■■■■■■■■■■■■■■■■■■■■■       87% |  ETA:  6m
 ■■■■■■■■■■■■■■■■■■■■■■■■■■■       87% |  ETA:  6m
 ■■■■■■■■■■■■■■■■■■■■■■■■■■■       87% |  ETA:  6m
 ■■■■■■■■■■■■■■■■■■■■■■■■■■■       88% |  ETA:  6m
 ■■■■■■■■■■■■■■■■■■■■■■■■■■■       88% |  ETA:  6m
 ■■■■■■■■■■■■■■■■■■■■■■■■■■■       88% |  ETA:  6m
 ■■■■■■■■■■■■■■■■■■■■■■■■■■■       88% |  ETA:  6m
 ■■■■■■■■■■■■■■■■■■■■■■■■■■■       88% |  ETA:  6m
 ■■■■■■■■■■■■■■■■■■■■■■■■■■■       88% |  ETA:  6m
 ■■■■■■■■■■■■■■■■■■■■■■■■■■■■      88% |  ETA:  5m
 ■■■■■■■■■■■■■■■■■■■■■■■■■■■■      89% |  ETA:  5m
 ■■■■■■■■■■■■■■■■■■■■■■■■■■■■      89% |  ETA:  5m
 ■■■■■■■■■■■■■■■■■■■■■■■■■■■■      89% |  ETA:  5m
 ■■■■■■■■■■■■■■■■■■■■■■■■■■■■      89% |  ETA:  5m
 ■■■■■■■■■■■■■■■■■■■■■■■■■■■■      89% |  ETA:  5m
 ■■■■■■■■■■■■■■■■■■■■■■■■■■■■      89% |  ETA:  5m
 ■■■■■■■■■■■■■■■■■■■■■■■■■■■■      89% |  ETA:  5m
 ■■■■■■■■■■■■■■■■■■■■■■■■■■■■      90% |  ETA:  5m
 ■■■■■■■■■■■■■■■■■■■■■■■■■■■■      90% |  ETA:  5m
 ■■■■■■■■■■■■■■■■■■■■■■■■■■■■      90% |  ETA:  5m
 ■■■■■■■■■■■■■■■■■■■■■■■■■■■■      90% |  ETA:  5m
 ■■■■■■■■■■■■■■■■■■■■■■■■■■■■      90% |  ETA:  5m
 ■■■■■■■■■■■■■■■■■■■■■■■■■■■■      90% |  ETA:  5m
 ■■■■■■■■■■■■■■■■■■■■■■■■■■■■      90% |  ETA:  5m
 ■■■■■■■■■■■■■■■■■■■■■■■■■■■■      90% |  ETA:  5m
 ■■■■■■■■■■■■■■■■■■■■■■■■■■■■      91% |  ETA:  4m
 ■■■■■■■■■■■■■■■■■■■■■■■■■■■■      91% |  ETA:  4m
 ■■■■■■■■■■■■■■■■■■■■■■■■■■■■      91% |  ETA:  4m
 ■■■■■■■■■■■■■■■■■■■■■■■■■■■■      91% |  ETA:  4m
 ■■■■■■■■■■■■■■■■■■■■■■■■■■■■      91% |  ETA:  4m
 ■■■■■■■■■■■■■■■■■■■■■■■■■■■■      91% |  ETA:  4m
 ■■■■■■■■■■■■■■■■■■■■■■■■■■■■      91% |  ETA:  4m
 ■■■■■■■■■■■■■■■■■■■■■■■■■■■■      92% |  ETA:  4m
 ■■■■■■■■■■■■■■■■■■■■■■■■■■■■■     92% |  ETA:  4m
 ■■■■■■■■■■■■■■■■■■■■■■■■■■■■■     92% |  ETA:  4m
 ■■■■■■■■■■■■■■■■■■■■■■■■■■■■■     92% |  ETA:  4m
 ■■■■■■■■■■■■■■■■■■■■■■■■■■■■■     92% |  ETA:  4m
 ■■■■■■■■■■■■■■■■■■■■■■■■■■■■■     92% |  ETA:  4m
 ■■■■■■■■■■■■■■■■■■■■■■■■■■■■■     92% |  ETA:  4m
 ■■■■■■■■■■■■■■■■■■■■■■■■■■■■■     93% |  ETA:  3m
 ■■■■■■■■■■■■■■■■■■■■■■■■■■■■■     93% |  ETA:  3m
 ■■■■■■■■■■■■■■■■■■■■■■■■■■■■■     93% |  ETA:  3m
 ■■■■■■■■■■■■■■■■■■■■■■■■■■■■■     93% |  ETA:  3m
 ■■■■■■■■■■■■■■■■■■■■■■■■■■■■■     93% |  ETA:  3m
 ■■■■■■■■■■■■■■■■■■■■■■■■■■■■■     93% |  ETA:  3m
 ■■■■■■■■■■■■■■■■■■■■■■■■■■■■■     93% |  ETA:  3m
 ■■■■■■■■■■■■■■■■■■■■■■■■■■■■■     93% |  ETA:  3m
 ■■■■■■■■■■■■■■■■■■■■■■■■■■■■■     93% |  ETA:  3m
 ■■■■■■■■■■■■■■■■■■■■■■■■■■■■■     93% |  ETA:  3m
 ■■■■■■■■■■■■■■■■■■■■■■■■■■■■■     93% |  ETA:  3m
 ■■■■■■■■■■■■■■■■■■■■■■■■■■■■■     93% |  ETA:  3m
 ■■■■■■■■■■■■■■■■■■■■■■■■■■■■■     94% |  ETA:  3m
 ■■■■■■■■■■■■■■■■■■■■■■■■■■■■■     94% |  ETA:  3m
 ■■■■■■■■■■■■■■■■■■■■■■■■■■■■■     94% |  ETA:  3m
 ■■■■■■■■■■■■■■■■■■■■■■■■■■■■■     94% |  ETA:  3m
 ■■■■■■■■■■■■■■■■■■■■■■■■■■■■■     94% |  ETA:  3m
 ■■■■■■■■■■■■■■■■■■■■■■■■■■■■■     94% |  ETA:  3m
 ■■■■■■■■■■■■■■■■■■■■■■■■■■■■■     94% |  ETA:  3m
 ■■■■■■■■■■■■■■■■■■■■■■■■■■■■■     94% |  ETA:  3m
 ■■■■■■■■■■■■■■■■■■■■■■■■■■■■■     94% |  ETA:  3m
 ■■■■■■■■■■■■■■■■■■■■■■■■■■■■■     95% |  ETA:  3m
 ■■■■■■■■■■■■■■■■■■■■■■■■■■■■■     95% |  ETA:  2m
 ■■■■■■■■■■■■■■■■■■■■■■■■■■■■■     95% |  ETA:  2m
 ■■■■■■■■■■■■■■■■■■■■■■■■■■■■■     95% |  ETA:  2m
 ■■■■■■■■■■■■■■■■■■■■■■■■■■■■■■    95% |  ETA:  2m
 ■■■■■■■■■■■■■■■■■■■■■■■■■■■■■■    95% |  ETA:  2m
 ■■■■■■■■■■■■■■■■■■■■■■■■■■■■■■    95% |  ETA:  2m
 ■■■■■■■■■■■■■■■■■■■■■■■■■■■■■■    95% |  ETA:  2m
 ■■■■■■■■■■■■■■■■■■■■■■■■■■■■■■    95% |  ETA:  2m
 ■■■■■■■■■■■■■■■■■■■■■■■■■■■■■■    96% |  ETA:  2m
 ■■■■■■■■■■■■■■■■■■■■■■■■■■■■■■    96% |  ETA:  2m
 ■■■■■■■■■■■■■■■■■■■■■■■■■■■■■■    96% |  ETA:  2m
 ■■■■■■■■■■■■■■■■■■■■■■■■■■■■■■    96% |  ETA:  2m
 ■■■■■■■■■■■■■■■■■■■■■■■■■■■■■■    96% |  ETA:  2m
 ■■■■■■■■■■■■■■■■■■■■■■■■■■■■■■    96% |  ETA:  2m
 ■■■■■■■■■■■■■■■■■■■■■■■■■■■■■■    96% |  ETA:  2m
 ■■■■■■■■■■■■■■■■■■■■■■■■■■■■■■    96% |  ETA:  2m
 ■■■■■■■■■■■■■■■■■■■■■■■■■■■■■■    97% |  ETA:  2m
 ■■■■■■■■■■■■■■■■■■■■■■■■■■■■■■    97% |  ETA:  2m
 ■■■■■■■■■■■■■■■■■■■■■■■■■■■■■■    97% |  ETA:  2m
 ■■■■■■■■■■■■■■■■■■■■■■■■■■■■■■    97% |  ETA:  1m
 ■■■■■■■■■■■■■■■■■■■■■■■■■■■■■■    97% |  ETA:  1m
 ■■■■■■■■■■■■■■■■■■■■■■■■■■■■■■    97% |  ETA:  1m
 ■■■■■■■■■■■■■■■■■■■■■■■■■■■■■■    97% |  ETA:  1m
 ■■■■■■■■■■■■■■■■■■■■■■■■■■■■■■    97% |  ETA:  1m
 ■■■■■■■■■■■■■■■■■■■■■■■■■■■■■■    98% |  ETA:  1m
 ■■■■■■■■■■■■■■■■■■■■■■■■■■■■■■    98% |  ETA:  1m
 ■■■■■■■■■■■■■■■■■■■■■■■■■■■■■■    98% |  ETA:  1m
 ■■■■■■■■■■■■■■■■■■■■■■■■■■■■■■    98% |  ETA:  1m
 ■■■■■■■■■■■■■■■■■■■■■■■■■■■■■■    98% |  ETA:  1m
 ■■■■■■■■■■■■■■■■■■■■■■■■■■■■■■    98% |  ETA:  1m
 ■■■■■■■■■■■■■■■■■■■■■■■■■■■■■■■   98% |  ETA: 46s
 ■■■■■■■■■■■■■■■■■■■■■■■■■■■■■■■   98% |  ETA: 43s
 ■■■■■■■■■■■■■■■■■■■■■■■■■■■■■■■   99% |  ETA: 38s
 ■■■■■■■■■■■■■■■■■■■■■■■■■■■■■■■   99% |  ETA: 35s
 ■■■■■■■■■■■■■■■■■■■■■■■■■■■■■■■   99% |  ETA: 32s
 ■■■■■■■■■■■■■■■■■■■■■■■■■■■■■■■   99% |  ETA: 29s
 ■■■■■■■■■■■■■■■■■■■■■■■■■■■■■■■   99% |  ETA: 28s
 ■■■■■■■■■■■■■■■■■■■■■■■■■■■■■■■   99% |  ETA: 27s
 ■■■■■■■■■■■■■■■■■■■■■■■■■■■■■■■   99% |  ETA: 25s
 ■■■■■■■■■■■■■■■■■■■■■■■■■■■■■■■   99% |  ETA: 21s
 ■■■■■■■■■■■■■■■■■■■■■■■■■■■■■■■   99% |  ETA: 18s
 ■■■■■■■■■■■■■■■■■■■■■■■■■■■■■■■  100% |  ETA: 13s
 ■■■■■■■■■■■■■■■■■■■■■■■■■■■■■■■  100% |  ETA: 10s
 ■■■■■■■■■■■■■■■■■■■■■■■■■■■■■■■  100% |  ETA:  7s
 ■■■■■■■■■■■■■■■■■■■■■■■■■■■■■■■  100% |  ETA:  3s
The dimension of MR results is: 1907 x 16
Done.
Warning messages:
1: In (function (..., deparse.level = 1)  :
  number of rows of result is not a multiple of vector length (arg 1)
2: glm.fit: fitted probabilities numerically 0 or 1 occurred 
end at:
Wed Nov  5 00:19:53 CST 2025
