start at:
Tue Sep  9 21:28:28 CST 2025
This directory already exists.
regenie version:
v4.1.gz
--------start
Start time: Tue Sep  9 21:29:10 2025

              |===========================|
              |      REGENIE v4.1.gz      |
              |===========================|

Copyright (c) 2020-2024 Joelle Mbatchou, Andrey Ziyatdinov and Jonathan Marchini.
Distributed under the MIT License.
Compiled with Boost Iostream library.
Using Intel MKL with Eigen.

Log of output saved in file : /share/home/lsy_luzhen/WGS_GWAS_and_MR/tmp_ssh_data/GWAS_european/gene_based/testing_results/step2_gb_euro_cin3plus_chr8.log

Options in effect:
  --step 2 \
  --pgen /share/home/lsy_luzhen/WGS_GWAS_and_MR/tmp_ssh_data/GWAS_european/gene_based/EuroPrePCA_ref38_rsID \
  --chr 8 \
  --phenoFile /share/home/lsy_luzhen/WGS_GWAS_and_MR/tmp_ssh_data/GWAS_european/T002_CIN3plus_phenotype.txt \
  --bt \
  --covarFile /share/home/lsy_luzhen/WGS_GWAS_and_MR/tmp_ssh_data/GWAS_european/T002_CIN3plus_covars.txt \
  --catCovarList Smoking_status,Alcohol_intake_frequency,Genotype_measurement_batch \
  --strict \
  --bsize 1000 \
  --firth \
  --approx \
  --threads 16 \
  --pred /share/home/lsy_luzhen/WGS_GWAS_and_MR/tmp_ssh_data/GWAS_european/step1/regenie_step1_euro_cin3plus_pred.list \
  --use-null-firth /share/home/lsy_luzhen/WGS_GWAS_and_MR/tmp_ssh_data/GWAS_european/step1/regenie_step1_euro_cin3plus_firth.list \
  --anno-file /share/home/lsy_luzhen/WGS_GWAS_and_MR/tmp_ssh_data/GWAS_european/gene_based/anno_file_unique_filtered.txt \
  --set-list /share/home/lsy_luzhen/WGS_GWAS_and_MR/tmp_ssh_data/GWAS_european/gene_based/set_list_unique_filtered.txt \
  --mask-def /share/home/lsy_luzhen/WGS_GWAS_and_MR/tmp_ssh_data/GWAS_european/gene_based/mask_file.txt \
  --aaf-bins 0.001,0.01,0.05,0.1 \
  --vc-MACthr 10 \
  --joint acat,sbat \
  --vc-tests skato,acato-full \
  --rgc-gene-p \
  --out /share/home/lsy_luzhen/WGS_GWAS_and_MR/tmp_ssh_data/GWAS_european/gene_based/testing_results/step2_gb_euro_cin3plus_chr8

Association testing mode (joint tests) with fast multithreading using OpenMP
 * pvar             : [/share/home/lsy_luzhen/WGS_GWAS_and_MR/tmp_ssh_data/GWAS_european/gene_based/EuroPrePCA_ref38_rsID.pvar] n_snps = 1400147917
 * psam             : [/share/home/lsy_luzhen/WGS_GWAS_and_MR/tmp_ssh_data/GWAS_european/gene_based/EuroPrePCA_ref38_rsID.psam] n_samples = 202952
 * pgen             : [/share/home/lsy_luzhen/WGS_GWAS_and_MR/tmp_ssh_data/GWAS_european/gene_based/EuroPrePCA_ref38_rsID.pgen] 
 * phenotypes       : [/share/home/lsy_luzhen/WGS_GWAS_and_MR/tmp_ssh_data/GWAS_european/T002_CIN3plus_phenotype.txt] n_pheno = 1
   -dropping observations with missing values at any of the phenotypes
   -number of phenotyped individuals with no missing data = 202952
 * covariates       : [/share/home/lsy_luzhen/WGS_GWAS_and_MR/tmp_ssh_data/GWAS_european/T002_CIN3plus_covars.txt] n_cov = 26
   -number of individuals with covariate data = 202952
 * number of individuals used in analysis = 202952
 * case-control counts for each trait:
   - 'CIN3plus': 5544 cases and 197408 controls
 * LOCO predictions : [/share/home/lsy_luzhen/WGS_GWAS_and_MR/tmp_ssh_data/GWAS_european/step1/regenie_step1_euro_cin3plus_pred.list]
   -file [/share/home/lsy_luzhen/WGS_GWAS_and_MR/tmp_ssh_data/GWAS_european/step1/regenie_step1_euro_cin3plus_1.loco] for phenotype 'CIN3plus'
 * annotations      : [/share/home/lsy_luzhen/WGS_GWAS_and_MR/tmp_ssh_data/GWAS_european/gene_based/anno_file_unique_filtered.txt] 
   +number of annotations categories = 6
 * masks            : [/share/home/lsy_luzhen/WGS_GWAS_and_MR/tmp_ssh_data/GWAS_european/gene_based/mask_file.txt] n_masks = 7
 * aaf cutoffs      : [ 4 : 0.001 0.01 0.05 0.1 ] + singletons
 * set file         : [/share/home/lsy_luzhen/WGS_GWAS_and_MR/tmp_ssh_data/GWAS_european/gene_based/set_list_unique_filtered.txt] n_sets = 1219
WARNING: Detected 30 sets with variants not in genetic data or annotation files.
 * # threads        : [16]
 * # tested sets    : [1219]
 * max block size   : [1000]
 * rule used to build masks : max
 * computing gene-based tests for each set of variants included in a mask (rho=[0,0.01,0.04,0.09,0.16,0.25,0.5,1])
  -variants with MAC <= 10 are collapsed into a mask
  -weights are obtained from Beta(MAF,1,25)
  -list of gene-based tests run: ACATO,ACATV,SKATO,SKATO-ACAT
 * applying ACAT to output overall gene p-value
 * approximate memory usage : 56859GB
 * using minimum MAC of 5 (masks with lower MAC are ignored)
 * using fast Firth correction for logistic/cox regression p-values less than 0.05
 * user specified to test only on select chromosomes
WARNING: Joint SBAT test only for QTs.
 * number of mask groups run through gene-p strategy = 2
 * list of joint tests run on burden masks: ACAT

Chromosome 8 [1219 sets in total]
   -reading loco predictions for the chromosome...done (6456ms) 
   -fitting null logistic regression on binary phenotypes...done (223ms) 
   -fitting null Firth logistic regression on binary phenotypes...done (6121ms) 
 set [1/1219] : AARD - 6492 variants...
     -reading in genotypes, computing gene-based tests and building masks...done (12984ms) 
     -computing association tests...done (9ms) 
     -computing joint association tests...done (0ms) 
 set [2/1219] : ABRA - 9615 variants...
     -reading in genotypes, computing gene-based tests and building masks...done (7298ms) 
     -computing association tests...done (64ms) 
     -computing joint association tests...done (1ms) 
 set [3/1219] : ABRAXAS1P2 - 263 variants...
     -reading in genotypes, computing gene-based tests and building masks...done (348ms) 
     -computing association tests...done (5ms) 
     -computing joint association tests...done (0ms) 
 set [4/1219] : ACTBP6 - 6254 variants...
     -reading in genotypes, computing gene-based tests and building masks...done (4207ms) 
     -computing association tests...done (40ms) 
     -computing joint association tests...done (0ms) 
 set [5/1219] : ADAM18 - 64750 variants...
     -reading in genotypes, computing gene-based tests and building masks...done (52134ms) 
     -computing association tests...done (16ms) 
     -computing joint association tests...done (0ms) 
 set [6/1219] : ADAM24P - 7012 variants...
     -reading in genotypes, computing gene-based tests and building masks...done (10407ms) 
     -computing association tests...done (10ms) 
     -computing joint association tests...done (0ms) 
 set [7/1219] : ADAM2 - 44419 variants...
     -reading in genotypes, computing gene-based tests and building masks...done (35405ms) 
     -computing association tests...done (60ms) 
     -computing joint association tests...done (0ms) 
 set [8/1219] : ADAM28 - 32212 variants...
     -reading in genotypes, computing gene-based tests and building masks...done (36745ms) 
     -computing association tests...done (15ms) 
     -computing joint association tests...done (0ms) 
 set [9/1219] : ADAM32 - 71298 variants...
     -reading in genotypes, computing gene-based tests and building masks...done (63810ms) 
     -computing association tests...done (16ms) 
     -computing joint association tests...done (0ms) 
 set [10/1219] : ADAM3A - 38670 variants...
     -reading in genotypes, computing gene-based tests and building masks...done (319215ms) 
     -computing association tests...done (19ms) 
     -computing joint association tests...done (0ms) 
 set [11/1219] : ADAM7 - 34832 variants...
     -reading in genotypes, computing gene-based tests and building masks...done (24920ms) 
     -computing association tests...done (14ms) 
     -computing joint association tests...done (0ms) 
 set [12/1219] : ADAM7-AS1 - 257680 variants...
     -reading in genotypes, computing gene-based tests and building masks...done (453784ms) 
     -computing association tests...done (54ms) 
     -computing joint association tests...done (0ms) 
 set [13/1219] : ADAM9 - 47630 variants...
     -reading in genotypes, computing gene-based tests and building masks...done (53345ms) 
     -computing association tests...done (13ms) 
     -computing joint association tests...done (0ms) 
 set [14/1219] : ADAMDEC1 - 13223 variants...
     -reading in genotypes, computing gene-based tests and building masks...done (9236ms) 
     -computing association tests...done (68ms) 
     -computing joint association tests...done (0ms) 
 set [15/1219] : ADCK5 - 12811 variants...
     -reading in genotypes, computing gene-based tests and building masks...done (10563ms) 
     -computing association tests...done (12ms) 
     -computing joint association tests...done (0ms) 
 set [16/1219] : ADCY8 - 113880 variants...
     -reading in genotypes, computing gene-based tests and building masks...done (124925ms) 
     -computing association tests...done (15ms) 
     -computing joint association tests...done (0ms) 
 set [17/1219] : ADGRA2 - 24058 variants...
     -reading in genotypes, computing gene-based tests and building masks...done (25477ms) 
     -computing association tests...done (46ms) 
     -computing joint association tests...done (0ms) 
 set [18/1219] : ADGRB1 - 61190 variants...
     -reading in genotypes, computing gene-based tests and building masks...done (75419ms) 
     -computing association tests...done (16ms) 
     -computing joint association tests...done (0ms) 
 set [19/1219] : ADHFE1 - 18442 variants...
     -reading in genotypes, computing gene-based tests and building masks...done (17373ms) 
     -computing association tests...done (52ms) 
     -computing joint association tests...done (0ms) 
 set [20/1219] : ADI1P2 - 141 variants...
     -reading in genotypes, computing gene-based tests and building masks...done (8042ms) 
     -computing association tests...done (6ms) 
     -computing joint association tests...done (0ms) 
 set [21/1219] : ADRA1A - 54407 variants...
     -reading in genotypes, computing gene-based tests and building masks...done (51624ms) 
     -computing association tests...done (43ms) 
     -computing joint association tests...done (0ms) 
 set [22/1219] : ADRB3 - 6309 variants...
     -reading in genotypes, computing gene-based tests and building masks...done (10565ms) 
     -computing association tests...done (9ms) 
     -computing joint association tests...done (0ms) 
 set [23/1219] : AFG3L2P1 - 6114 variants...
     -reading in genotypes, computing gene-based tests and building masks...done (4032ms) 
     -computing association tests...done (40ms) 
     -computing joint association tests...done (0ms) 
 set [24/1219] : AGO2 - 58169 variants...
     -reading in genotypes, computing gene-based tests and building masks...done (80331ms) 
     -computing association tests...done (49ms) 
     -computing joint association tests...done (0ms) 
 set [25/1219] : AGPAT5 - 39313 variants...
     -reading in genotypes, computing gene-based tests and building masks...done (34975ms) 
     -computing association tests...done (47ms) 
     -computing joint association tests...done (0ms) 
 set [26/1219] : AK3P2 - 641 variants...
     -reading in genotypes, computing gene-based tests and building masks...done (2356ms) 
     -computing association tests...done (10ms) 
     -computing joint association tests...done (0ms) 
 set [27/1219] : ALG1L13P - 1216 variants...
     -reading in genotypes, computing gene-based tests and building masks...done (3076ms) 
     -computing association tests...done (5ms) 
     -computing joint association tests...done (0ms) 
 set [28/1219] : ALKAL1 - 16636 variants...
     -reading in genotypes, computing gene-based tests and building masks...done (18714ms) 
     -computing association tests...done (55ms) 
     -computing joint association tests...done (0ms) 
 set [29/1219] : ANGPT1 - 107319 variants...
     -reading in genotypes, computing gene-based tests and building masks...done (149981ms) 
     -computing association tests...done (49ms) 
     -computing joint association tests...done (0ms) 
 set [30/1219] : ANK1 - 111194 variants...
     -reading in genotypes, computing gene-based tests and building masks...done (130652ms) 
     -computing association tests...done (17ms) 
     -computing joint association tests...done (0ms) 
 set [31/1219] : ANKRD46 - 22724 variants...
     -reading in genotypes, computing gene-based tests and building masks...done (15370ms) 
     -computing association tests...done (15ms) 
     -computing joint association tests...done (0ms) 
 set [32/1219] : ANXA13 - 27220 variants...
     -reading in genotypes, computing gene-based tests and building masks...done (20455ms) 
     -computing association tests...done (11ms) 
     -computing joint association tests...done (0ms) 
 set [33/1219] : AP3M2 - 9739 variants...
     -reading in genotypes, computing gene-based tests and building masks...done (7535ms) 
     -computing association tests...done (57ms) 
     -computing joint association tests...done (0ms) 
 set [34/1219] : ARC - 7962 variants...
     -reading in genotypes, computing gene-based tests and building masks...done (11170ms) 
     -computing association tests...done (11ms) 
     -computing joint association tests...done (0ms) 
 set [35/1219] : ARF1P3 - 208 variants...
     -reading in genotypes, computing gene-based tests and building masks...done (342ms) 
     -computing association tests...done (1ms) 
     -computing joint association tests...done (0ms) 
 set [36/1219] : ARFGEF1 - 70046 variants...
     -reading in genotypes, computing gene-based tests and building masks...done (88080ms) 
     -computing association tests...done (12ms) 
     -computing joint association tests...done (0ms) 
 set [37/1219] : ARFGEF1-DT - 31047 variants...
     -reading in genotypes, computing gene-based tests and building masks...done (28448ms) 
     -computing association tests...done (9ms) 
     -computing joint association tests...done (0ms) 
 set [38/1219] : ARHGAP39 - 81114 variants...
     -reading in genotypes, computing gene-based tests and building masks...done (147695ms) 
     -computing association tests...done (70ms) 
     -computing joint association tests...done (0ms) 
 set [39/1219] : ARHGEF10 - 110673 variants...
     -reading in genotypes, computing gene-based tests and building masks...done (197475ms) 
     -computing association tests...done (65ms) 
     -computing joint association tests...done (0ms) 
 set [40/1219] : ARMC1 - 18767 variants...
     -reading in genotypes, computing gene-based tests and building masks...done (14935ms) 
     -computing association tests...done (47ms) 
     -computing joint association tests...done (0ms) 
 set [41/1219] : ASAH1 - 20718 variants...
     -reading in genotypes, computing gene-based tests and building masks...done (15752ms) 
     -computing association tests...done (46ms) 
     -computing joint association tests...done (0ms) 
 set [42/1219] : ASAH1-AS1 - 20961 variants...
     -reading in genotypes, computing gene-based tests and building masks...done (15119ms) 
     -computing association tests...done (11ms) 
     -computing joint association tests...done (0ms) 
 set [43/1219] : ASAP1 - 195378 variants...
     -reading in genotypes, computing gene-based tests and building masks...done (451405ms) 
     -computing association tests...done (16ms) 
     -computing joint association tests...done (0ms) 
 set [44/1219] : ASH2L - 18268 variants...
     -reading in genotypes, computing gene-based tests and building masks...done (18619ms) 
     -computing association tests...done (48ms) 
     -computing joint association tests...done (0ms) 
 set [45/1219] : ASNSP1 - 31769 variants...
     -reading in genotypes, computing gene-based tests and building masks...done (26404ms) 
     -computing association tests...done (12ms) 
     -computing joint association tests...done (0ms) 
 set [46/1219] : ASNSP4 - 30 variants...
     -reading in genotypes, computing gene-based tests and building masks...done (3727ms) 
     -computing association tests...done (0ms) 
     -computing joint association tests...done (0ms) 
 set [47/1219] : ASPH - 83332 variants...
     -reading in genotypes, computing gene-based tests and building masks...done (79487ms) 
     -computing association tests...done (51ms) 
     -computing joint association tests...done (0ms) 
 set [48/1219] : ASTILCS - 993 variants...
     -reading in genotypes, computing gene-based tests and building masks...done (8621ms) 
     -computing association tests...done (8ms) 
     -computing joint association tests...done (0ms) 
 set [49/1219] : ATAD2 - 41399 variants...
     -reading in genotypes, computing gene-based tests and building masks...done (53390ms) 
     -computing association tests...done (52ms) 
     -computing joint association tests...done (0ms) 
 set [50/1219] : ATP6V0D2 - 52583 variants...
     -reading in genotypes, computing gene-based tests and building masks...done (54470ms) 
     -computing association tests...done (14ms) 
     -computing joint association tests...done (0ms) 
 set [51/1219] : ATP6V1B2 - 15709 variants...
     -reading in genotypes, computing gene-based tests and building masks...done (17569ms) 
     -computing association tests...done (44ms) 
     -computing joint association tests...done (0ms) 
 set [52/1219] : ATP6V1C1 - 24276 variants...
     -reading in genotypes, computing gene-based tests and building masks...done (25525ms) 
     -computing association tests...done (45ms) 
     -computing joint association tests...done (0ms) 
 set [53/1219] : ATP6V1G1P2 - 76 variants...
     -reading in genotypes, computing gene-based tests and building masks...done (5852ms) 
     -computing association tests...done (0ms) 
     -computing joint association tests...done (0ms) 
 set [54/1219] : ATP6V1H - 59133 variants...
     -reading in genotypes, computing gene-based tests and building masks...done (59384ms) 
     -computing association tests...done (48ms) 
     -computing joint association tests...done (0ms) 
 set [55/1219] : AURKBP1 - 6356 variants...
     -reading in genotypes, computing gene-based tests and building masks...done (6496ms) 
     -computing association tests...done (12ms) 
     -computing joint association tests...done (0ms) 
 set [56/1219] : AZIN1 - 20332 variants...
     -reading in genotypes, computing gene-based tests and building masks...done (22924ms) 
     -computing association tests...done (12ms) 
     -computing joint association tests...done (0ms) 
 set [57/1219] : BAALC - 37654 variants...
     -reading in genotypes, computing gene-based tests and building masks...done (31863ms) 
     -computing association tests...done (52ms) 
     -computing joint association tests...done (0ms) 
 set [58/1219] : BAALC-AS1 - 32223 variants...
     -reading in genotypes, computing gene-based tests and building masks...done (25001ms) 
     -computing association tests...done (10ms) 
     -computing joint association tests...done (0ms) 
 set [59/1219] : BAALC-AS2 - 3012 variants...
     -reading in genotypes, computing gene-based tests and building masks...done (1961ms) 
     -computing association tests...done (7ms) 
     -computing joint association tests...done (0ms) 
 set [60/1219] : BAG4 - 20412 variants...
     -reading in genotypes, computing gene-based tests and building masks...done (18169ms) 
     -computing association tests...done (18ms) 
     -computing joint association tests...done (0ms) 
 set [61/1219] : BHLHE22 - 4671 variants...
     -reading in genotypes, computing gene-based tests and building masks...done (7146ms) 
     -computing association tests...done (9ms) 
     -computing joint association tests...done (0ms) 
 set [62/1219] : BHLHE22-AS1 - 2561 variants...
     -reading in genotypes, computing gene-based tests and building masks...done (1706ms) 
     -computing association tests...done (43ms) 
     -computing joint association tests...done (0ms) 
 set [63/1219] : BIN3 - 26616 variants...
     -reading in genotypes, computing gene-based tests and building masks...done (26842ms) 
     -computing association tests...done (14ms) 
     -computing joint association tests...done (0ms) 
 set [64/1219] : BLK - 50045 variants...
     -reading in genotypes, computing gene-based tests and building masks...done (49620ms) 
     -computing association tests...done (59ms) 
     -computing joint association tests...done (0ms) 
 set [65/1219] : BMP1 - 26769 variants...
     -reading in genotypes, computing gene-based tests and building masks...done (22645ms) 
     -computing association tests...done (59ms) 
     -computing joint association tests...done (0ms) 
 set [66/1219] : BNIP3L - 42588 variants...
     -reading in genotypes, computing gene-based tests and building masks...done (33952ms) 
     -computing association tests...done (12ms) 
     -computing joint association tests...done (0ms) 
 set [67/1219] : BOP1 - 21344 variants...
     -reading in genotypes, computing gene-based tests and building masks...done (19972ms) 
     -computing association tests...done (59ms) 
     -computing joint association tests...done (0ms) 
 set [68/1219] : BPNT2 - 20941 variants...
     -reading in genotypes, computing gene-based tests and building masks...done (21792ms) 
     -computing association tests...done (11ms) 
     -computing joint association tests...done (0ms) 
 set [69/1219] : BRF2 - 4430 variants...
     -reading in genotypes, computing gene-based tests and building masks...done (3493ms) 
     -computing association tests...done (9ms) 
     -computing joint association tests...done (0ms) 
 set [70/1219] : C1GALT1P3 - 359 variants...
     -reading in genotypes, computing gene-based tests and building masks...done (370ms) 
     -computing association tests...done (1ms) 
     -computing joint association tests...done (0ms) 
 set [71/1219] : C8orf33 - 12865 variants...
     -reading in genotypes, computing gene-based tests and building masks...done (10362ms) 
     -computing association tests...done (42ms) 
     -computing joint association tests...done (0ms) 
 set [72/1219] : C8orf34 - 211066 variants...
     -reading in genotypes, computing gene-based tests and building masks...done (331873ms) 
     -computing association tests...done (51ms) 
     -computing joint association tests...done (0ms) 
 set [73/1219] : C8orf34-AS1 - 10701 variants...
     -reading in genotypes, computing gene-based tests and building masks...done (9077ms) 
     -computing association tests...done (9ms) 
     -computing joint association tests...done (0ms) 
 set [74/1219] : C8orf44 - 7264 variants...
     -reading in genotypes, computing gene-based tests and building masks...done (6737ms) 
     -computing association tests...done (10ms) 
     -computing joint association tests...done (0ms) 
 set [75/1219] : C8orf48 - 7080 variants...
     -reading in genotypes, computing gene-based tests and building masks...done (11333ms) 
     -computing association tests...done (10ms) 
     -computing joint association tests...done (0ms) 
 set [76/1219] : C8orf58 - 1351 variants...
     -reading in genotypes, computing gene-based tests and building masks...done (3046ms) 
     -computing association tests...done (6ms) 
     -computing joint association tests...done (0ms) 
 set [77/1219] : C8orf74 - 26551 variants...
     -reading in genotypes, computing gene-based tests and building masks...done (22817ms) 
     -computing association tests...done (11ms) 
     -computing joint association tests...done (0ms) 
 set [78/1219] : C8orf76 - 13062 variants...
     -reading in genotypes, computing gene-based tests and building masks...done (9206ms) 
     -computing association tests...done (20ms) 
     -computing joint association tests...done (0ms) 
 set [79/1219] : C8orf82 - 6444 variants...
     -reading in genotypes, computing gene-based tests and building masks...done (10463ms) 
     -computing association tests...done (11ms) 
     -computing joint association tests...done (0ms) 
 set [80/1219] : C8orf88 - 10211 variants...
     -reading in genotypes, computing gene-based tests and building masks...done (7382ms) 
     -computing association tests...done (11ms) 
     -computing joint association tests...done (0ms) 
 set [81/1219] : C8orf89 - 11090 variants...
     -reading in genotypes, computing gene-based tests and building masks...done (11129ms) 
     -computing association tests...done (11ms) 
     -computing joint association tests...done (0ms) 
 set [82/1219] : C8orf90 - 7398 variants...
     -reading in genotypes, computing gene-based tests and building masks...done (11930ms) 
     -computing association tests...done (9ms) 
     -computing joint association tests...done (0ms) 
 set [83/1219] : CA13 - 19984 variants...
     -reading in genotypes, computing gene-based tests and building masks...done (15798ms) 
     -computing association tests...done (64ms) 
     -computing joint association tests...done (0ms) 
 set [84/1219] : CA1 - 24083 variants...
     -reading in genotypes, computing gene-based tests and building masks...done (20533ms) 
     -computing association tests...done (10ms) 
     -computing joint association tests...done (0ms) 
 set [85/1219] : CA2 - 11449 variants...
     -reading in genotypes, computing gene-based tests and building masks...done (8340ms) 
     -computing association tests...done (63ms) 
     -computing joint association tests...done (0ms) 
 set [86/1219] : CA3 - 26944 variants...
     -reading in genotypes, computing gene-based tests and building masks...done (19058ms) 
     -computing association tests...done (42ms) 
     -computing joint association tests...done (0ms) 
 set [87/1219] : CA3-AS1 - 1837 variants...
     -reading in genotypes, computing gene-based tests and building masks...done (1435ms) 
     -computing association tests...done (6ms) 
     -computing joint association tests...done (0ms) 
 set [88/1219] : CA8 - 43182 variants...
     -reading in genotypes, computing gene-based tests and building masks...done (37938ms) 
     -computing association tests...done (11ms) 
     -computing joint association tests...done (0ms) 
 set [89/1219] : CALB1 - 17496 variants...
     -reading in genotypes, computing gene-based tests and building masks...done (12183ms) 
     -computing association tests...done (11ms) 
     -computing joint association tests...done (0ms) 
 set [90/1219] : CARS1P2 - 4007 variants...
     -reading in genotypes, computing gene-based tests and building masks...done (5805ms) 
     -computing association tests...done (42ms) 
     -computing joint association tests...done (0ms) 
 set [91/1219] : CASC11 - 21147 variants...
     -reading in genotypes, computing gene-based tests and building masks...done (14365ms) 
     -computing association tests...done (44ms) 
     -computing joint association tests...done (0ms) 
 set [92/1219] : CASC19 - 56514 variants...
     -reading in genotypes, computing gene-based tests and building masks...done (56946ms) 
     -computing association tests...done (14ms) 
     -computing joint association tests...done (0ms) 
 set [93/1219] : CASC8 - 83439 variants...
     -reading in genotypes, computing gene-based tests and building masks...done (104337ms) 
     -computing association tests...done (17ms) 
     -computing joint association tests...done (0ms) 
 set [94/1219] : CASC9 - 90210 variants...
     -reading in genotypes, computing gene-based tests and building masks...done (84640ms) 
     -computing association tests...done (42ms) 
     -computing joint association tests...done (0ms) 
 set [95/1219] : CCAR2 - 11782 variants...
     -reading in genotypes, computing gene-based tests and building masks...done (8311ms) 
     -computing association tests...done (12ms) 
     -computing joint association tests...done (0ms) 
 set [96/1219] : CCAT2 - 4835 variants...
     -reading in genotypes, computing gene-based tests and building masks...done (3226ms) 
     -computing association tests...done (47ms) 
     -computing joint association tests...done (0ms) 
 set [97/1219] : CCDC166 - 5399 variants...
     -reading in genotypes, computing gene-based tests and building masks...done (4524ms) 
     -computing association tests...done (9ms) 
     -computing joint association tests...done (0ms) 
 set [98/1219] : CCDC25 - 16734 variants...
     -reading in genotypes, computing gene-based tests and building masks...done (13222ms) 
     -computing association tests...done (10ms) 
     -computing joint association tests...done (0ms) 
 set [99/1219] : CCDC26 - 439054 variants...
     -reading in genotypes, computing gene-based tests and building masks...done (1797851ms) 
     -computing association tests...done (17ms) 
     -computing joint association tests...done (4ms) 
 set [100/1219] : CCN3 - 7339 variants...
     -reading in genotypes, computing gene-based tests and building masks...done (16834ms) 
     -computing association tests...done (10ms) 
     -computing joint association tests...done (3ms) 
 set [101/1219] : CCN4 - 25971 variants...
     -reading in genotypes, computing gene-based tests and building masks...done (31458ms) 
     -computing association tests...done (47ms) 
     -computing joint association tests...done (0ms) 
 set [102/1219] : CCNE2 - 6212 variants...
     -reading in genotypes, computing gene-based tests and building masks...done (4904ms) 
     -computing association tests...done (59ms) 
     -computing joint association tests...done (1ms) 
 set [103/1219] : CCT3P1 - 5368 variants...
     -reading in genotypes, computing gene-based tests and building masks...done (3319ms) 
     -computing association tests...done (8ms) 
     -computing joint association tests...done (2ms) 
 set [104/1219] : CDCA2 - 22316 variants...
     -reading in genotypes, computing gene-based tests and building masks...done (18195ms) 
     -computing association tests...done (55ms) 
     -computing joint association tests...done (0ms) 
 set [105/1219] : CDH17 - 40071 variants...
     -reading in genotypes, computing gene-based tests and building masks...done (33923ms) 
     -computing association tests...done (46ms) 
     -computing joint association tests...done (1ms) 
 set [106/1219] : CDK5P1 - 4868 variants...
     -reading in genotypes, computing gene-based tests and building masks...done (3395ms) 
     -computing association tests...done (8ms) 
     -computing joint association tests...done (1ms) 
 set [107/1219] : CEBPD - 787 variants...
     -reading in genotypes, computing gene-based tests and building masks...done (851ms) 
     -computing association tests...done (8ms) 
     -computing joint association tests...done (0ms) 
 set [108/1219] : CERNA3 - 2811 variants...
     -reading in genotypes, computing gene-based tests and building masks...done (2112ms) 
     -computing association tests...done (44ms) 
     -computing joint association tests...done (0ms) 
 set [109/1219] : CFAP418 - 13401 variants...
     -reading in genotypes, computing gene-based tests and building masks...done (10559ms) 
     -computing association tests...done (44ms) 
     -computing joint association tests...done (1ms) 
 set [110/1219] : CFAP418-AS1 - 240194 variants...
     -reading in genotypes, computing gene-based tests and building masks...done (579502ms) 
     -computing association tests...done (17ms) 
     -computing joint association tests...done (0ms) 
 set [111/1219] : CHCHD7 - 3056 variants...
     -reading in genotypes, computing gene-based tests and building masks...done (4483ms) 
     -computing association tests...done (9ms) 
     -computing joint association tests...done (0ms) 
 set [112/1219] : CHD7 - 84063 variants...
     -reading in genotypes, computing gene-based tests and building masks...done (81856ms) 
     -computing association tests...done (47ms) 
     -computing joint association tests...done (0ms) 
 set [113/1219] : CHMP4C - 15188 variants...
     -reading in genotypes, computing gene-based tests and building masks...done (15604ms) 
     -computing association tests...done (44ms) 
     -computing joint association tests...done (0ms) 
 set [114/1219] : CHMP7 - 14682 variants...
     -reading in genotypes, computing gene-based tests and building masks...done (14640ms) 
     -computing association tests...done (43ms) 
     -computing joint association tests...done (0ms) 
 set [115/1219] : CHRAC1 - 5759 variants...
     -reading in genotypes, computing gene-based tests and building masks...done (4917ms) 
     -computing association tests...done (9ms) 
     -computing joint association tests...done (1ms) 
 set [116/1219] : CHRNA2 - 12959 variants...
     -reading in genotypes, computing gene-based tests and building masks...done (8442ms) 
     -computing association tests...done (10ms) 
     -computing joint association tests...done (0ms) 
 set [117/1219] : CHRNA6 - 27099 variants...
     -reading in genotypes, computing gene-based tests and building masks...done (25421ms) 
     -computing association tests...done (11ms) 
     -computing joint association tests...done (2ms) 
 set [118/1219] : CHRNB3 - 25609 variants...
     -reading in genotypes, computing gene-based tests and building masks...done (19873ms) 
     -computing association tests...done (10ms) 
     -computing joint association tests...done (1ms) 
 set [119/1219] : CIBAR1 - 12315 variants...
     -reading in genotypes, computing gene-based tests and building masks...done (8907ms) 
     -computing association tests...done (61ms) 
     -computing joint association tests...done (0ms) 
 set [120/1219] : CIBAR1-DT - 154352 variants...
     -reading in genotypes, computing gene-based tests and building masks...done (276152ms) 
     -computing association tests...done (53ms) 
     -computing joint association tests...done (0ms) 
 set [121/1219] : CLDN23 - 7689 variants...
     -reading in genotypes, computing gene-based tests and building masks...done (10182ms) 
     -computing association tests...done (16ms) 
     -computing joint association tests...done (0ms) 
 set [122/1219] : CLN8 - 23870 variants...
     -reading in genotypes, computing gene-based tests and building masks...done (50232ms) 
     -computing association tests...done (51ms) 
     -computing joint association tests...done (1ms) 
 set [123/1219] : CLN8-AS1 - 316 variants...
     -reading in genotypes, computing gene-based tests and building masks...done (552ms) 
     -computing association tests...done (47ms) 
     -computing joint association tests...done (0ms) 
 set [124/1219] : CLU - 12648 variants...
     -reading in genotypes, computing gene-based tests and building masks...done (9631ms) 
     -computing association tests...done (40ms) 
     -computing joint association tests...done (0ms) 
 set [125/1219] : CLVS1 - 159633 variants...
     -reading in genotypes, computing gene-based tests and building masks...done (233385ms) 
     -computing association tests...done (15ms) 
     -computing joint association tests...done (0ms) 
 set [126/1219] : CLXN - 15676 variants...
     -reading in genotypes, computing gene-based tests and building masks...done (19343ms) 
     -computing association tests...done (13ms) 
     -computing joint association tests...done (0ms) 
 set [127/1219] : CNBD1 - 353093 variants...
     -reading in genotypes, computing gene-based tests and building masks...done (813011ms) 
     -computing association tests...done (16ms) 
     -computing joint association tests...done (0ms) 
 set [128/1219] : CNGB3 - 76830 variants...
     -reading in genotypes, computing gene-based tests and building masks...done (78386ms) 
     -computing association tests...done (49ms) 
     -computing joint association tests...done (1ms) 
 set [129/1219] : CNOT7 - 12468 variants...
     -reading in genotypes, computing gene-based tests and building masks...done (10104ms) 
     -computing association tests...done (43ms) 
     -computing joint association tests...done (0ms) 
 set [130/1219] : COL14A1 - 123350 variants...
     -reading in genotypes, computing gene-based tests and building masks...done (183154ms) 
     -computing association tests...done (58ms) 
     -computing joint association tests...done (2ms) 
 set [131/1219] : COL22A1 - 156175 variants...
     -reading in genotypes, computing gene-based tests and building masks...done (263405ms) 
     -computing association tests...done (17ms) 
     -computing joint association tests...done (0ms) 
 set [132/1219] : COLEC10 - 52869 variants...
     -reading in genotypes, computing gene-based tests and building masks...done (59787ms) 
     -computing association tests...done (14ms) 
     -computing joint association tests...done (0ms) 
 set [133/1219] : COMMD5 - 5671 variants...
     -reading in genotypes, computing gene-based tests and building masks...done (5538ms) 
     -computing association tests...done (41ms) 
     -computing joint association tests...done (0ms) 
 set [134/1219] : COPS5 - 13045 variants...
     -reading in genotypes, computing gene-based tests and building masks...done (12322ms) 
     -computing association tests...done (18ms) 
     -computing joint association tests...done (1ms) 
 set [135/1219] : COX6B1P6 - 1613 variants...
     -reading in genotypes, computing gene-based tests and building masks...done (3654ms) 
     -computing association tests...done (5ms) 
     -computing joint association tests...done (0ms) 
 set [136/1219] : COX6C - 8878 variants...
     -reading in genotypes, computing gene-based tests and building masks...done (7085ms) 
     -computing association tests...done (10ms) 
     -computing joint association tests...done (0ms) 
 set [137/1219] : CPA6 - 140196 variants...
     -reading in genotypes, computing gene-based tests and building masks...done (228479ms) 
     -computing association tests...done (56ms) 
     -computing joint association tests...done (1ms) 
 set [138/1219] : CPNE3 - 24432 variants...
     -reading in genotypes, computing gene-based tests and building masks...done (32210ms) 
     -computing association tests...done (46ms) 
     -computing joint association tests...done (0ms) 
 set [139/1219] : CPQ - 199632 variants...
     -reading in genotypes, computing gene-based tests and building masks...done (271313ms) 
     -computing association tests...done (54ms) 
     -computing joint association tests...done (0ms) 
 set [140/1219] : CPSF1 - 11020 variants...
     -reading in genotypes, computing gene-based tests and building masks...done (8338ms) 
     -computing association tests...done (51ms) 
     -computing joint association tests...done (1ms) 
 set [141/1219] : CRH - 4776 variants...
     -reading in genotypes, computing gene-based tests and building masks...done (9818ms) 
     -computing association tests...done (15ms) 
     -computing joint association tests...done (2ms) 
 set [142/1219] : CRISPLD1 - 24012 variants...
     -reading in genotypes, computing gene-based tests and building masks...done (22826ms) 
     -computing association tests...done (43ms) 
     -computing joint association tests...done (0ms) 
 set [143/1219] : CSGALNACT1 - 208873 variants...
     -reading in genotypes, computing gene-based tests and building masks...done (371893ms) 
     -computing association tests...done (51ms) 
     -computing joint association tests...done (0ms) 
 set [144/1219] : CSMD1 - 1884779 variants...
     -reading in genotypes, computing gene-based tests and building masks.../share/home/lsy_luzhen/WGS_GWAS_and_MR/src/wgs_gwas_and_mr/p024_gene_based_testing/p024_gbt_chr8.sh: line 52: 4132269 Killed                  regenie --step 2 --pgen /share/home/lsy_luzhen/WGS_GWAS_and_MR/tmp_ssh_data/GWAS_european/gene_based/EuroPrePCA_ref38_rsID --chr 8 --phenoFile /share/home/lsy_luzhen/WGS_GWAS_and_MR/tmp_ssh_data/GWAS_european/T002_CIN3plus_phenotype.txt --bt --covarFile /share/home/lsy_luzhen/WGS_GWAS_and_MR/tmp_ssh_data/GWAS_european/T002_CIN3plus_covars.txt --catCovarList Smoking_status,Alcohol_intake_frequency,Genotype_measurement_batch --strict --bsize 1000 --firth --approx --threads $THREADS --pred /share/home/lsy_luzhen/WGS_GWAS_and_MR/tmp_ssh_data/GWAS_european/step1/regenie_step1_euro_cin3plus_pred.list --use-null-firth /share/home/lsy_luzhen/WGS_GWAS_and_MR/tmp_ssh_data/GWAS_european/step1/regenie_step1_euro_cin3plus_firth.list --anno-file /share/home/lsy_luzhen/WGS_GWAS_and_MR/tmp_ssh_data/GWAS_european/gene_based/anno_file_unique_filtered.txt --set-list /share/home/lsy_luzhen/WGS_GWAS_and_MR/tmp_ssh_data/GWAS_european/gene_based/set_list_unique_filtered.txt --mask-def /share/home/lsy_luzhen/WGS_GWAS_and_MR/tmp_ssh_data/GWAS_european/gene_based/mask_file.txt --aaf-bins 0.001,0.01,0.05,0.1 --vc-MACthr 10 --joint acat,sbat --vc-tests skato,acato-full --rgc-gene-p --out "${output_dir}/step2_gb_euro_cin3plus_chr8"
end at:
Wed Sep 10 01:46:32 CST 2025
