start at:
Fri Oct 31 15:02:59 CST 2025
This directory already exists.
regenie version:
v4.1.gz
--------start
Start time: Fri Oct 31 15:03:00 2025

              |===========================|
              |      REGENIE v4.1.gz      |
              |===========================|

Copyright (c) 2020-2024 Joelle Mbatchou, Andrey Ziyatdinov and Jonathan Marchini.
Distributed under the MIT License.
Compiled with Boost Iostream library.
Using Intel MKL with Eigen.

Log of output saved in file : /share/home/lsy_luzhen/WGS_GWAS_and_MR/tmp_ssh_data/GWAS_european/gene_based/testing_results/step2_gb_euro_cin3plus_chr9.log

Options in effect:
  --step 2 \
  --pgen /share/home/lsy_luzhen/WGS_GWAS_and_MR/tmp_ssh_data/GWAS_european/gene_based/EuroPrePCA_ref38_rsID \
  --chr 9 \
  --phenoFile /share/home/lsy_luzhen/WGS_GWAS_and_MR/tmp_ssh_data/GWAS_european/T002_CIN3plus_phenotype.txt \
  --bt \
  --covarFile /share/home/lsy_luzhen/WGS_GWAS_and_MR/tmp_ssh_data/GWAS_european/T002_CIN3plus_covars.txt \
  --catCovarList Smoking_status,Alcohol_intake_frequency,Genotype_measurement_batch \
  --strict \
  --bsize 100 \
  --firth \
  --approx \
  --threads 1 \
  --pred /share/home/lsy_luzhen/WGS_GWAS_and_MR/tmp_ssh_data/GWAS_european/step1/regenie_step1_euro_cin3plus_pred.list \
  --use-null-firth /share/home/lsy_luzhen/WGS_GWAS_and_MR/tmp_ssh_data/GWAS_european/step1/regenie_step1_euro_cin3plus_firth.list \
  --anno-file /share/home/lsy_luzhen/WGS_GWAS_and_MR/tmp_ssh_data/GWAS_european/gene_based/anno_file_unique_filtered.txt \
  --set-list /share/home/lsy_luzhen/WGS_GWAS_and_MR/tmp_ssh_data/GWAS_european/gene_based/set_list_unique_filtered.txt \
  --mask-def /share/home/lsy_luzhen/WGS_GWAS_and_MR/tmp_ssh_data/GWAS_european/gene_based/mask_file.txt \
  --aaf-bins 0.001,0.01,0.05,0.1 \
  --vc-MACthr 10 \
  --joint acat,sbat \
  --vc-tests skato,acato-full \
  --rgc-gene-p \
  --out /share/home/lsy_luzhen/WGS_GWAS_and_MR/tmp_ssh_data/GWAS_european/gene_based/testing_results/step2_gb_euro_cin3plus_chr9

Association testing mode (joint tests) with fast multithreading using OpenMP
 * pvar             : [/share/home/lsy_luzhen/WGS_GWAS_and_MR/tmp_ssh_data/GWAS_european/gene_based/EuroPrePCA_ref38_rsID.pvar] n_snps = 1400147917
 * psam             : [/share/home/lsy_luzhen/WGS_GWAS_and_MR/tmp_ssh_data/GWAS_european/gene_based/EuroPrePCA_ref38_rsID.psam] n_samples = 202952
 * pgen             : [/share/home/lsy_luzhen/WGS_GWAS_and_MR/tmp_ssh_data/GWAS_european/gene_based/EuroPrePCA_ref38_rsID.pgen] 
 * phenotypes       : [/share/home/lsy_luzhen/WGS_GWAS_and_MR/tmp_ssh_data/GWAS_european/T002_CIN3plus_phenotype.txt] n_pheno = 1
   -dropping observations with missing values at any of the phenotypes
   -number of phenotyped individuals with no missing data = 202952
 * covariates       : [/share/home/lsy_luzhen/WGS_GWAS_and_MR/tmp_ssh_data/GWAS_european/T002_CIN3plus_covars.txt] n_cov = 26
   -number of individuals with covariate data = 202952
 * number of individuals used in analysis = 202952
 * case-control counts for each trait:
   - 'CIN3plus': 5544 cases and 197408 controls
 * LOCO predictions : [/share/home/lsy_luzhen/WGS_GWAS_and_MR/tmp_ssh_data/GWAS_european/step1/regenie_step1_euro_cin3plus_pred.list]
   -file [/share/home/lsy_luzhen/WGS_GWAS_and_MR/tmp_ssh_data/GWAS_european/step1/regenie_step1_euro_cin3plus_1.loco] for phenotype 'CIN3plus'
 * annotations      : [/share/home/lsy_luzhen/WGS_GWAS_and_MR/tmp_ssh_data/GWAS_european/gene_based/anno_file_unique_filtered.txt] 
   +number of annotations categories = 6
 * masks            : [/share/home/lsy_luzhen/WGS_GWAS_and_MR/tmp_ssh_data/GWAS_european/gene_based/mask_file.txt] n_masks = 7
 * aaf cutoffs      : [ 4 : 0.001 0.01 0.05 0.1 ] + singletons
 * set file         : [/share/home/lsy_luzhen/WGS_GWAS_and_MR/tmp_ssh_data/GWAS_european/gene_based/set_list_unique_filtered.txt] n_sets = 1260
WARNING: Detected 19 sets with variants not in genetic data or annotation files.
 * # threads        : [1]
 * # tested sets    : [1260]
 * max block size   : [100]
 * rule used to build masks : max
 * computing gene-based tests for each set of variants included in a mask (rho=[0,0.01,0.04,0.09,0.16,0.25,0.5,1])
  -variants with MAC <= 10 are collapsed into a mask
  -weights are obtained from Beta(MAF,1,25)
  -list of gene-based tests run: ACATO,ACATV,SKATO,SKATO-ACAT
 * applying ACAT to output overall gene p-value
 * approximate memory usage : 30115GB
 * using minimum MAC of 5 (masks with lower MAC are ignored)
 * using fast Firth correction for logistic/cox regression p-values less than 0.05
 * user specified to test only on select chromosomes
WARNING: Joint SBAT test only for QTs.
 * number of mask groups run through gene-p strategy = 2
 * list of joint tests run on burden masks: ACAT

Chromosome 9 [1260 sets in total]
   -reading loco predictions for the chromosome...done (201ms) 
   -fitting null logistic regression on binary phenotypes...done (383ms) 
   -fitting null Firth logistic regression on binary phenotypes...done (2291ms) 
 set [1/1260] : ABCA1 - 66467 variants...
     -reading in genotypes, computing gene-based tests and building masks...done (309398ms) 
     -computing association tests...done (156ms) 
     -computing joint association tests...done (0ms) 
 set [2/1260] : ABCA2 - 12147 variants...
     -reading in genotypes, computing gene-based tests and building masks...done (29955ms) 
     -computing association tests...done (99ms) 
     -computing joint association tests...done (0ms) 
 set [3/1260] : ABHD17B - 21859 variants...
     -reading in genotypes, computing gene-based tests and building masks...done (51887ms) 
     -computing association tests...done (127ms) 
     -computing joint association tests...done (0ms) 
 set [4/1260] : ABITRAM - 2661 variants...
     -reading in genotypes, computing gene-based tests and building masks...done (7648ms) 
     -computing association tests...done (43ms) 
     -computing joint association tests...done (0ms) 
 set [5/1260] : ABL1 - 49670 variants...
     -reading in genotypes, computing gene-based tests and building masks...done (148806ms) 
     -computing association tests...done (81ms) 
     -computing joint association tests...done (0ms) 
 set [6/1260] : ABO - 28801 variants...
     -reading in genotypes, computing gene-based tests and building masks...done (74141ms) 
     -computing association tests...done (269ms) 
     -computing joint association tests...done (0ms) 
 set [7/1260] : ACER2 - 28130 variants...
     -reading in genotypes, computing gene-based tests and building masks...done (71898ms) 
     -computing association tests...done (345ms) 
     -computing joint association tests...done (0ms) 
 set [8/1260] : ACNATP - 4476 variants...
     -reading in genotypes, computing gene-based tests and building masks...done (12329ms) 
     -computing association tests...done (36ms) 
     -computing joint association tests...done (0ms) 
 set [9/1260] : ACO1 - 32428 variants...
     -reading in genotypes, computing gene-based tests and building masks...done (79907ms) 
     -computing association tests...done (152ms) 
     -computing joint association tests...done (0ms) 
 set [10/1260] : ACTG1P19 - 4530 variants...
     -reading in genotypes, computing gene-based tests and building masks...done (10586ms) 
     -computing association tests...done (28ms) 
     -computing joint association tests...done (0ms) 
 set [11/1260] : ACTL7A - 2090 variants...
     -reading in genotypes, computing gene-based tests and building masks...done (5765ms) 
     -computing association tests...done (74ms) 
     -computing joint association tests...done (0ms) 
 set [12/1260] : ACTL7B - 3094 variants...
     -reading in genotypes, computing gene-based tests and building masks...done (8041ms) 
     -computing association tests...done (88ms) 
     -computing joint association tests...done (0ms) 
 set [13/1260] : ADAMTS13 - 14711 variants...
     -reading in genotypes, computing gene-based tests and building masks...done (35537ms) 
     -computing association tests...done (165ms) 
     -computing joint association tests...done (0ms) 
 set [14/1260] : ADAMTSL1 - 515053 variants...
     -reading in genotypes, computing gene-based tests and building masks...done (16073975ms) 
     -computing association tests...done (112ms) 
     -computing joint association tests...done (0ms) 
 set [15/1260] : ADAMTSL2 - 29668 variants...
     -reading in genotypes, computing gene-based tests and building masks...done (101455ms) 
     -computing association tests...done (104ms) 
     -computing joint association tests...done (0ms) 
 set [16/1260] : ADGRD2 - 13292 variants...
     -reading in genotypes, computing gene-based tests and building masks...done (35469ms) 
     -computing association tests...done (77ms) 
     -computing joint association tests...done (0ms) 
 set [17/1260] : ADGRF5P1 - 554 variants...
     -reading in genotypes, computing gene-based tests and building masks...done (1561ms) 
     -computing association tests...done (16ms) 
     -computing joint association tests...done (0ms) 
 set [18/1260] : ADGRF5P2 - 11088 variants...
     -reading in genotypes, computing gene-based tests and building masks...done (27621ms) 
     -computing association tests...done (42ms) 
     -computing joint association tests...done (0ms) 
 set [19/1260] : ADIPINT - 11255 variants...
     -reading in genotypes, computing gene-based tests and building masks...done (27390ms) 
     -computing association tests...done (37ms) 
     -computing joint association tests...done (0ms) 
 set [20/1260] : AGPAT2 - 10006 variants...
     -reading in genotypes, computing gene-based tests and building masks...done (25008ms) 
     -computing association tests...done (363ms) 
     -computing joint association tests...done (0ms) 
 set [21/1260] : AGTPBP1 - 81885 variants...
     -reading in genotypes, computing gene-based tests and building masks...done (275203ms) 
     -computing association tests...done (71ms) 
     -computing joint association tests...done (0ms) 
 set [22/1260] : AHCYP2 - 855 variants...
     -reading in genotypes, computing gene-based tests and building masks...done (2101ms) 
     -computing association tests...done (15ms) 
     -computing joint association tests...done (0ms) 
 set [23/1260] : AIF1L - 16662 variants...
     -reading in genotypes, computing gene-based tests and building masks...done (41301ms) 
     -computing association tests...done (88ms) 
     -computing joint association tests...done (0ms) 
 set [24/1260] : AJM1 - 4152 variants...
     -reading in genotypes, computing gene-based tests and building masks...done (9528ms) 
     -computing association tests...done (29ms) 
     -computing joint association tests...done (0ms) 
 set [25/1260] : AK1 - 14774 variants...
     -reading in genotypes, computing gene-based tests and building masks...done (36921ms) 
     -computing association tests...done (58ms) 
     -computing joint association tests...done (0ms) 
 set [26/1260] : AK3 - 25102 variants...
     -reading in genotypes, computing gene-based tests and building masks...done (68801ms) 
     -computing association tests...done (48ms) 
     -computing joint association tests...done (0ms) 
 set [27/1260] : AK4P4 - 2605 variants...
     -reading in genotypes, computing gene-based tests and building masks...done (5905ms) 
     -computing association tests...done (58ms) 
     -computing joint association tests...done (0ms) 
 set [28/1260] : AK8 - 71103 variants...
     -reading in genotypes, computing gene-based tests and building masks...done (245103ms) 
     -computing association tests...done (71ms) 
     -computing joint association tests...done (0ms) 
 set [29/1260] : AKAP8P1 - 934 variants...
     -reading in genotypes, computing gene-based tests and building masks...done (2400ms) 
     -computing association tests...done (92ms) 
     -computing joint association tests...done (0ms) 
 set [30/1260] : AKNA - 23447 variants...
     -reading in genotypes, computing gene-based tests and building masks...done (56317ms) 
     -computing association tests...done (253ms) 
     -computing joint association tests...done (0ms) 
 set [31/1260] : ALAD - 9889 variants...
     -reading in genotypes, computing gene-based tests and building masks...done (23739ms) 
     -computing association tests...done (59ms) 
     -computing joint association tests...done (0ms) 
 set [32/1260] : ALDH1A1 - 68394 variants...
     -reading in genotypes, computing gene-based tests and building masks...done (193123ms) 
     -computing association tests...done (225ms) 
     -computing joint association tests...done (0ms) 
 set [33/1260] : ALDH1B1 - 6587 variants...
     -reading in genotypes, computing gene-based tests and building masks...done (15805ms) 
     -computing association tests...done (94ms) 
     -computing joint association tests...done (0ms) 
 set [34/1260] : ALDOB - 12088 variants...
     -reading in genotypes, computing gene-based tests and building masks...done (29635ms) 
     -computing association tests...done (401ms) 
     -computing joint association tests...done (0ms) 
 set [35/1260] : ALG2 - 4636 variants...
     -reading in genotypes, computing gene-based tests and building masks...done (12034ms) 
     -computing association tests...done (260ms) 
     -computing joint association tests...done (0ms) 
 set [36/1260] : ALOX15P2 - 5527 variants...
     -reading in genotypes, computing gene-based tests and building masks...done (14024ms) 
     -computing association tests...done (97ms) 
     -computing joint association tests...done (0ms) 
 set [37/1260] : AMBP - 9477 variants...
     -reading in genotypes, computing gene-based tests and building masks...done (22197ms) 
     -computing association tests...done (50ms) 
     -computing joint association tests...done (0ms) 
 set [38/1260] : ANAPC2 - 8278 variants...
     -reading in genotypes, computing gene-based tests and building masks...done (20059ms) 
     -computing association tests...done (53ms) 
     -computing joint association tests...done (0ms) 
 set [39/1260] : ANGPTL2 - 1428 variants...
     -reading in genotypes, computing gene-based tests and building masks...done (5170ms) 
     -computing association tests...done (271ms) 
     -computing joint association tests...done (0ms) 
 set [40/1260] : ANKRD18A - 29765 variants...
     -reading in genotypes, computing gene-based tests and building masks...done (73234ms) 
     -computing association tests...done (171ms) 
     -computing joint association tests...done (0ms) 
 set [41/1260] : ANKRD18B - 23602 variants...
     -reading in genotypes, computing gene-based tests and building masks...done (59599ms) 
     -computing association tests...done (176ms) 
     -computing joint association tests...done (0ms) 
 set [42/1260] : ANKRD18CP - 26081 variants...
     -reading in genotypes, computing gene-based tests and building masks...done (60857ms) 
     -computing association tests...done (241ms) 
     -computing joint association tests...done (0ms) 
 set [43/1260] : ANKRD19P - 14546 variants...
     -reading in genotypes, computing gene-based tests and building masks...done (34623ms) 
     -computing association tests...done (156ms) 
     -computing joint association tests...done (0ms) 
 set [44/1260] : ANKRD20A1 - 45300 variants...
     -reading in genotypes, computing gene-based tests and building masks...done (390022ms) 
     -computing association tests...done (206ms) 
     -computing joint association tests...done (0ms) 
 set [45/1260] : ANKRD20A2P - 39522 variants...
     -reading in genotypes, computing gene-based tests and building masks...done (679580ms) 
     -computing association tests...done (44ms) 
     -computing joint association tests...done (0ms) 
 set [46/1260] : ANKRD20A3P - 8628 variants...
     -reading in genotypes, computing gene-based tests and building masks...done (55288ms) 
     -computing association tests...done (77ms) 
     -computing joint association tests...done (0ms) 
 set [47/1260] : ANKRD20A4P - 16615 variants...
     -reading in genotypes, computing gene-based tests and building masks...done (53942ms) 
     -computing association tests...done (60ms) 
     -computing joint association tests...done (0ms) 
 set [48/1260] : ANKRD20A7P - 44883 variants...
     -reading in genotypes, computing gene-based tests and building masks...done (123321ms) 
     -computing association tests...done (240ms) 
     -computing joint association tests...done (0ms) 
 set [49/1260] : ANKS6 - 32068 variants...
     -reading in genotypes, computing gene-based tests and building masks...done (78150ms) 
     -computing association tests...done (60ms) 
     -computing joint association tests...done (0ms) 
 set [50/1260] : ANP32B - 20278 variants...
     -reading in genotypes, computing gene-based tests and building masks...done (52950ms) 
     -computing association tests...done (47ms) 
     -computing joint association tests...done (0ms) 
 set [51/1260] : ANXA1 - 11856 variants...
     -reading in genotypes, computing gene-based tests and building masks...done (27733ms) 
     -computing association tests...done (71ms) 
     -computing joint association tests...done (0ms) 
 set [52/1260] : ANXA2P2 - 744 variants...
     -reading in genotypes, computing gene-based tests and building masks...done (1809ms) 
     -computing association tests...done (16ms) 
     -computing joint association tests...done (0ms) 
 set [53/1260] : AOPEP - 150829 variants...
     -reading in genotypes, computing gene-based tests and building masks...done (817061ms) 
     -computing association tests...done (73ms) 
     -computing joint association tests...done (0ms) 
 set [54/1260] : APBA1 - 113412 variants...
     -reading in genotypes, computing gene-based tests and building masks...done (700449ms) 
     -computing association tests...done (352ms) 
     -computing joint association tests...done (3ms) 
 set [55/1260] : APTX - 41867 variants...
     -reading in genotypes, computing gene-based tests and building masks...done (112817ms) 
     -computing association tests...done (104ms) 
     -computing joint association tests...done (0ms) 
 set [56/1260] : AQP3 - 7255 variants...
     -reading in genotypes, computing gene-based tests and building masks...done (17570ms) 
     -computing association tests...done (44ms) 
     -computing joint association tests...done (0ms) 
 set [57/1260] : AQP7 - 14116 variants...
     -reading in genotypes, computing gene-based tests and building masks...done (34122ms) 
     -computing association tests...done (104ms) 
     -computing joint association tests...done (0ms) 
 set [58/1260] : AQP7P1 - 692 variants...
     -reading in genotypes, computing gene-based tests and building masks...done (2585ms) 
     -computing association tests...done (26ms) 
     -computing joint association tests...done (0ms) 
 set [59/1260] : AQP7P2 - 1152 variants...
     -reading in genotypes, computing gene-based tests and building masks...done (6249ms) 
     -computing association tests...done (24ms) 
     -computing joint association tests...done (0ms) 
 set [60/1260] : AQP7P3 - 18996 variants...
     -reading in genotypes, computing gene-based tests and building masks...done (511165ms) 
     -computing association tests...done (143ms) 
     -computing joint association tests...done (0ms) 
 set [61/1260] : AQP7P4 - 788 variants...
     -reading in genotypes, computing gene-based tests and building masks...done (6043ms) 
     -computing association tests...done (177ms) 
     -computing joint association tests...done (0ms) 
 set [62/1260] : AQP7P5 - 10729 variants...
     -reading in genotypes, computing gene-based tests and building masks...done (67648ms) 
     -computing association tests...done (92ms) 
     -computing joint association tests...done (0ms) 
 set [63/1260] : ARF4P1 - 5006 variants...
     -reading in genotypes, computing gene-based tests and building masks...done (11897ms) 
     -computing association tests...done (68ms) 
     -computing joint association tests...done (0ms) 
 set [64/1260] : ARHGEF39 - 6046 variants...
     -reading in genotypes, computing gene-based tests and building masks...done (14637ms) 
     -computing association tests...done (58ms) 
     -computing joint association tests...done (0ms) 
 set [65/1260] : ARID3C - 1816 variants...
     -reading in genotypes, computing gene-based tests and building masks...done (6253ms) 
     -computing association tests...done (267ms) 
     -computing joint association tests...done (0ms) 
 set [66/1260] : ARL2BPP7 - 4525 variants...
     -reading in genotypes, computing gene-based tests and building masks...done (9936ms) 
     -computing association tests...done (69ms) 
     -computing joint association tests...done (0ms) 
 set [67/1260] : ARPC5L - 2989 variants...
     -reading in genotypes, computing gene-based tests and building masks...done (7562ms) 
     -computing association tests...done (43ms) 
     -computing joint association tests...done (0ms) 
 set [68/1260] : ARRDC1 - 17316 variants...
     -reading in genotypes, computing gene-based tests and building masks...done (66406ms) 
     -computing association tests...done (270ms) 
     -computing joint association tests...done (0ms) 
 set [69/1260] : ASB6 - 5798 variants...
     -reading in genotypes, computing gene-based tests and building masks...done (18624ms) 
     -computing association tests...done (45ms) 
     -computing joint association tests...done (0ms) 
 set [70/1260] : ASS1 - 29117 variants...
     -reading in genotypes, computing gene-based tests and building masks...done (72182ms) 
     -computing association tests...done (56ms) 
     -computing joint association tests...done (0ms) 
 set [71/1260] : ASS1P12 - 2953 variants...
     -reading in genotypes, computing gene-based tests and building masks...done (6686ms) 
     -computing association tests...done (23ms) 
     -computing joint association tests...done (0ms) 
 set [72/1260] : ASS1P3 - 2943 variants...
     -reading in genotypes, computing gene-based tests and building masks...done (6549ms) 
     -computing association tests...done (22ms) 
     -computing joint association tests...done (0ms) 
 set [73/1260] : ASTN2 - 441295 variants...
     -reading in genotypes, computing gene-based tests and building masks...