start at:
Sat Sep 13 15:13:49 CST 2025
This directory already exists.
regenie version:
v4.1.gz
--------start
Start time: Sat Sep 13 15:17:56 2025

              |===========================|
              |      REGENIE v4.1.gz      |
              |===========================|

Copyright (c) 2020-2024 Joelle Mbatchou, Andrey Ziyatdinov and Jonathan Marchini.
Distributed under the MIT License.
Compiled with Boost Iostream library.
Using Intel MKL with Eigen.

Log of output saved in file : /share/home/lsy_luzhen/WGS_GWAS_and_MR/tmp_ssh_data/GWAS_european/gene_based/testing_results/step2_gb_euro_cin3plus_chr9.log

Options in effect:
  --step 2 \
  --pgen /share/home/lsy_luzhen/WGS_GWAS_and_MR/tmp_ssh_data/GWAS_european/gene_based/EuroPrePCA_ref38_rsID \
  --chr 9 \
  --phenoFile /share/home/lsy_luzhen/WGS_GWAS_and_MR/tmp_ssh_data/GWAS_european/T002_CIN3plus_phenotype.txt \
  --bt \
  --covarFile /share/home/lsy_luzhen/WGS_GWAS_and_MR/tmp_ssh_data/GWAS_european/T002_CIN3plus_covars.txt \
  --catCovarList Smoking_status,Alcohol_intake_frequency,Genotype_measurement_batch \
  --strict \
  --bsize 1000 \
  --firth \
  --approx \
  --threads 16 \
  --pred /share/home/lsy_luzhen/WGS_GWAS_and_MR/tmp_ssh_data/GWAS_european/step1/regenie_step1_euro_cin3plus_pred.list \
  --use-null-firth /share/home/lsy_luzhen/WGS_GWAS_and_MR/tmp_ssh_data/GWAS_european/step1/regenie_step1_euro_cin3plus_firth.list \
  --anno-file /share/home/lsy_luzhen/WGS_GWAS_and_MR/tmp_ssh_data/GWAS_european/gene_based/anno_file_unique_filtered.txt \
  --set-list /share/home/lsy_luzhen/WGS_GWAS_and_MR/tmp_ssh_data/GWAS_european/gene_based/set_list_unique_filtered.txt \
  --mask-def /share/home/lsy_luzhen/WGS_GWAS_and_MR/tmp_ssh_data/GWAS_european/gene_based/mask_file.txt \
  --aaf-bins 0.001,0.01,0.05,0.1 \
  --vc-MACthr 10 \
  --joint acat,sbat \
  --vc-tests skato,acato-full \
  --rgc-gene-p \
  --out /share/home/lsy_luzhen/WGS_GWAS_and_MR/tmp_ssh_data/GWAS_european/gene_based/testing_results/step2_gb_euro_cin3plus_chr9

Association testing mode (joint tests) with fast multithreading using OpenMP
 * pvar             : [/share/home/lsy_luzhen/WGS_GWAS_and_MR/tmp_ssh_data/GWAS_european/gene_based/EuroPrePCA_ref38_rsID.pvar] n_snps = 1400147917
 * psam             : [/share/home/lsy_luzhen/WGS_GWAS_and_MR/tmp_ssh_data/GWAS_european/gene_based/EuroPrePCA_ref38_rsID.psam] n_samples = 202952
 * pgen             : [/share/home/lsy_luzhen/WGS_GWAS_and_MR/tmp_ssh_data/GWAS_european/gene_based/EuroPrePCA_ref38_rsID.pgen] 
 * phenotypes       : [/share/home/lsy_luzhen/WGS_GWAS_and_MR/tmp_ssh_data/GWAS_european/T002_CIN3plus_phenotype.txt] n_pheno = 1
   -dropping observations with missing values at any of the phenotypes
   -number of phenotyped individuals with no missing data = 202952
 * covariates       : [/share/home/lsy_luzhen/WGS_GWAS_and_MR/tmp_ssh_data/GWAS_european/T002_CIN3plus_covars.txt] n_cov = 26
   -number of individuals with covariate data = 202952
 * number of individuals used in analysis = 202952
 * case-control counts for each trait:
   - 'CIN3plus': 5544 cases and 197408 controls
 * LOCO predictions : [/share/home/lsy_luzhen/WGS_GWAS_and_MR/tmp_ssh_data/GWAS_european/step1/regenie_step1_euro_cin3plus_pred.list]
   -file [/share/home/lsy_luzhen/WGS_GWAS_and_MR/tmp_ssh_data/GWAS_european/step1/regenie_step1_euro_cin3plus_1.loco] for phenotype 'CIN3plus'
 * annotations      : [/share/home/lsy_luzhen/WGS_GWAS_and_MR/tmp_ssh_data/GWAS_european/gene_based/anno_file_unique_filtered.txt] 
   +number of annotations categories = 6
 * masks            : [/share/home/lsy_luzhen/WGS_GWAS_and_MR/tmp_ssh_data/GWAS_european/gene_based/mask_file.txt] n_masks = 7
 * aaf cutoffs      : [ 4 : 0.001 0.01 0.05 0.1 ] + singletons
 * set file         : [/share/home/lsy_luzhen/WGS_GWAS_and_MR/tmp_ssh_data/GWAS_european/gene_based/set_list_unique_filtered.txt] n_sets = 1260
WARNING: Detected 19 sets with variants not in genetic data or annotation files.
 * # threads        : [16]
 * # tested sets    : [1260]
 * max block size   : [1000]
 * rule used to build masks : max
 * computing gene-based tests for each set of variants included in a mask (rho=[0,0.01,0.04,0.09,0.16,0.25,0.5,1])
  -variants with MAC <= 10 are collapsed into a mask
  -weights are obtained from Beta(MAF,1,25)
  -list of gene-based tests run: ACATO,ACATV,SKATO,SKATO-ACAT
 * applying ACAT to output overall gene p-value
 * approximate memory usage : 30118GB
 * using minimum MAC of 5 (masks with lower MAC are ignored)
 * using fast Firth correction for logistic/cox regression p-values less than 0.05
 * user specified to test only on select chromosomes
WARNING: Joint SBAT test only for QTs.
 * number of mask groups run through gene-p strategy = 2
 * list of joint tests run on burden masks: ACAT

Chromosome 9 [1260 sets in total]
   -reading loco predictions for the chromosome...done (4792ms) 
   -fitting null logistic regression on binary phenotypes...done (13068ms) 
   -fitting null Firth logistic regression on binary phenotypes...done (4642ms) 
 set [1/1260] : ABCA1 - 66467 variants...
     -reading in genotypes, computing gene-based tests and building masks...done (128951ms) 
     -computing association tests...done (49ms) 
     -computing joint association tests...done (2ms) 
 set [2/1260] : ABCA2 - 12147 variants...
     -reading in genotypes, computing gene-based tests and building masks...done (13275ms) 
     -computing association tests...done (15ms) 
     -computing joint association tests...done (0ms) 
 set [3/1260] : ABHD17B - 21859 variants...
     -reading in genotypes, computing gene-based tests and building masks...done (15479ms) 
     -computing association tests...done (44ms) 
     -computing joint association tests...done (0ms) 
 set [4/1260] : ABITRAM - 2661 variants...
     -reading in genotypes, computing gene-based tests and building masks...done (3319ms) 
     -computing association tests...done (9ms) 
     -computing joint association tests...done (0ms) 
 set [5/1260] : ABL1 - 49670 variants...
     -reading in genotypes, computing gene-based tests and building masks...done (61209ms) 
     -computing association tests...done (13ms) 
     -computing joint association tests...done (0ms) 
 set [6/1260] : ABO - 28801 variants...
     -reading in genotypes, computing gene-based tests and building masks...done (32777ms) 
     -computing association tests...done (54ms) 
     -computing joint association tests...done (0ms) 
 set [7/1260] : ACER2 - 28130 variants...
     -reading in genotypes, computing gene-based tests and building masks...done (22900ms) 
     -computing association tests...done (65ms) 
     -computing joint association tests...done (0ms) 
 set [8/1260] : ACNATP - 4476 variants...
     -reading in genotypes, computing gene-based tests and building masks...done (5476ms) 
     -computing association tests...done (13ms) 
     -computing joint association tests...done (0ms) 
 set [9/1260] : ACO1 - 32428 variants...
     -reading in genotypes, computing gene-based tests and building masks...done (28166ms) 
     -computing association tests...done (58ms) 
     -computing joint association tests...done (0ms) 
 set [10/1260] : ACTG1P19 - 4530 variants...
     -reading in genotypes, computing gene-based tests and building masks...done (3626ms) 
     -computing association tests...done (9ms) 
     -computing joint association tests...done (0ms) 
 set [11/1260] : ACTL7A - 2090 variants...
     -reading in genotypes, computing gene-based tests and building masks...done (6660ms) 
     -computing association tests...done (44ms) 
     -computing joint association tests...done (0ms) 
 set [12/1260] : ACTL7B - 3094 variants...
     -reading in genotypes, computing gene-based tests and building masks...done (2923ms) 
     -computing association tests...done (39ms) 
     -computing joint association tests...done (0ms) 
 set [13/1260] : ADAMTS13 - 14711 variants...
     -reading in genotypes, computing gene-based tests and building masks...done (10327ms) 
     -computing association tests...done (48ms) 
     -computing joint association tests...done (0ms) 
 set [14/1260] : ADAMTSL1 - 515053 variants...
     -reading in genotypes, computing gene-based tests and building masks...done (2031674ms) 
     -computing association tests...done (26ms) 
     -computing joint association tests...done (0ms) 
 set [15/1260] : ADAMTSL2 - 29668 variants...
     -reading in genotypes, computing gene-based tests and building masks...done (43526ms) 
     -computing association tests...done (15ms) 
     -computing joint association tests...done (0ms) 
 set [16/1260] : ADGRD2 - 13292 variants...
     -reading in genotypes, computing gene-based tests and building masks...done (15011ms) 
     -computing association tests...done (11ms) 
     -computing joint association tests...done (0ms) 
 set [17/1260] : ADGRF5P1 - 554 variants...
     -reading in genotypes, computing gene-based tests and building masks...done (645ms) 
     -computing association tests...done (6ms) 
     -computing joint association tests...done (0ms) 
 set [18/1260] : ADGRF5P2 - 11088 variants...
     -reading in genotypes, computing gene-based tests and building masks...done (14077ms) 
     -computing association tests...done (9ms) 
     -computing joint association tests...done (0ms) 
 set [19/1260] : ADIPINT - 11255 variants...
     -reading in genotypes, computing gene-based tests and building masks...done (10404ms) 
     -computing association tests...done (10ms) 
     -computing joint association tests...done (0ms) 
 set [20/1260] : AGPAT2 - 10006 variants...
     -reading in genotypes, computing gene-based tests and building masks...done (12106ms) 
     -computing association tests...done (56ms) 
     -computing joint association tests...done (0ms) 
 set [21/1260] : AGTPBP1 - 81885 variants...
     -reading in genotypes, computing gene-based tests and building masks...done (73633ms) 
     -computing association tests...done (15ms) 
     -computing joint association tests...done (0ms) 
 set [22/1260] : AHCYP2 - 855 variants...
     -reading in genotypes, computing gene-based tests and building masks...done (855ms) 
     -computing association tests...done (6ms) 
     -computing joint association tests...done (0ms) 
 set [23/1260] : AIF1L - 16662 variants...
     -reading in genotypes, computing gene-based tests and building masks...done (16947ms) 
     -computing association tests...done (41ms) 
     -computing joint association tests...done (0ms) 
 set [24/1260] : AJM1 - 4152 variants...
     -reading in genotypes, computing gene-based tests and building masks...done (6739ms) 
     -computing association tests...done (8ms) 
     -computing joint association tests...done (0ms) 
 set [25/1260] : AK1 - 14774 variants...
     -reading in genotypes, computing gene-based tests and building masks...done (14161ms) 
     -computing association tests...done (10ms) 
     -computing joint association tests...done (0ms) 
 set [26/1260] : AK3 - 25102 variants...
     -reading in genotypes, computing gene-based tests and building masks...done (23654ms) 
     -computing association tests...done (11ms) 
     -computing joint association tests...done (0ms) 
 set [27/1260] : AK4P4 - 2605 variants...
     -reading in genotypes, computing gene-based tests and building masks...done (1940ms) 
     -computing association tests...done (38ms) 
     -computing joint association tests...done (0ms) 
 set [28/1260] : AK8 - 71103 variants...
     -reading in genotypes, computing gene-based tests and building masks...done (77324ms) 
     -computing association tests...done (14ms) 
     -computing joint association tests...done (0ms) 
 set [29/1260] : AKAP8P1 - 934 variants...
     -reading in genotypes, computing gene-based tests and building masks...done (985ms) 
     -computing association tests...done (44ms) 
     -computing joint association tests...done (0ms) 
 set [30/1260] : AKNA - 23447 variants...
     -reading in genotypes, computing gene-based tests and building masks...done (17780ms) 
     -computing association tests...done (54ms) 
     -computing joint association tests...done (0ms) 
 set [31/1260] : ALAD - 9889 variants...
     -reading in genotypes, computing gene-based tests and building masks...done (7114ms) 
     -computing association tests...done (11ms) 
     -computing joint association tests...done (0ms) 
 set [32/1260] : ALDH1A1 - 68394 variants...
     -reading in genotypes, computing gene-based tests and building masks...done (60076ms) 
     -computing association tests...done (55ms) 
     -computing joint association tests...done (0ms) 
 set [33/1260] : ALDH1B1 - 6587 variants...
     -reading in genotypes, computing gene-based tests and building masks...done (6412ms) 
     -computing association tests...done (43ms) 
     -computing joint association tests...done (0ms) 
 set [34/1260] : ALDOB - 12088 variants...
     -reading in genotypes, computing gene-based tests and building masks...done (9270ms) 
     -computing association tests...done (49ms) 
     -computing joint association tests...done (0ms) 
 set [35/1260] : ALG2 - 4636 variants...
     -reading in genotypes, computing gene-based tests and building masks...done (8738ms) 
     -computing association tests...done (46ms) 
     -computing joint association tests...done (0ms) 
 set [36/1260] : ALOX15P2 - 5527 variants...
     -reading in genotypes, computing gene-based tests and building masks...done (5024ms) 
     -computing association tests...done (42ms) 
     -computing joint association tests...done (13ms) 
 set [37/1260] : AMBP - 9477 variants...
     -reading in genotypes, computing gene-based tests and building masks...done (9328ms) 
     -computing association tests...done (9ms) 
     -computing joint association tests...done (12ms) 
 set [38/1260] : ANAPC2 - 8278 variants...
     -reading in genotypes, computing gene-based tests and building masks...done (6286ms) 
     -computing association tests...done (10ms) 
     -computing joint association tests...done (10ms) 
 set [39/1260] : ANGPTL2 - 1428 variants...
     -reading in genotypes, computing gene-based tests and building masks...done (7837ms) 
     -computing association tests...done (49ms) 
     -computing joint association tests...done (2ms) 
 set [40/1260] : ANKRD18A - 29765 variants...
     -reading in genotypes, computing gene-based tests and building masks...done (28062ms) 
     -computing association tests...done (50ms) 
     -computing joint association tests...done (9ms) 
 set [41/1260] : ANKRD18B - 23602 variants...
     -reading in genotypes, computing gene-based tests and building masks...done (20520ms) 
     -computing association tests...done (46ms) 
     -computing joint association tests...done (6ms) 
 set [42/1260] : ANKRD18CP - 26081 variants...
     -reading in genotypes, computing gene-based tests and building masks...done (17127ms) 
     -computing association tests...done (58ms) 
     -computing joint association tests...done (0ms) 
 set [43/1260] : ANKRD19P - 14546 variants...
     -reading in genotypes, computing gene-based tests and building masks...done (21090ms) 
     -computing association tests...done (45ms) 
     -computing joint association tests...done (0ms) 
 set [44/1260] : ANKRD20A1 - 45300 variants...
     -reading in genotypes, computing gene-based tests and building masks...done (188386ms) 
     -computing association tests...done (49ms) 
     -computing joint association tests...done (0ms) 
 set [45/1260] : ANKRD20A2P - 39522 variants...
     -reading in genotypes, computing gene-based tests and building masks...done (478443ms) 
     -computing association tests...done (12ms) 
     -computing joint association tests...done (0ms) 
 set [46/1260] : ANKRD20A3P - 8628 variants...
     -reading in genotypes, computing gene-based tests and building masks...done (65427ms) 
     -computing association tests...done (46ms) 
     -computing joint association tests...done (0ms) 
 set [47/1260] : ANKRD20A4P - 16615 variants...
     -reading in genotypes, computing gene-based tests and building masks...done (33326ms) 
     -computing association tests...done (9ms) 
     -computing joint association tests...done (0ms) 
 set [48/1260] : ANKRD20A7P - 44883 variants...
     -reading in genotypes, computing gene-based tests and building masks...done (37782ms) 
     -computing association tests...done (74ms) 
     -computing joint association tests...done (0ms) 
 set [49/1260] : ANKS6 - 32068 variants...
     -reading in genotypes, computing gene-based tests and building masks...done (27169ms) 
     -computing association tests...done (10ms) 
     -computing joint association tests...done (0ms) 
 set [50/1260] : ANP32B - 20278 variants...
     -reading in genotypes, computing gene-based tests and building masks...done (17366ms) 
     -computing association tests...done (10ms) 
     -computing joint association tests...done (0ms) 
 set [51/1260] : ANXA1 - 11856 variants...
     -reading in genotypes, computing gene-based tests and building masks...done (8349ms) 
     -computing association tests...done (11ms) 
     -computing joint association tests...done (0ms) 
 set [52/1260] : ANXA2P2 - 744 variants...
     -reading in genotypes, computing gene-based tests and building masks...done (735ms) 
     -computing association tests...done (7ms) 
     -computing joint association tests...done (0ms) 
 set [53/1260] : AOPEP - 150829 variants...
     -reading in genotypes, computing gene-based tests and building masks...done (186845ms) 
     -computing association tests...done (22ms) 
     -computing joint association tests...done (2ms) 
 set [54/1260] : APBA1 - 113412 variants...
     -reading in genotypes, computing gene-based tests and building masks...done (202953ms) 
     -computing association tests...done (59ms) 
     -computing joint association tests...done (21ms) 
 set [55/1260] : APTX - 41867 variants...
     -reading in genotypes, computing gene-based tests and building masks...done (38339ms) 
     -computing association tests...done (44ms) 
     -computing joint association tests...done (11ms) 
 set [56/1260] : AQP3 - 7255 variants...
     -reading in genotypes, computing gene-based tests and building masks...done (5429ms) 
     -computing association tests...done (9ms) 
     -computing joint association tests...done (0ms) 
 set [57/1260] : AQP7 - 14116 variants...
     -reading in genotypes, computing gene-based tests and building masks...done (10083ms) 
     -computing association tests...done (45ms) 
     -computing joint association tests...done (17ms) 
 set [58/1260] : AQP7P1 - 692 variants...
     -reading in genotypes, computing gene-based tests and building masks...done (1446ms) 
     -computing association tests...done (8ms) 
     -computing joint association tests...done (0ms) 
 set [59/1260] : AQP7P2 - 1152 variants...
     -reading in genotypes, computing gene-based tests and building masks...done (4578ms) 
     -computing association tests...done (7ms) 
     -computing joint association tests...done (0ms) 
 set [60/1260] : AQP7P3 - 18996 variants...
     -reading in genotypes, computing gene-based tests and building masks...done (373006ms) 
     -computing association tests...done (18ms) 
     -computing joint association tests...done (0ms) 
 set [61/1260] : AQP7P4 - 788 variants...
     -reading in genotypes, computing gene-based tests and building masks...done (12981ms) 
     -computing association tests...done (19ms) 
     -computing joint association tests...done (13ms) 
 set [62/1260] : AQP7P5 - 10729 variants...
     -reading in genotypes, computing gene-based tests and building masks...done (40618ms) 
     -computing association tests...done (51ms) 
     -computing joint association tests...done (0ms) 
 set [63/1260] : ARF4P1 - 5006 variants...
     -reading in genotypes, computing gene-based tests and building masks...done (3754ms) 
     -computing association tests...done (44ms) 
     -computing joint association tests...done (0ms) 
 set [64/1260] : ARHGEF39 - 6046 variants...
     -reading in genotypes, computing gene-based tests and building masks...done (4715ms) 
     -computing association tests...done (10ms) 
     -computing joint association tests...done (0ms) 
 set [65/1260] : ARID3C - 1816 variants...
     -reading in genotypes, computing gene-based tests and building masks...done (3319ms) 
     -computing association tests...done (66ms) 
     -computing joint association tests...done (13ms) 
 set [66/1260] : ARL2BPP7 - 4525 variants...
     -reading in genotypes, computing gene-based tests and building masks...done (2813ms) 
     -computing association tests...done (43ms) 
     -computing joint association tests...done (0ms) 
 set [67/1260] : ARPC5L - 2989 variants...
     -reading in genotypes, computing gene-based tests and building masks...done (2583ms) 
     -computing association tests...done (8ms) 
     -computing joint association tests...done (0ms) 
 set [68/1260] : ARRDC1 - 17316 variants...
     -reading in genotypes, computing gene-based tests and building masks...done (25912ms) 
     -computing association tests...done (58ms) 
     -computing joint association tests...done (0ms) 
 set [69/1260] : ASB6 - 5798 variants...
     -reading in genotypes, computing gene-based tests and building masks...done (9254ms) 
     -computing association tests...done (11ms) 
     -computing joint association tests...done (0ms) 
 set [70/1260] : ASS1 - 29117 variants...
     -reading in genotypes, computing gene-based tests and building masks...done (24986ms) 
     -computing association tests...done (12ms) 
     -computing joint association tests...done (0ms) 
 set [71/1260] : ASS1P12 - 2953 variants...
     -reading in genotypes, computing gene-based tests and building masks...done (2055ms) 
     -computing association tests...done (9ms) 
     -computing joint association tests...done (0ms) 
 set [72/1260] : ASS1P3 - 2943 variants...
     -reading in genotypes, computing gene-based tests and building masks...done (1938ms) 
     -computing association tests...done (10ms) 
     -computing joint association tests...done (0ms) 
 set [73/1260] : ASTN2 - 441295 variants...
     -reading in genotypes, computing gene-based tests and building masks...done (1252555ms) 
     -computing association tests...done (17ms) 
     -computing joint association tests...done (0ms) 
 set [74/1260] : ATOSB - 7519 variants...
     -reading in genotypes, computing gene-based tests and building masks...done (6602ms) 
     -computing association tests...done (11ms) 
     -computing joint association tests...done (0ms) 
 set [75/1260] : ATP5F1AP10 - 4847 variants...
     -reading in genotypes, computing gene-based tests and building masks...done (13527ms) 
     -computing association tests...done (9ms) 
     -computing joint association tests...done (0ms) 
 set [76/1260] : ATP5F1AP1 - 4731 variants...
     -reading in genotypes, computing gene-based tests and building masks...done (3408ms) 
     -computing association tests...done (11ms) 
     -computing joint association tests...done (17ms) 
 set [77/1260] : ATP5F1AP7 - 5272 variants...
     -reading in genotypes, computing gene-based tests and building masks...done (30682ms) 
     -computing association tests...done (6ms) 
     -computing joint association tests...done (0ms) 
 set [78/1260] : ATP5F1AP8 - 5543 variants...
     -reading in genotypes, computing gene-based tests and building masks...done (31781ms) 
     -computing association tests...done (44ms) 
     -computing joint association tests...done (0ms) 
 set [79/1260] : ATP5MFP3 - 129 variants...
     -reading in genotypes, computing gene-based tests and building masks...done (601ms) 
     -computing association tests...done (45ms) 
     -computing joint association tests...done (0ms) 
 set [80/1260] : ATP5PDP2 - 6322 variants...
     -reading in genotypes, computing gene-based tests and building masks...done (4086ms) 
     -computing association tests...done (9ms) 
     -computing joint association tests...done (0ms) 
 set [81/1260] : ATP5PDP3 - 4920 variants...
     -reading in genotypes, computing gene-based tests and building masks...done (3006ms) 
     -computing association tests...done (9ms) 
     -computing joint association tests...done (0ms) 
 set [82/1260] : ATP6V1G1 - 9489 variants...
     -reading in genotypes, computing gene-based tests and building masks...done (12041ms) 
     -computing association tests...done (45ms) 
     -computing joint association tests...done (0ms) 
 set [83/1260] : ATP6V1G1P3 - 5917 variants...
     -reading in genotypes, computing gene-based tests and building masks...done (4829ms) 
     -computing association tests...done (45ms) 
     -computing joint association tests...done (0ms) 
 set [84/1260] : ATP8B5P - 27830 variants...
     -reading in genotypes, computing gene-based tests and building masks...done (23979ms) 
     -computing association tests...done (11ms) 
     -computing joint association tests...done (0ms) 
 set [85/1260] : AUH - 63089 variants...
     -reading in genotypes, computing gene-based tests and building masks...done (55325ms) 
     -computing association tests...done (49ms) 
     -computing joint association tests...done (0ms) 
 set [86/1260] : B3GALT9 - 3318 variants...
     -reading in genotypes, computing gene-based tests and building masks...done (3989ms) 
     -computing association tests...done (40ms) 
     -computing joint association tests...done (0ms) 
 set [87/1260] : B4GALT1 - 37023 variants...
     -reading in genotypes, computing gene-based tests and building masks...done (32908ms) 
     -computing association tests...done (10ms) 
     -computing joint association tests...done (0ms) 
 set [88/1260] : B4GALT1-AS1 - 14432 variants...
     -reading in genotypes, computing gene-based tests and building masks...done (23379ms) 
     -computing association tests...done (9ms) 
     -computing joint association tests...done (0ms) 
 set [89/1260] : BAAT - 13098 variants...
     -reading in genotypes, computing gene-based tests and building masks...done (9185ms) 
     -computing association tests...done (15ms) 
     -computing joint association tests...done (0ms) 
 set [90/1260] : BAG1 - 2580 variants...
     -reading in genotypes, computing gene-based tests and building masks...done (3088ms) 
     -computing association tests...done (9ms) 
     -computing joint association tests...done (0ms) 
 set [91/1260] : BANCR - 9519 variants...
     -reading in genotypes, computing gene-based tests and building masks...done (11427ms) 
     -computing association tests...done (41ms) 
     -computing joint association tests...done (0ms) 
 set [92/1260] : BARHL1 - 6260 variants...
     -reading in genotypes, computing gene-based tests and building masks...done (4433ms) 
     -computing association tests...done (47ms) 
     -computing joint association tests...done (0ms) 
 set [93/1260] : BARX1 - 7454 variants...
     -reading in genotypes, computing gene-based tests and building masks...done (9536ms) 
     -computing association tests...done (10ms) 
     -computing joint association tests...done (0ms) 
 set [94/1260] : BARX1-DT - 14134 variants...
     -reading in genotypes, computing gene-based tests and building masks...done (18866ms) 
     -computing association tests...done (9ms) 
     -computing joint association tests...done (5ms) 
 set [95/1260] : BBLN - 6822 variants...
     -reading in genotypes, computing gene-based tests and building masks...done (18090ms) 
     -computing association tests...done (19ms) 
     -computing joint association tests...done (0ms) 
 set [96/1260] : BEND3P2 - 917 variants...
     -reading in genotypes, computing gene-based tests and building masks...done (3983ms) 
     -computing association tests...done (6ms) 
     -computing joint association tests...done (0ms) 
 set [97/1260] : BICD2 - 26736 variants...
     -reading in genotypes, computing gene-based tests and building masks...done (20548ms) 
     -computing association tests...done (14ms) 
     -computing joint association tests...done (0ms) 
 set [98/1260] : BMS1P10 - 181 variants...
     -reading in genotypes, computing gene-based tests and building masks...done (745ms) 
     -computing association tests...done (4ms) 
     -computing joint association tests...done (0ms) 
 set [99/1260] : BMS1P11 - 2863 variants...
     -reading in genotypes, computing gene-based tests and building masks...done (25395ms) 
     -computing association tests...done (43ms) 
     -computing joint association tests...done (0ms) 
 set [100/1260] : BMS1P12 - 162 variants...
     -reading in genotypes, computing gene-based tests and building masks...done (1212ms) 
     -computing association tests...done (24ms) 
     -computing joint association tests...done (2ms) 
 set [101/1260] : BMS1P13 - 2210 variants...
     -reading in genotypes, computing gene-based tests and building masks...done (16833ms) 
     -computing association tests...done (10ms) 
     -computing joint association tests...done (0ms) 
 set [102/1260] : BMS1P14 - 165308 variants...
     -reading in genotypes, computing gene-based tests and building masks...ERROR: bad_alloc caught, not enough memory (std::bad_alloc)
end at:
Sat Sep 13 17:48:37 CST 2025
