start at:
Sat Sep  6 08:11:31 CST 2025
This directory already exists.
regenie version:
v4.1.gz
--------start
Start time: Sat Sep  6 08:11:45 2025

              |===========================|
              |      REGENIE v4.1.gz      |
              |===========================|

Copyright (c) 2020-2024 Joelle Mbatchou, Andrey Ziyatdinov and Jonathan Marchini.
Distributed under the MIT License.
Compiled with Boost Iostream library.
Using Intel MKL with Eigen.

Log of output saved in file : /share/home/lsy_luzhen/WGS_GWAS_and_MR/tmp_ssh_data/GWAS_european/gene_based/testing_results/step2_gb_euro_cin3plus_chrX.log

Options in effect:
  --step 2 \
  --pgen /share/home/lsy_luzhen/WGS_GWAS_and_MR/tmp_ssh_data/GWAS_european/gene_based/EuroPrePCA_ref38_rsID \
  --chr X \
  --phenoFile /share/home/lsy_luzhen/WGS_GWAS_and_MR/tmp_ssh_data/GWAS_european/T002_CIN3plus_phenotype.txt \
  --bt \
  --covarFile /share/home/lsy_luzhen/WGS_GWAS_and_MR/tmp_ssh_data/GWAS_european/T002_CIN3plus_covars.txt \
  --catCovarList Smoking_status,Alcohol_intake_frequency,Genotype_measurement_batch \
  --strict \
  --bsize 1000 \
  --firth \
  --approx \
  --threads 16 \
  --pred /share/home/lsy_luzhen/WGS_GWAS_and_MR/tmp_ssh_data/GWAS_european/step1/regenie_step1_euro_cin3plus_pred.list \
  --use-null-firth /share/home/lsy_luzhen/WGS_GWAS_and_MR/tmp_ssh_data/GWAS_european/step1/regenie_step1_euro_cin3plus_firth.list \
  --anno-file /share/home/lsy_luzhen/WGS_GWAS_and_MR/tmp_ssh_data/GWAS_european/gene_based/anno_file_unique_filtered.txt \
  --set-list /share/home/lsy_luzhen/WGS_GWAS_and_MR/tmp_ssh_data/GWAS_european/gene_based/set_list_unique_filtered.txt \
  --mask-def /share/home/lsy_luzhen/WGS_GWAS_and_MR/tmp_ssh_data/GWAS_european/gene_based/mask_file.txt \
  --aaf-bins 0.001,0.01,0.05,0.1 \
  --vc-MACthr 10 \
  --joint acat,sbat \
  --vc-tests skato,acato-full \
  --rgc-gene-p \
  --out /share/home/lsy_luzhen/WGS_GWAS_and_MR/tmp_ssh_data/GWAS_european/gene_based/testing_results/step2_gb_euro_cin3plus_chrX

Association testing mode (joint tests) with fast multithreading using OpenMP
 * pvar             : [/share/home/lsy_luzhen/WGS_GWAS_and_MR/tmp_ssh_data/GWAS_european/gene_based/EuroPrePCA_ref38_rsID.pvar] n_snps = 1400147917
 * psam             : [/share/home/lsy_luzhen/WGS_GWAS_and_MR/tmp_ssh_data/GWAS_european/gene_based/EuroPrePCA_ref38_rsID.psam] n_samples = 202952
 * pgen             : [/share/home/lsy_luzhen/WGS_GWAS_and_MR/tmp_ssh_data/GWAS_european/gene_based/EuroPrePCA_ref38_rsID.pgen] 
 * phenotypes       : [/share/home/lsy_luzhen/WGS_GWAS_and_MR/tmp_ssh_data/GWAS_european/T002_CIN3plus_phenotype.txt] n_pheno = 1
   -dropping observations with missing values at any of the phenotypes
   -number of phenotyped individuals with no missing data = 202952
 * covariates       : [/share/home/lsy_luzhen/WGS_GWAS_and_MR/tmp_ssh_data/GWAS_european/T002_CIN3plus_covars.txt] n_cov = 26
   -number of individuals with covariate data = 202952
 * number of individuals used in analysis = 202952
 * case-control counts for each trait:
   - 'CIN3plus': 5544 cases and 197408 controls
 * LOCO predictions : [/share/home/lsy_luzhen/WGS_GWAS_and_MR/tmp_ssh_data/GWAS_european/step1/regenie_step1_euro_cin3plus_pred.list]
   -file [/share/home/lsy_luzhen/WGS_GWAS_and_MR/tmp_ssh_data/GWAS_european/step1/regenie_step1_euro_cin3plus_1.loco] for phenotype 'CIN3plus'
 * annotations      : [/share/home/lsy_luzhen/WGS_GWAS_and_MR/tmp_ssh_data/GWAS_european/gene_based/anno_file_unique_filtered.txt] 
   +number of annotations categories = 6
 * masks            : [/share/home/lsy_luzhen/WGS_GWAS_and_MR/tmp_ssh_data/GWAS_european/gene_based/mask_file.txt] n_masks = 7
 * aaf cutoffs      : [ 4 : 0.001 0.01 0.05 0.1 ] + singletons
 * set file         : [/share/home/lsy_luzhen/WGS_GWAS_and_MR/tmp_ssh_data/GWAS_european/gene_based/set_list_unique_filtered.txt] n_sets = 1531
WARNING: Detected 20 sets with variants not in genetic data or annotation files.
 * # threads        : [16]
 * # tested sets    : [1531]
 * max block size   : [1000]
 * rule used to build masks : max
 * computing gene-based tests for each set of variants included in a mask (rho=[0,0.01,0.04,0.09,0.16,0.25,0.5,1])
  -variants with MAC <= 10 are collapsed into a mask
  -weights are obtained from Beta(MAF,1,25)
  -list of gene-based tests run: ACATO,ACATV,SKATO,SKATO-ACAT
 * applying ACAT to output overall gene p-value
 * approximate memory usage : 10934GB
 * using minimum MAC of 5 (masks with lower MAC are ignored)
 * using fast Firth correction for logistic/cox regression p-values less than 0.05
 * user specified to test only on select chromosomes
WARNING: Joint SBAT test only for QTs.
 * number of mask groups run through gene-p strategy = 2
 * list of joint tests run on burden masks: ACAT

Chromosome 23 [1531 sets in total]
   -reading loco predictions for the chromosome...done (2288ms) 
   -fitting null logistic regression on binary phenotypes...done (466ms) 
   -fitting null Firth logistic regression on binary phenotypes...done (3253ms) 
 set [1/1531] : ABCB7 - 33242 variants...
     -reading in genotypes, computing gene-based tests and building masks...done (56311ms) 
     -computing association tests...done (20ms) 
     -computing joint association tests...done (0ms) 
 set [2/1531] : ABCD1 - 9019 variants...
     -reading in genotypes, computing gene-based tests and building masks...done (12965ms) 
     -computing association tests...done (31ms) 
     -computing joint association tests...done (2ms) 
 set [3/1531] : ACE2 - 12301 variants...
     -reading in genotypes, computing gene-based tests and building masks...done (23966ms) 
     -computing association tests...done (100ms) 
     -computing joint association tests...done (0ms) 
 set [4/1531] : ACE2-DT - 4355 variants...
     -reading in genotypes, computing gene-based tests and building masks...done (6775ms) 
     -computing association tests...done (68ms) 
     -computing joint association tests...done (0ms) 
 set [5/1531] : ACOT9 - 26883 variants...
     -reading in genotypes, computing gene-based tests and building masks...done (50666ms) 
     -computing association tests...done (21ms) 
     -computing joint association tests...done (0ms) 
 set [6/1531] : ACSL4 - 29228 variants...
     -reading in genotypes, computing gene-based tests and building masks...done (55682ms) 
     -computing association tests...done (77ms) 
     -computing joint association tests...done (0ms) 
 set [7/1531] : ACTBP1 - 354 variants...
     -reading in genotypes, computing gene-based tests and building masks...done (6740ms) 
     -computing association tests...done (9ms) 
     -computing joint association tests...done (0ms) 
 set [8/1531] : ACTG1P10 - 3663 variants...
     -reading in genotypes, computing gene-based tests and building masks...done (7770ms) 
     -computing association tests...done (10ms) 
     -computing joint association tests...done (0ms) 
 set [9/1531] : ACTR3P2 - 3596 variants...
     -reading in genotypes, computing gene-based tests and building masks...done (5425ms) 
     -computing association tests...done (13ms) 
     -computing joint association tests...done (0ms) 
 set [10/1531] : ACTRT1 - 3240 variants...
     -reading in genotypes, computing gene-based tests and building masks...done (7948ms) 
     -computing association tests...done (26ms) 
     -computing joint association tests...done (0ms) 
 set [11/1531] : ACTRT1P1 - 349 variants...
     -reading in genotypes, computing gene-based tests and building masks...done (897ms) 
     -computing association tests...done (1ms) 
     -computing joint association tests...done (0ms) 
 set [12/1531] : ADGRG2 - 39417 variants...
     -reading in genotypes, computing gene-based tests and building masks...done (73075ms) 
     -computing association tests...done (76ms) 
     -computing joint association tests...done (0ms) 
 set [13/1531] : ADGRG4 - 37845 variants...
     -reading in genotypes, computing gene-based tests and building masks...done (59071ms) 
     -computing association tests...done (101ms) 
     -computing joint association tests...done (0ms) 
 set [14/1531] : AFF2 - 153519 variants...
     -reading in genotypes, computing gene-based tests and building masks...done (518480ms) 
     -computing association tests...done (110ms) 
     -computing joint association tests...done (0ms) 
 set [15/1531] : AGKP2 - 1757 variants...
     -reading in genotypes, computing gene-based tests and building masks...done (4749ms) 
     -computing association tests...done (11ms) 
     -computing joint association tests...done (0ms) 
 set [16/1531] : AGTR2 - 4113 variants...
     -reading in genotypes, computing gene-based tests and building masks...done (8560ms) 
     -computing association tests...done (16ms) 
     -computing joint association tests...done (0ms) 
 set [17/1531] : AIFM1 - 12874 variants...
     -reading in genotypes, computing gene-based tests and building masks...done (18286ms) 
     -computing association tests...done (18ms) 
     -computing joint association tests...done (0ms) 
 set [18/1531] : AKAP14 - 10623 variants...
     -reading in genotypes, computing gene-based tests and building masks...done (24224ms) 
     -computing association tests...done (80ms) 
     -computing joint association tests...done (0ms) 
 set [19/1531] : AKAP17A - 31993 variants...
     -reading in genotypes, computing gene-based tests and building masks...done (4087866ms) 
     -computing association tests...done (18ms) 
     -computing joint association tests...done (0ms) 
 set [20/1531] : AKAP17BP - 2026 variants...
     -reading in genotypes, computing gene-based tests and building masks...done (5363ms) 
     -computing association tests...done (11ms) 
     -computing joint association tests...done (0ms) 
 set [21/1531] : AKAP4 - 3907 variants...
     -reading in genotypes, computing gene-based tests and building masks...done (13804ms) 
     -computing association tests...done (98ms) 
     -computing joint association tests...done (0ms) 
 set [22/1531] : AKR1B1P8 - 4891 variants...
     -reading in genotypes, computing gene-based tests and building masks...done (10104ms) 
     -computing association tests...done (15ms) 
     -computing joint association tests...done (0ms) 
 set [23/1531] : ALAS2 - 5976 variants...
     -reading in genotypes, computing gene-based tests and building masks...done (11447ms) 
     -computing association tests...done (17ms) 
     -computing joint association tests...done (0ms) 
 set [24/1531] : ALG13 - 26607 variants...
     -reading in genotypes, computing gene-based tests and building masks...done (47256ms) 
     -computing association tests...done (83ms) 
     -computing joint association tests...done (0ms) 
 set [25/1531] : AMD1P2 - 5557 variants...
     -reading in genotypes, computing gene-based tests and building masks...done (6254ms) 
     -computing association tests...done (14ms) 
     -computing joint association tests...done (0ms) 
 set [26/1531] : AMELX - 4846 variants...
     -reading in genotypes, computing gene-based tests and building masks...done (9164ms) 
     -computing association tests...done (92ms) 
     -computing joint association tests...done (0ms) 
 set [27/1531] : AMER1 - 11046 variants...
     -reading in genotypes, computing gene-based tests and building masks...done (16888ms) 
     -computing association tests...done (71ms) 
     -computing joint association tests...done (0ms) 
 set [28/1531] : AMMECR1 - 39236 variants...
     -reading in genotypes, computing gene-based tests and building masks...done (69611ms) 
     -computing association tests...done (77ms) 
     -computing joint association tests...done (0ms) 
 set [29/1531] : AMOT - 22347 variants...
     -reading in genotypes, computing gene-based tests and building masks...done (32795ms) 
     -computing association tests...done (15ms) 
     -computing joint association tests...done (0ms) 
 set [30/1531] : AMZ2P3 - 166 variants...
     -reading in genotypes, computing gene-based tests and building masks...done (613ms) 
     -computing association tests...done (0ms) 
     -computing joint association tests...done (0ms) 
 set [31/1531] : ANAPC15P1 - 3168 variants...
     -reading in genotypes, computing gene-based tests and building masks...done (8616ms) 
     -computing association tests...done (14ms) 
     -computing joint association tests...done (0ms) 
 set [32/1531] : ANKRD11P2 - 4672 variants...
     -reading in genotypes, computing gene-based tests and building masks...done (6589ms) 
     -computing association tests...done (14ms) 
     -computing joint association tests...done (0ms) 
 set [33/1531] : ANOS1 - 64399 variants...
     -reading in genotypes, computing gene-based tests and building masks...done (153828ms) 
     -computing association tests...done (19ms) 
     -computing joint association tests...done (0ms) 
 set [34/1531] : AP1S2 - 9437 variants...
     -reading in genotypes, computing gene-based tests and building masks...done (21835ms) 
     -computing association tests...done (17ms) 
     -computing joint association tests...done (0ms) 
 set [35/1531] : AP2B1P1 - 3862 variants...
     -reading in genotypes, computing gene-based tests and building masks...done (5886ms) 
     -computing association tests...done (9ms) 
     -computing joint association tests...done (0ms) 
 set [36/1531] : APEX2 - 5213 variants...
     -reading in genotypes, computing gene-based tests and building masks...done (9828ms) 
     -computing association tests...done (73ms) 
     -computing joint association tests...done (0ms) 
 set [37/1531] : API5P1 - 4158 variants...
     -reading in genotypes, computing gene-based tests and building masks...done (6726ms) 
     -computing association tests...done (14ms) 
     -computing joint association tests...done (0ms) 
 set [38/1531] : APLN - 5655 variants...
     -reading in genotypes, computing gene-based tests and building masks...done (9725ms) 
     -computing association tests...done (78ms) 
     -computing joint association tests...done (0ms) 
 set [39/1531] : APOO - 34300 variants...
     -reading in genotypes, computing gene-based tests and building masks...done (67271ms) 
     -computing association tests...done (92ms) 
     -computing joint association tests...done (0ms) 
 set [40/1531] : APOOL - 31736 variants...
     -reading in genotypes, computing gene-based tests and building masks...done (63469ms) 
     -computing association tests...done (81ms) 
     -computing joint association tests...done (0ms) 
 set [41/1531] : AR - 67177 variants...
     -reading in genotypes, computing gene-based tests and building masks...done (138646ms) 
     -computing association tests...done (25ms) 
     -computing joint association tests...done (0ms) 
 set [42/1531] : ARAF - 6294 variants...
     -reading in genotypes, computing gene-based tests and building masks...done (18546ms) 
     -computing association tests...done (18ms) 
     -computing joint association tests...done (0ms) 
 set [43/1531] : ARHGAP36 - 12628 variants...
     -reading in genotypes, computing gene-based tests and building masks...done (18806ms) 
     -computing association tests...done (88ms) 
     -computing joint association tests...done (0ms) 
 set [44/1531] : ARHGAP4 - 4112 variants...
     -reading in genotypes, computing gene-based tests and building masks...done (8653ms) 
     -computing association tests...done (81ms) 
     -computing joint association tests...done (0ms) 
 set [45/1531] : ARHGAP6 - 167788 variants...
     -reading in genotypes, computing gene-based tests and building masks...done (594364ms) 
     -computing association tests...done (36ms) 
     -computing joint association tests...done (0ms) 
 set [46/1531] : ARHGEF6 - 35488 variants...
     -reading in genotypes, computing gene-based tests and building masks...done (66414ms) 
     -computing association tests...done (20ms) 
     -computing joint association tests...done (0ms) 
 set [47/1531] : ARHGEF9 - 53443 variants...
     -reading in genotypes, computing gene-based tests and building masks...done (95316ms) 
     -computing association tests...done (19ms) 
     -computing joint association tests...done (0ms) 
 set [48/1531] : ARL13A - 9437 variants...
     -reading in genotypes, computing gene-based tests and building masks...done (24624ms) 
     -computing association tests...done (17ms) 
     -computing joint association tests...done (0ms) 
 set [49/1531] : ARL5AP1 - 2912 variants...
     -reading in genotypes, computing gene-based tests and building masks...done (11767ms) 
     -computing association tests...done (75ms) 
     -computing joint association tests...done (0ms) 
 set [50/1531] : ARL5AP5 - 4582 variants...
     -reading in genotypes, computing gene-based tests and building masks...done (17926ms) 
     -computing association tests...done (14ms) 
     -computing joint association tests...done (0ms) 
 set [51/1531] : ARMCX1 - 4819 variants...
     -reading in genotypes, computing gene-based tests and building masks...done (14725ms) 
     -computing association tests...done (15ms) 
     -computing joint association tests...done (0ms) 
 set [52/1531] : ARMCX2 - 4100 variants...
     -reading in genotypes, computing gene-based tests and building masks...done (7661ms) 
     -computing association tests...done (92ms) 
     -computing joint association tests...done (0ms) 
 set [53/1531] : ARMCX3 - 3967 variants...
     -reading in genotypes, computing gene-based tests and building masks...done (7527ms) 
     -computing association tests...done (11ms) 
     -computing joint association tests...done (0ms) 
 set [54/1531] : ARMCX4 - 36399 variants...
     -reading in genotypes, computing gene-based tests and building masks...done (88850ms) 
     -computing association tests...done (28ms) 
     -computing joint association tests...done (0ms) 
 set [55/1531] : ARMCX5 - 3930 variants...
     -reading in genotypes, computing gene-based tests and building masks...done (6665ms) 
     -computing association tests...done (13ms) 
     -computing joint association tests...done (0ms) 
 set [56/1531] : ARMCX6 - 4360 variants...
     -reading in genotypes, computing gene-based tests and building masks...done (10272ms) 
     -computing association tests...done (12ms) 
     -computing joint association tests...done (0ms) 
 set [57/1531] : ARMCX7P - 132 variants...
     -reading in genotypes, computing gene-based tests and building masks...done (309ms) 
     -computing association tests...done (0ms) 
     -computing joint association tests...done (0ms) 
 set [58/1531] : ARR3 - 6028 variants...
     -reading in genotypes, computing gene-based tests and building masks...done (8760ms) 
     -computing association tests...done (29ms) 
     -computing joint association tests...done (0ms) 
 set [59/1531] : ARSD - 12193 variants...
     -reading in genotypes, computing gene-based tests and building masks...done (18942ms) 
     -computing association tests...done (79ms) 
     -computing joint association tests...done (0ms) 
 set [60/1531] : ARSF - 31144 variants...
     -reading in genotypes, computing gene-based tests and building masks...done (190179ms) 
     -computing association tests...done (106ms) 
     -computing joint association tests...done (0ms) 
 set [61/1531] : ARSH - 14104 variants...
     -reading in genotypes, computing gene-based tests and building masks...done (26533ms) 
     -computing association tests...done (77ms) 
     -computing joint association tests...done (0ms) 
 set [62/1531] : ARSL - 13492 variants...
     -reading in genotypes, computing gene-based tests and building masks...done (21289ms) 
     -computing association tests...done (30ms) 
     -computing joint association tests...done (0ms) 
 set [63/1531] : ARX - 8385 variants...
     -reading in genotypes, computing gene-based tests and building masks...done (12465ms) 
     -computing association tests...done (14ms) 
     -computing joint association tests...done (0ms) 
 set [64/1531] : ASB11 - 13826 variants...
     -reading in genotypes, computing gene-based tests and building masks...done (19917ms) 
     -computing association tests...done (79ms) 
     -computing joint association tests...done (0ms) 
 set [65/1531] : ASB12 - 6171 variants...
     -reading in genotypes, computing gene-based tests and building masks...done (11532ms) 
     -computing association tests...done (16ms) 
     -computing joint association tests...done (0ms) 
 set [66/1531] : ASB9 - 15267 variants...
     -reading in genotypes, computing gene-based tests and building masks...done (23393ms) 
     -computing association tests...done (75ms) 
     -computing joint association tests...done (0ms) 
 set [67/1531] : ASMT - 41554 variants...
     -reading in genotypes, computing gene-based tests and building masks...done (1111295ms) 
     -computing association tests...done (21ms) 
     -computing joint association tests...done (0ms) 
 set [68/1531] : ASMTL - 50028 variants...
     -reading in genotypes, computing gene-based tests and building masks...done (208822ms) 
     -computing association tests...done (21ms) 
     -computing joint association tests...done (0ms) 
 set [69/1531] : ASS1P4 - 3685 variants...
     -reading in genotypes, computing gene-based tests and building masks...done (5148ms) 
     -computing association tests...done (14ms) 
     -computing joint association tests...done (0ms) 
 set [70/1531] : ASS1P5 - 2544 variants...
     -reading in genotypes, computing gene-based tests and building masks...done (4285ms) 
     -computing association tests...done (79ms) 
     -computing joint association tests...done (0ms) 
 set [71/1531] : ATF4P2 - 1507 variants...
     -reading in genotypes, computing gene-based tests and building masks...done (11448ms) 
     -computing association tests...done (8ms) 
     -computing joint association tests...done (0ms) 
 set [72/1531] : ATG4A - 18135 variants...
     -reading in genotypes, computing gene-based tests and building masks...done (37248ms) 
     -computing association tests...done (117ms) 
     -computing joint association tests...done (0ms) 
 set [73/1531] : ATG4AP1 - 4985 variants...
     -reading in genotypes, computing gene-based tests and building masks...done (7003ms) 
     -computing association tests...done (14ms) 
     -computing joint association tests...done (0ms) 
 set [74/1531] : ATP11C - 69464 variants...
     -reading in genotypes, computing gene-based tests and building masks...done (139518ms) 
     -computing association tests...done (81ms) 
     -computing joint association tests...done (0ms) 
 set [75/1531] : ATP1B4 - 12284 variants...
     -reading in genotypes, computing gene-based tests and building masks...done (25771ms) 
     -computing association tests...done (19ms) 
     -computing joint association tests...done (0ms) 
 set [76/1531] : ATP2B3 - 29675 variants...
     -reading in genotypes, computing gene-based tests and building masks...done (53671ms) 
     -computing association tests...done (74ms) 
     -computing joint association tests...done (0ms) 
 set [77/1531] : ATP5MC2P4 - 179 variants...
     -reading in genotypes, computing gene-based tests and building masks...done (5332ms) 
     -computing association tests...done (1ms) 
     -computing joint association tests...done (0ms) 
 set [78/1531] : ATP6AP1 - 4309 variants...
     -reading in genotypes, computing gene-based tests and building masks...done (10113ms) 
     -computing association tests...done (13ms) 
     -computing joint association tests...done (0ms) 
 set [79/1531] : ATP6AP2 - 10823 variants...
     -reading in genotypes, computing gene-based tests and building masks...done (23074ms) 
     -computing association tests...done (78ms) 
     -computing joint association tests...done (0ms) 
 set [80/1531] : ATP7A - 40953 variants...
     -reading in genotypes, computing gene-based tests and building masks...done (69386ms) 
     -computing association tests...done (105ms) 
     -computing joint association tests...done (0ms) 
 set [81/1531] : ATRX - 91616 variants...
     -reading in genotypes, computing gene-based tests and building masks...done (235589ms) 
     -computing association tests...done (80ms) 
     -computing joint association tests...done (0ms) 
 set [82/1531] : ATXN3L - 3141 variants...
     -reading in genotypes, computing gene-based tests and building masks...done (5919ms) 
     -computing association tests...done (16ms) 
     -computing joint association tests...done (0ms) 
 set [83/1531] : ATXN7L3P1 - 4867 variants...
     -reading in genotypes, computing gene-based tests and building masks...done (8042ms) 
     -computing association tests...done (14ms) 
     -computing joint association tests...done (0ms) 
 set [84/1531] : AVPR2 - 5739 variants...
     -reading in genotypes, computing gene-based tests and building masks...done (8454ms) 
     -computing association tests...done (18ms) 
     -computing joint association tests...done (0ms) 
 set [85/1531] : AWAT1 - 4548 variants...
     -reading in genotypes, computing gene-based tests and building masks...done (7943ms) 
     -computing association tests...done (15ms) 
     -computing joint association tests...done (0ms) 
 set [86/1531] : AWAT2 - 5270 variants...
     -reading in genotypes, computing gene-based tests and building masks...done (16631ms) 
     -computing association tests...done (75ms) 
     -computing joint association tests...done (0ms) 
 set [87/1531] : B3GNT2P1 - 3255 variants...
     -reading in genotypes, computing gene-based tests and building masks...done (4867ms) 
     -computing association tests...done (13ms) 
     -computing joint association tests...done (0ms) 
 set [88/1531] : BAG1P1 - 3023 variants...
     -reading in genotypes, computing gene-based tests and building masks...done (4160ms) 
     -computing association tests...done (10ms) 
     -computing joint association tests...done (0ms) 
 set [89/1531] : BCAP31 - 8400 variants...
     -reading in genotypes, computing gene-based tests and building masks...done (14086ms) 
     -computing association tests...done (28ms) 
     -computing joint association tests...done (0ms) 
 set [90/1531] : BCLAF3 - 29259 variants...
     -reading in genotypes, computing gene-based tests and building masks...done (60697ms) 
     -computing association tests...done (79ms) 
     -computing joint association tests...done (0ms) 
 set [91/1531] : BCOR - 41030 variants...
     -reading in genotypes, computing gene-based tests and building masks...done (116572ms) 
     -computing association tests...done (95ms) 
     -computing joint association tests...done (0ms) 
 set [92/1531] : BCORL1 - 31526 variants...
     -reading in genotypes, computing gene-based tests and building masks...done (53881ms) 
     -computing association tests...done (19ms) 
     -computing joint association tests...done (0ms) 
 set [93/1531] : BEND2 - 20581 variants...
     -reading in genotypes, computing gene-based tests and building masks...done (30662ms) 
     -computing association tests...done (19ms) 
     -computing joint association tests...done (0ms) 
 set [94/1531] : BEND7P1 - 1279 variants...
     -reading in genotypes, computing gene-based tests and building masks...done (2381ms) 
     -computing association tests...done (8ms) 
     -computing joint association tests...done (0ms) 
 set [95/1531] : BEX1 - 5674 variants...
     -reading in genotypes, computing gene-based tests and building masks...done (12783ms) 
     -computing association tests...done (17ms) 
     -computing joint association tests...done (0ms) 
 set [96/1531] : BEX2 - 3667 variants...
     -reading in genotypes, computing gene-based tests and building masks...done (8189ms) 
     -computing association tests...done (16ms) 
     -computing joint association tests...done (0ms) 
 set [97/1531] : BEX3 - 3888 variants...
     -reading in genotypes, computing gene-based tests and building masks...done (6906ms) 
     -computing association tests...done (114ms) 
     -computing joint association tests...done (0ms) 
 set [98/1531] : BEX4 - 3990 variants...
     -reading in genotypes, computing gene-based tests and building masks...done (6824ms) 
     -computing association tests...done (15ms) 
     -computing joint association tests...done (0ms) 
 set [99/1531] : BEX5 - 4625 variants...
     -reading in genotypes, computing gene-based tests and building masks...done (12320ms) 
     -computing association tests...done (100ms) 
     -computing joint association tests...done (0ms) 
 set [100/1531] : BGN - 9322 variants...
     -reading in genotypes, computing gene-based tests and building masks...done (14253ms) 
     -computing association tests...done (72ms) 
     -computing joint association tests...done (0ms) 
 set [101/1531] : BLOC1S2P1 - 4650 variants...
     -reading in genotypes, computing gene-based tests and building masks...done (6479ms) 
     -computing association tests...done (67ms) 
     -computing joint association tests...done (0ms) 
 set [102/1531] : BLOC1S6P1 - 1689 variants...
     -reading in genotypes, computing gene-based tests and building masks...done (4250ms) 
     -computing association tests...done (8ms) 
     -computing joint association tests...done (0ms) 
 set [103/1531] : BMI1P1 - 4113 variants...
     -reading in genotypes, computing gene-based tests and building masks...done (5452ms) 
     -computing association tests...done (14ms) 
     -computing joint association tests...done (0ms) 
 set [104/1531] : BMP15 - 4584 variants...
     -reading in genotypes, computing gene-based tests and building masks...done (12427ms) 
     -computing association tests...done (10ms) 
     -computing joint association tests...done (0ms) 
 set [105/1531] : BMX - 16537 variants...
     -reading in genotypes, computing gene-based tests and building masks...done (24557ms) 
     -computing association tests...done (18ms) 
     -computing joint association tests...done (0ms) 
 set [106/1531] : BRAFP1 - 1200 variants...
     -reading in genotypes, computing gene-based tests and building masks...done (3326ms) 
     -computing association tests...done (10ms) 
     -computing joint association tests...done (0ms) 
 set [107/1531] : BRCC3 - 13163 variants...
     -reading in genotypes, computing gene-based tests and building masks...done (25173ms) 
     -computing association tests...done (29ms) 
     -computing joint association tests...done (0ms) 
 set [108/1531] : BRDTP1 - 164 variants...
     -reading in genotypes, computing gene-based tests and building masks...done (730ms) 
     -computing association tests...done (10ms) 
     -computing joint association tests...done (0ms) 
 set [109/1531] : BRK1P1 - 2831 variants...
     -reading in genotypes, computing gene-based tests and building masks...done (4590ms) 
     -computing association tests...done (71ms) 
     -computing joint association tests...done (0ms) 
 set [110/1531] : BRS3 - 3346 variants...
     -reading in genotypes, computing gene-based tests and building masks...done (5687ms) 
     -computing association tests...done (13ms) 
     -computing joint association tests...done (0ms) 
 set [111/1531] : BRWD3 - 48684 variants...
     -reading in genotypes, computing gene-based tests and building masks...done (85617ms) 
     -computing association tests...done (22ms) 
     -computing joint association tests...done (0ms) 
 set [112/1531] : BTG3P1 - 235 variants...
     -reading in genotypes, computing gene-based tests and building masks...done (3687ms) 
     -computing association tests...done (4ms) 
     -computing joint association tests...done (0ms) 
 set [113/1531] : BTK - 8669 variants...
     -reading in genotypes, computing gene-based tests and building masks...done (13880ms) 
     -computing association tests...done (88ms) 
     -computing joint association tests...done (0ms) 
 set [114/1531] : BUD31P2 - 2820 variants...
     -reading in genotypes, computing gene-based tests and building masks...done (3847ms) 
     -computing association tests...done (10ms) 
     -computing joint association tests...done (0ms) 
 set [115/1531] : C1GALT1C1 - 4827 variants...
     -reading in genotypes, computing gene-based tests and building masks...done (16356ms) 
     -computing association tests...done (16ms) 
     -computing joint association tests...done (0ms) 
 set [116/1531] : C3orf49P1 - 1852 variants...
     -reading in genotypes, computing gene-based tests and building masks...done (2725ms) 
     -computing association tests...done (74ms) 
     -computing joint association tests...done (0ms) 
 set [117/1531] : CA5B - 21463 variants...
     -reading in genotypes, computing gene-based tests and building masks...done (36090ms) 
     -computing association tests...done (18ms) 
     -computing joint association tests...done (0ms) 
 set [118/1531] : CA5BP1 - 12838 variants...
     -reading in genotypes, computing gene-based tests and building masks...done (21222ms) 
     -computing association tests...done (77ms) 
     -computing joint association tests...done (0ms) 
 set [119/1531] : CACNA1F - 7802 variants...
     -reading in genotypes, computing gene-based tests and building masks...done (13219ms) 
     -computing association tests...done (89ms) 
     -computing joint association tests...done (0ms) 
 set [120/1531] : CALM1P1 - 3120 variants...
     -reading in genotypes, computing gene-based tests and building masks...done (4527ms) 
     -computing association tests...done (8ms) 
     -computing joint association tests...done (0ms) 
 set [121/1531] : CAPN6 - 10613 variants...
     -reading in genotypes, computing gene-based tests and building masks...done (17561ms) 
     -computing association tests...done (31ms) 
     -computing joint association tests...done (0ms) 
 set [122/1531] : CAPZA1P1 - 3437 variants...
     -reading in genotypes, computing gene-based tests and building masks...done (4900ms) 
     -computing association tests...done (9ms) 
     -computing joint association tests...done (0ms) 
 set [123/1531] : CAPZA1P3 - 2656 variants...
     -reading in genotypes, computing gene-based tests and building masks...done (6986ms) 
     -computing association tests...done (7ms) 
     -computing joint association tests...done (0ms) 
 set [124/1531] : CASK - 108517 variants...
     -reading in genotypes, computing gene-based tests and building masks...done (270999ms) 
     -computing association tests...done (19ms) 
     -computing joint association tests...done (0ms) 
 set [125/1531] : CBLL1P1 - 488 variants...
     -reading in genotypes, computing gene-based tests and building masks...done (1421ms) 
     -computing association tests...done (86ms) 
     -computing joint association tests...done (0ms) 
 set [126/1531] : CBLL2 - 4936 variants...
     -reading in genotypes, computing gene-based tests and building masks...done (8778ms) 
     -computing association tests...done (16ms) 
     -computing joint association tests...done (0ms) 
 set [127/1531] : CBX1P1 - 184 variants...
     -reading in genotypes, computing gene-based tests and building masks...done (1843ms) 
     -computing association tests...done (1ms) 
     -computing joint association tests...done (0ms) 
 set [128/1531] : CBX1P4 - 2654 variants...
     -reading in genotypes, computing gene-based tests and building masks...done (13062ms) 
     -computing association tests...done (7ms) 
     -computing joint association tests...done (0ms) 
 set [129/1531] : CCDC120 - 5707 variants...
     -reading in genotypes, computing gene-based tests and building masks...done (9769ms) 
     -computing association tests...done (72ms) 
     -computing joint association tests...done (0ms) 
 set [130/1531] : CCDC160 - 7107 variants...
     -reading in genotypes, computing gene-based tests and building masks...done (19533ms) 
     -computing association tests...done (85ms) 
     -computing joint association tests...done (0ms) 
 set [131/1531] : CCDC22 - 6141 variants...
     -reading in genotypes, computing gene-based tests and building masks...done (10978ms) 
     -computing association tests...done (77ms) 
     -computing joint association tests...done (0ms) 
 set [132/1531] : CCNB1IP1P3 - 4049 variants...
     -reading in genotypes, computing gene-based tests and building masks...done (6973ms) 
     -computing association tests...done (13ms) 
     -computing joint association tests...done (0ms) 
 set [133/1531] : CCNB3 - 44020 variants...
     -reading in genotypes, computing gene-based tests and building masks...done (455743ms) 
     -computing association tests...done (83ms) 
     -computing joint association tests...done (0ms) 
 set [134/1531] : CCNQ - 5829 variants...
     -reading in genotypes, computing gene-based tests and building masks...done (9453ms) 
     -computing association tests...done (17ms) 
     -computing joint association tests...done (0ms) 
 set [135/1531] : CCNYL5 - 389 variants...
     -reading in genotypes, computing gene-based tests and building masks...done (1008ms) 
     -computing association tests...done (73ms) 
     -computing joint association tests...done (0ms) 
 set [136/1531] : CD40LG - 5709 variants...
     -reading in genotypes, computing gene-based tests and building masks...done (11411ms) 
     -computing association tests...done (88ms) 
     -computing joint association tests...done (0ms) 
 set [137/1531] : CD84P1 - 870 variants...
     -reading in genotypes, computing gene-based tests and building masks...done (1908ms) 
     -computing association tests...done (6ms) 
     -computing joint association tests...done (0ms) 
 set [138/1531] : CD99 - 29078 variants...
     -reading in genotypes, computing gene-based tests and building masks...done (44587ms) 
     -computing association tests...done (107ms) 
     -computing joint association tests...done (0ms) 
 set [139/1531] : CD99L2 - 49838 variants...
     -reading in genotypes, computing gene-based tests and building masks...done (93219ms) 
     -computing association tests...done (101ms) 
     -computing joint association tests...done (0ms) 
 set [140/1531] : CD99P1 - 29508 variants...
     -reading in genotypes, computing gene-based tests and building masks...done (283480ms) 
     -computing association tests...done (19ms) 
     -computing joint association tests...done (0ms) 
 set [141/1531] : CDK16 - 7091 variants...
     -reading in genotypes, computing gene-based tests and building masks...done (12525ms) 
     -computing association tests...done (76ms) 
     -computing joint association tests...done (0ms) 
 set [142/1531] : CDKL5 - 66209 variants...
     -reading in genotypes, computing gene-based tests and building masks...done (132480ms) 
     -computing association tests...done (80ms) 
     -computing joint association tests...done (0ms) 
 set [143/1531] : CDX4 - 5327 variants...
     -reading in genotypes, computing gene-based tests and building masks...done (11181ms) 
     -computing association tests...done (99ms) 
     -computing joint association tests...done (0ms) 
 set [144/1531] : CENPI - 20443 variants...
     -reading in genotypes, computing gene-based tests and building masks...done (34030ms) 
     -computing association tests...done (109ms) 
     -computing joint association tests...done (0ms) 
 set [145/1531] : CENPVL1 - 2705 variants...
     -reading in genotypes, computing gene-based tests and building masks...done (12092ms) 
     -computing association tests...done (27ms) 
     -computing joint association tests...done (0ms) 
 set [146/1531] : CENPVL2 - 1903 variants...
     -reading in genotypes, computing gene-based tests and building masks...done (19007ms) 
     -computing association tests...done (10ms) 
     -computing joint association tests...done (0ms) 
 set [147/1531] : CENPVL3 - 5390 variants...
     -reading in genotypes, computing gene-based tests and building masks...done (27610ms) 
     -computing association tests...done (152ms) 
     -computing joint association tests...done (0ms) 
 set [148/1531] : CETN2 - 2323 variants...
     -reading in genotypes, computing gene-based tests and building masks...done (7521ms) 
     -computing association tests...done (9ms) 
     -computing joint association tests...done (0ms) 
 set [149/1531] : CFAP47 - 136248 variants...
     -reading in genotypes, computing gene-based tests and building masks...done (398174ms) 
     -computing association tests...done (23ms) 
     -computing joint association tests...done (0ms) 
 set [150/1531] : CFP - 4889 variants...
     -reading in genotypes, computing gene-based tests and building masks...done (8643ms) 
     -computing association tests...done (96ms) 
     -computing joint association tests...done (0ms) 
 set [151/1531] : CHCHD2P1 - 415 variants...
     -reading in genotypes, computing gene-based tests and building masks...done (2185ms) 
     -computing association tests...done (11ms) 
     -computing joint association tests...done (0ms) 
 set [152/1531] : CHIC1 - 43606 variants...
     -reading in genotypes, computing gene-based tests and building masks...done (71631ms) 
     -computing association tests...done (19ms) 
     -computing joint association tests...done (0ms) 
 set [153/1531] : CHM - 67698 variants...
     -reading in genotypes, computing gene-based tests and building masks...done (158025ms) 
     -computing association tests...done (85ms) 
     -computing joint association tests...done (0ms) 
 set [154/1531] : CHMP1B2P - 45155 variants...
     -reading in genotypes, computing gene-based tests and building masks...done (83337ms) 
     -computing association tests...done (17ms) 
     -computing joint association tests...done (0ms) 
 set [155/1531] : CHRDL1 - 40941 variants...
     -reading in genotypes, computing gene-based tests and building masks...done (85374ms) 
     -computing association tests...done (20ms) 
     -computing joint association tests...done (0ms) 
 set [156/1531] : CHST7 - 9607 variants...
     -reading in genotypes, computing gene-based tests and building masks...done (19869ms) 
     -computing association tests...done (17ms) 
     -computing joint association tests...done (0ms) 
 set [157/1531] : CHTF8P1 - 3581 variants...
     -reading in genotypes, computing gene-based tests and building masks...done (5309ms) 
     -computing association tests...done (13ms) 
     -computing joint association tests...done (0ms) 
 set [158/1531] : CITED1 - 4244 variants...
     -reading in genotypes, computing gene-based tests and building masks...done (6381ms) 
     -computing association tests...done (74ms) 
     -computing joint association tests...done (0ms) 
 set [159/1531] : CKS1BP6 - 1473 variants...
     -reading in genotypes, computing gene-based tests and building masks...done (2605ms) 
     -computing association tests...done (6ms) 
     -computing joint association tests...done (0ms) 
 set [160/1531] : CLCN4 - 30718 variants...
     -reading in genotypes, computing gene-based tests and building masks...done (46583ms) 
     -computing association tests...done (74ms) 
     -computing joint association tests...done (0ms) 
 set [161/1531] : CLCN5 - 58384 variants...
     -reading in genotypes, computing gene-based tests and building masks...done (114267ms) 
     -computing association tests...done (18ms) 
     -computing joint association tests...done (0ms) 
 set [162/1531] : CLDN2 - 8328 variants...
     -reading in genotypes, computing gene-based tests and building masks...done (14784ms) 
     -computing association tests...done (74ms) 
     -computing joint association tests...done (0ms) 
 set [163/1531] : CLDN34 - 4293 variants...
     -reading in genotypes, computing gene-based tests and building masks...done (7623ms) 
     -computing association tests...done (15ms) 
     -computing joint association tests...done (0ms) 
 set [164/1531] : CLDN7P1 - 1923 variants...
     -reading in genotypes, computing gene-based tests and building masks...done (2933ms) 
     -computing association tests...done (76ms) 
     -computing joint association tests...done (0ms) 
 set [165/1531] : CLIC2 - 20650 variants...
     -reading in genotypes, computing gene-based tests and building masks...done (40422ms) 
     -computing association tests...done (79ms) 
     -computing joint association tests...done (0ms) 
 set [166/1531] : CLIC4P3 - 2035 variants...
     -reading in genotypes, computing gene-based tests and building masks...done (3094ms) 
     -computing association tests...done (13ms) 
     -computing joint association tests...done (0ms) 
 set [167/1531] : CLTRN - 14877 variants...
     -reading in genotypes, computing gene-based tests and building masks...done (29244ms) 
     -computing association tests...done (18ms) 
     -computing joint association tests...done (0ms) 
 set [168/1531] : CMC4 - 4370 variants...
     -reading in genotypes, computing gene-based tests and building masks...done (9324ms) 
     -computing association tests...done (77ms) 
     -computing joint association tests...done (0ms) 
 set [169/1531] : CNGA2 - 9689 variants...
     -reading in genotypes, computing gene-based tests and building masks...done (17488ms) 
     -computing association tests...done (21ms) 
     -computing joint association tests...done (0ms) 
 set [170/1531] : CNKSR2 - 81389 variants...
     -reading in genotypes, computing gene-based tests and building masks...done (172096ms) 
     -computing association tests...done (18ms) 
     -computing joint association tests...done (0ms) 
 set [171/1531] : COBLP1 - 4823 variants...
     -reading in genotypes, computing gene-based tests and building masks...done (15808ms) 
     -computing association tests...done (16ms) 
     -computing joint association tests...done (0ms) 
 set [172/1531] : COL4A5 - 77045 variants...
     -reading in genotypes, computing gene-based tests and building masks...done (162840ms) 
     -computing association tests...done (84ms) 
     -computing joint association tests...done (0ms) 
 set [173/1531] : COL4A6 - 80519 variants...
     -reading in genotypes, computing gene-based tests and building masks...done (167947ms) 
     -computing association tests...done (87ms) 
     -computing joint association tests...done (0ms) 
 set [174/1531] : COX7B - 1749 variants...
     -reading in genotypes, computing gene-based tests and building masks...done (6641ms) 
     -computing association tests...done (10ms) 
     -computing joint association tests...done (0ms) 
 set [175/1531] : CPSF1P2 - 3305 variants...
     -reading in genotypes, computing gene-based tests and building masks...done (4698ms) 
     -computing association tests...done (14ms) 
     -computing joint association tests...done (0ms) 
 set [176/1531] : CPXCR1 - 5764 variants...
     -reading in genotypes, computing gene-based tests and building masks...done (10785ms) 
     -computing association tests...done (104ms) 
     -computing joint association tests...done (0ms) 
 set [177/1531] : CRIPTO3 - 3360 variants...
     -reading in genotypes, computing gene-based tests and building masks...done (6995ms) 
     -computing association tests...done (12ms) 
     -computing joint association tests...done (0ms) 
 set [178/1531] : CRLF2 - 29847 variants...
     -reading in genotypes, computing gene-based tests and building masks...done (275962ms) 
     -computing association tests...done (94ms) 
     -computing joint association tests...done (0ms) 
 set [179/1531] : CROCCP1 - 3308 variants...
     -reading in genotypes, computing gene-based tests and building masks...done (7699ms) 
     -computing association tests...done (9ms) 
     -computing joint association tests...done (0ms) 
 set [180/1531] : CSAG1 - 2574 variants...
     -reading in genotypes, computing gene-based tests and building masks...done (8109ms) 
     -computing association tests...done (9ms) 
     -computing joint association tests...done (0ms) 
 set [181/1531] : CSAG2 - 2606 variants...
     -reading in genotypes, computing gene-based tests and building masks...done (17373ms) 
     -computing association tests...done (18ms) 
     -computing joint association tests...done (0ms) 
 set [182/1531] : CSAG3 - 2692 variants...
     -reading in genotypes, computing gene-based tests and building masks...done (13656ms) 
     -computing association tests...done (30ms) 
     -computing joint association tests...done (0ms) 
 set [183/1531] : CSAG4 - 1646 variants...
     -reading in genotypes, computing gene-based tests and building masks...done (3748ms) 
     -computing association tests...done (72ms) 
     -computing joint association tests...done (0ms) 
 set [184/1531] : CSF2RA - 63193 variants...
     -reading in genotypes, computing gene-based tests and building masks...done (286610ms) 
     -computing association tests...done (83ms) 
     -computing joint association tests...done (0ms) 
 set [185/1531] : CSGALNACT2P1 - 3066 variants...
     -reading in genotypes, computing gene-based tests and building masks...done (4505ms) 
     -computing association tests...done (12ms) 
     -computing joint association tests...done (0ms) 
 set [186/1531] : CSGALNACT2P2 - 3121 variants...
     -reading in genotypes, computing gene-based tests and building masks...done (4367ms) 
     -computing association tests...done (12ms) 
     -computing joint association tests...done (0ms) 
 set [187/1531] : CSTF2 - 5786 variants...
     -reading in genotypes, computing gene-based tests and building masks...done (8661ms) 
     -computing association tests...done (78ms) 
     -computing joint association tests...done (0ms) 
 set [188/1531] : CT45A10 - 7176 variants...
     -reading in genotypes, computing gene-based tests and building masks...done (19859ms) 
     -computing association tests...done (80ms) 
     -computing joint association tests...done (0ms) 
 set [189/1531] : CT45A11P - 4529 variants...
     -reading in genotypes, computing gene-based tests and building masks...done (8593ms) 
     -computing association tests...done (14ms) 
     -computing joint association tests...done (0ms) 
 set [190/1531] : CT45A1 - 19766 variants...
     -reading in genotypes, computing gene-based tests and building masks...done (152581ms) 
     -computing association tests...done (30ms) 
     -computing joint association tests...done (0ms) 
 set [191/1531] : CT45A2 - 3609 variants...
     -reading in genotypes, computing gene-based tests and building masks...done (15001ms) 
     -computing association tests...done (14ms) 
     -computing joint association tests...done (0ms) 
 set [192/1531] : CT45A3 - 16821 variants...
     -reading in genotypes, computing gene-based tests and building masks...done (133385ms) 
     -computing association tests...done (107ms) 
     -computing joint association tests...done (0ms) 
 set [193/1531] : CT45A5 - 2467 variants...
     -reading in genotypes, computing gene-based tests and building masks...done (5341ms) 
     -computing association tests...done (7ms) 
     -computing joint association tests...done (0ms) 
 set [194/1531] : CT45A6 - 7543 variants...
     -reading in genotypes, computing gene-based tests and building masks...done (64441ms) 
     -computing association tests...done (68ms) 
     -computing joint association tests...done (0ms) 
 set [195/1531] : CT45A7 - 6174 variants...
     -reading in genotypes, computing gene-based tests and building masks...done (41666ms) 
     -computing association tests...done (44ms) 
     -computing joint association tests...done (0ms) 
 set [196/1531] : CT45A8 - 8254 variants...
     -reading in genotypes, computing gene-based tests and building masks...done (46118ms) 
     -computing association tests...done (45ms) 
     -computing joint association tests...done (0ms) 
 set [197/1531] : CT45A9 - 9395 variants...
     -reading in genotypes, computing gene-based tests and building masks...done (63078ms) 
     -computing association tests...done (50ms) 
     -computing joint association tests...done (0ms) 
 set [198/1531] : CT47A10 - 71 variants...
     -reading in genotypes, computing gene-based tests and building masks...done (834ms) 
     -computing association tests...done (16ms) 
     -computing joint association tests...done (0ms) 
 set [199/1531] : CT47A11 - 289 variants...
     -reading in genotypes, computing gene-based tests and building masks...done (632ms) 
     -computing association tests...done (42ms) 
     -computing joint association tests...done (0ms) 
 set [200/1531] : CT47A1 - 2816 variants...
     -reading in genotypes, computing gene-based tests and building masks...done (8334ms) 
     -computing association tests...done (39ms) 
     -computing joint association tests...done (0ms) 
 set [201/1531] : CT47A2 - 489 variants...
     -reading in genotypes, computing gene-based tests and building masks...done (1452ms) 
     -computing association tests...done (16ms) 
     -computing joint association tests...done (0ms) 
 set [202/1531] : CT47A3 - 159 variants...
     -reading in genotypes, computing gene-based tests and building masks...done (660ms) 
     -computing association tests...done (16ms) 
     -computing joint association tests...done (0ms) 
 set [203/1531] : CT47A4 - 62 variants...
     -reading in genotypes, computing gene-based tests and building masks...done (643ms) 
     -computing association tests...done (16ms) 
     -computing joint association tests...done (0ms) 
 set [204/1531] : CT47A5 - 550 variants...
     -reading in genotypes, computing gene-based tests and building masks...done (10056ms) 
     -computing association tests...done (11ms) 
     -computing joint association tests...done (0ms) 
 set [205/1531] : CT47A7 - 188 variants...
     -reading in genotypes, computing gene-based tests and building masks...done (460ms) 
     -computing association tests...done (16ms) 
     -computing joint association tests...done (0ms) 
 set [206/1531] : CT47A8 - 1973 variants...
     -reading in genotypes, computing gene-based tests and building masks...done (6109ms) 
     -computing association tests...done (15ms) 
     -computing joint association tests...done (0ms) 
 set [207/1531] : CT47A9 - 27 variants...
     -reading in genotypes, computing gene-based tests and building masks...done (108ms) 
 set [208/1531] : CT47B1 - 7424 variants...
     -reading in genotypes, computing gene-based tests and building masks...done (25826ms) 
     -computing association tests...done (19ms) 
     -computing joint association tests...done (0ms) 
 set [209/1531] : CT47C1 - 3971 variants...
     -reading in genotypes, computing gene-based tests and building masks...done (7583ms) 
     -computing association tests...done (15ms) 
     -computing joint association tests...done (0ms) 
 set [210/1531] : CT55 - 8809 variants...
     -reading in genotypes, computing gene-based tests and building masks...done (28158ms) 
     -computing association tests...done (28ms) 
     -computing joint association tests...done (0ms) 
 set [211/1531] : CT83 - 1812 variants...
     -reading in genotypes, computing gene-based tests and building masks...done (3898ms) 
     -computing association tests...done (63ms) 
     -computing joint association tests...done (0ms) 
 set [212/1531] : CTAG1A - 10755 variants...
     -reading in genotypes, computing gene-based tests and building masks...done (107875ms) 
     -computing association tests...done (52ms) 
     -computing joint association tests...done (0ms) 
 set [213/1531] : CTAG1B - 7042 variants...
     -reading in genotypes, computing gene-based tests and building masks...done (21241ms) 
     -computing association tests...done (198ms) 
     -computing joint association tests...done (0ms) 
 set [214/1531] : CTAG2 - 5065 variants...
     -reading in genotypes, computing gene-based tests and building masks...done (17586ms) 
     -computing association tests...done (72ms) 
     -computing joint association tests...done (0ms) 
 set [215/1531] : CTDSPL2P1 - 3589 variants...
     -reading in genotypes, computing gene-based tests and building masks...done (10017ms) 
     -computing association tests...done (73ms) 
     -computing joint association tests...done (0ms) 
 set [216/1531] : CTDSPL2P2 - 3927 variants...
     -reading in genotypes, computing gene-based tests and building masks...done (8366ms) 
     -computing association tests...done (27ms) 
     -computing joint association tests...done (0ms) 
 set [217/1531] : CTHRC1P1 - 759 variants...
     -reading in genotypes, computing gene-based tests and building masks...done (1871ms) 
     -computing association tests...done (9ms) 
     -computing joint association tests...done (0ms) 
 set [218/1531] : CTNNBL1P1 - 3725 variants...
     -reading in genotypes, computing gene-based tests and building masks...done (9486ms) 
     -computing association tests...done (76ms) 
     -computing joint association tests...done (0ms) 
 set [219/1531] : CTPS2 - 40168 variants...
     -reading in genotypes, computing gene-based tests and building masks...done (76245ms) 
     -computing association tests...done (89ms) 
     -computing joint association tests...done (0ms) 
 set [220/1531] : CUL4B - 17362 variants...
     -reading in genotypes, computing gene-based tests and building masks...done (34632ms) 
     -computing association tests...done (79ms) 
     -computing joint association tests...done (0ms) 
 set [221/1531] : CXCR3 - 2305 variants...
     -reading in genotypes, computing gene-based tests and building masks...done (5908ms) 
     -computing association tests...done (73ms) 
     -computing joint association tests...done (0ms) 
 set [222/1531] : CXorf38 - 8419 variants...
     -reading in genotypes, computing gene-based tests and building masks...done (17031ms) 
     -computing association tests...done (100ms) 
     -computing joint association tests...done (0ms) 
 set [223/1531] : CXorf49 - 2658 variants...
     -reading in genotypes, computing gene-based tests and building masks...done (17393ms) 
     -computing association tests...done (5ms) 
     -computing joint association tests...done (0ms) 
 set [224/1531] : CXorf49B - 1860 variants...
     -reading in genotypes, computing gene-based tests and building masks...done (12102ms) 
     -computing association tests...done (11ms) 
     -computing joint association tests...done (0ms) 
 set [225/1531] : CXorf51A - 837 variants...
     -reading in genotypes, computing gene-based tests and building masks...done (4893ms) 
     -computing association tests...done (67ms) 
     -computing joint association tests...done (0ms) 
 set [226/1531] : CXorf51B - 5566 variants...
     -reading in genotypes, computing gene-based tests and building masks...done (39894ms) 
     -computing association tests...done (74ms) 
     -computing joint association tests...done (0ms) 
 set [227/1531] : CXorf58 - 9649 variants...
     -reading in genotypes, computing gene-based tests and building masks...done (16862ms) 
     -computing association tests...done (18ms) 
     -computing joint association tests...done (0ms) 
 set [228/1531] : CXorf66 - 5713 variants...
     -reading in genotypes, computing gene-based tests and building masks...done (9343ms) 
     -computing association tests...done (15ms) 
     -computing joint association tests...done (0ms) 
 set [229/1531] : CXXC1P1 - 16164 variants...
     -reading in genotypes, computing gene-based tests and building masks...done (21621ms) 
     -computing association tests...done (16ms) 
     -computing joint association tests...done (0ms) 
 set [230/1531] : CYBB - 12270 variants...
     -reading in genotypes, computing gene-based tests and building masks...done (17173ms) 
     -computing association tests...done (102ms) 
     -computing joint association tests...done (0ms) 
 set [231/1531] : CYCSP43 - 3734 variants...
     -reading in genotypes, computing gene-based tests and building masks...done (5805ms) 
     -computing association tests...done (13ms) 
     -computing joint association tests...done (0ms) 
 set [232/1531] : CYCSP44 - 3792 variants...
     -reading in genotypes, computing gene-based tests and building masks...done (6182ms) 
     -computing association tests...done (15ms) 
     -computing joint association tests...done (0ms) 
 set [233/1531] : CYCSP45 - 1586 variants...
     -reading in genotypes, computing gene-based tests and building masks...done (5136ms) 
     -computing association tests...done (79ms) 
     -computing joint association tests...done (0ms) 
 set [234/1531] : CYLC1 - 15219 variants...
     -reading in genotypes, computing gene-based tests and building masks...done (40263ms) 
     -computing association tests...done (144ms) 
     -computing joint association tests...done (0ms) 
 set [235/1531] : CYSLTR1 - 27170 variants...
     -reading in genotypes, computing gene-based tests and building masks...done (112491ms) 
     -computing association tests...done (20ms) 
     -computing joint association tests...done (0ms) 
 set [236/1531] : CYTH1P1 - 389 variants...
     -reading in genotypes, computing gene-based tests and building masks...done (6778ms) 
     -computing association tests...done (5ms) 
     -computing joint association tests...done (0ms) 
 set [237/1531] : DACH2 - 251878 variants...
     -reading in genotypes, computing gene-based tests and building masks...done (1915268ms) 
     -computing association tests...done (82ms) 
     -computing joint association tests...done (0ms) 
 set [238/1531] : DANT1 - 28966 variants...
     -reading in genotypes, computing gene-based tests and building masks...done (328756ms) 
     -computing association tests...done (18ms) 
     -computing joint association tests...done (0ms) 
 set [239/1531] : DANT2 - 51624 variants...
     -reading in genotypes, computing gene-based tests and building masks...done (366140ms) 
     -computing association tests...done (19ms) 
     -computing joint association tests...done (0ms) 
 set [240/1531] : DCAF12L1 - 4023 variants...
     -reading in genotypes, computing gene-based tests and building masks...done (7243ms) 
     -computing association tests...done (15ms) 
     -computing joint association tests...done (0ms) 
 set [241/1531] : DCAF12L2 - 3791 variants...
     -reading in genotypes, computing gene-based tests and building masks...done (11732ms) 
     -computing association tests...done (14ms) 
     -computing joint association tests...done (0ms) 
 set [242/1531] : DCAF8L1 - 4121 variants...
     -reading in genotypes, computing gene-based tests and building masks...done (7942ms) 
     -computing association tests...done (16ms) 
     -computing joint association tests...done (0ms) 
 set [243/1531] : DCAF8L2 - 50542 variants...
     -reading in genotypes, computing gene-based tests and building masks...done (96210ms) 
     -computing association tests...done (84ms) 
     -computing joint association tests...done (0ms) 
 set [244/1531] : DCX - 38225 variants...
     -reading in genotypes, computing gene-based tests and building masks...done (57334ms) 
     -computing association tests...done (18ms) 
     -computing joint association tests...done (0ms) 
 set [245/1531] : DDX11L16 - 741 variants...
     -reading in genotypes, computing gene-based tests and building masks...done (9119ms) 
     -computing association tests...done (8ms) 
     -computing joint association tests...done (0ms) 
 set [246/1531] : DDX3X - 14893 variants...
     -reading in genotypes, computing gene-based tests and building masks...done (22775ms) 
     -computing association tests...done (18ms) 
     -computing joint association tests...done (0ms) 
 set [247/1531] : DDX53 - 4270 variants...
     -reading in genotypes, computing gene-based tests and building masks...done (9424ms) 
     -computing association tests...done (14ms) 
     -computing joint association tests...done (0ms) 
 set [248/1531] : DGAT2L6 - 11484 variants...
     -reading in genotypes, computing gene-based tests and building masks...done (23093ms) 
     -computing association tests...done (29ms) 
     -computing joint association tests...done (0ms) 
 set [249/1531] : DGKK - 33725 variants...
     -reading in genotypes, computing gene-based tests and building masks...done (57953ms) 
     -computing association tests...done (20ms) 
     -computing joint association tests...done (0ms) 
 set [250/1531] : DHRSX - 188563 variants...
     -reading in genotypes, computing gene-based tests and building masks...done (4674407ms) 
     -computing association tests...done (111ms) 
     -computing joint association tests...done (0ms) 
 set [251/1531] : DIAPH2 - 286878 variants...
     -reading in genotypes, computing gene-based tests and building masks...done (1878897ms) 
     -computing association tests...done (86ms) 
     -computing joint association tests...done (0ms) 
 set [252/1531] : DIAPH2-AS1 - 10997 variants...
     -reading in genotypes, computing gene-based tests and building masks...done (14385ms) 
     -computing association tests...done (16ms) 
     -computing joint association tests...done (0ms) 
 set [253/1531] : DIPK2B - 19343 variants...
     -reading in genotypes, computing gene-based tests and building masks...done (36819ms) 
     -computing association tests...done (30ms) 
     -computing joint association tests...done (0ms) 
 set [254/1531] : DKC1 - 4710 variants...
     -reading in genotypes, computing gene-based tests and building masks...done (7453ms) 
     -computing association tests...done (15ms) 
     -computing joint association tests...done (0ms) 
 set [255/1531] : DLG3 - 20298 variants...
     -reading in genotypes, computing gene-based tests and building masks...done (33936ms) 
     -computing association tests...done (91ms) 
     -computing joint association tests...done (0ms) 
 set [256/1531] : DLGAP5P2 - 4416 variants...
     -reading in genotypes, computing gene-based tests and building masks...done (6055ms) 
     -computing association tests...done (14ms) 
     -computing joint association tests...done (0ms) 
 set [257/1531] : DMD - 826007 variants...
     -reading in genotypes, computing gene-based tests and building masks.../share/home/lsy_luzhen/WGS_GWAS_and_MR/src/wgs_gwas_and_mr/p024_gene_based_testing/p024_gbt_chr23.sh: line 52: 2649247 Killed                  regenie --step 2 --pgen /share/home/lsy_luzhen/WGS_GWAS_and_MR/tmp_ssh_data/GWAS_european/gene_based/EuroPrePCA_ref38_rsID --chr X --phenoFile /share/home/lsy_luzhen/WGS_GWAS_and_MR/tmp_ssh_data/GWAS_european/T002_CIN3plus_phenotype.txt --bt --covarFile /share/home/lsy_luzhen/WGS_GWAS_and_MR/tmp_ssh_data/GWAS_european/T002_CIN3plus_covars.txt --catCovarList Smoking_status,Alcohol_intake_frequency,Genotype_measurement_batch --strict --bsize 1000 --firth --approx --threads $THREADS --pred /share/home/lsy_luzhen/WGS_GWAS_and_MR/tmp_ssh_data/GWAS_european/step1/regenie_step1_euro_cin3plus_pred.list --use-null-firth /share/home/lsy_luzhen/WGS_GWAS_and_MR/tmp_ssh_data/GWAS_european/step1/regenie_step1_euro_cin3plus_firth.list --anno-file /share/home/lsy_luzhen/WGS_GWAS_and_MR/tmp_ssh_data/GWAS_european/gene_based/anno_file_unique_filtered.txt --set-list /share/home/lsy_luzhen/WGS_GWAS_and_MR/tmp_ssh_data/GWAS_european/gene_based/set_list_unique_filtered.txt --mask-def /share/home/lsy_luzhen/WGS_GWAS_and_MR/tmp_ssh_data/GWAS_european/gene_based/mask_file.txt --aaf-bins 0.001,0.01,0.05,0.1 --vc-MACthr 10 --joint acat,sbat --vc-tests skato,acato-full --rgc-gene-p --out "${output_dir}/step2_gb_euro_cin3plus_chrX"
end at:
Sat Sep  6 16:30:32 CST 2025
