start at:
Tue Oct  7 12:58:21 CST 2025
This directory already exists.
regenie version:
v4.1.gz
--------start
Start time: Tue Oct  7 12:58:23 2025

              |===========================|
              |      REGENIE v4.1.gz      |
              |===========================|

Copyright (c) 2020-2024 Joelle Mbatchou, Andrey Ziyatdinov and Jonathan Marchini.
Distributed under the MIT License.
Compiled with Boost Iostream library.
Using Intel MKL with Eigen.

Log of output saved in file : /share/home/lsy_luzhen/WGS_GWAS_and_MR/tmp_ssh_data/GWAS_european/gene_based/testing_results/step2_gb_euro_cin3plus_chr9.log

Options in effect:
  --step 2 \
  --pgen /share/home/lsy_luzhen/WGS_GWAS_and_MR/tmp_ssh_data/GWAS_european/gene_based/EuroPrePCA_ref38_rsID \
  --chr 9 \
  --phenoFile /share/home/lsy_luzhen/WGS_GWAS_and_MR/tmp_ssh_data/GWAS_european/T002_CIN3plus_phenotype.txt \
  --bt \
  --covarFile /share/home/lsy_luzhen/WGS_GWAS_and_MR/tmp_ssh_data/GWAS_european/T002_CIN3plus_covars.txt \
  --catCovarList Smoking_status,Alcohol_intake_frequency,Genotype_measurement_batch \
  --strict \
  --bsize 1000 \
  --firth \
  --approx \
  --threads 2 \
  --pred /share/home/lsy_luzhen/WGS_GWAS_and_MR/tmp_ssh_data/GWAS_european/step1/regenie_step1_euro_cin3plus_pred.list \
  --use-null-firth /share/home/lsy_luzhen/WGS_GWAS_and_MR/tmp_ssh_data/GWAS_european/step1/regenie_step1_euro_cin3plus_firth.list \
  --anno-file /share/home/lsy_luzhen/WGS_GWAS_and_MR/tmp_ssh_data/GWAS_european/gene_based/anno_file_unique_filtered.txt \
  --set-list /share/home/lsy_luzhen/WGS_GWAS_and_MR/tmp_ssh_data/GWAS_european/gene_based/set_list_unique_filtered.txt \
  --mask-def /share/home/lsy_luzhen/WGS_GWAS_and_MR/tmp_ssh_data/GWAS_european/gene_based/mask_file.txt \
  --aaf-bins 0.001,0.01,0.05,0.1 \
  --vc-MACthr 10 \
  --joint acat,sbat \
  --vc-tests skato,acato-full \
  --rgc-gene-p \
  --out /share/home/lsy_luzhen/WGS_GWAS_and_MR/tmp_ssh_data/GWAS_european/gene_based/testing_results/step2_gb_euro_cin3plus_chr9

Association testing mode (joint tests) with fast multithreading using OpenMP
 * pvar             : [/share/home/lsy_luzhen/WGS_GWAS_and_MR/tmp_ssh_data/GWAS_european/gene_based/EuroPrePCA_ref38_rsID.pvar] n_snps = 1400147917
 * psam             : [/share/home/lsy_luzhen/WGS_GWAS_and_MR/tmp_ssh_data/GWAS_european/gene_based/EuroPrePCA_ref38_rsID.psam] n_samples = 202952
 * pgen             : [/share/home/lsy_luzhen/WGS_GWAS_and_MR/tmp_ssh_data/GWAS_european/gene_based/EuroPrePCA_ref38_rsID.pgen] 
 * phenotypes       : [/share/home/lsy_luzhen/WGS_GWAS_and_MR/tmp_ssh_data/GWAS_european/T002_CIN3plus_phenotype.txt] n_pheno = 1
   -dropping observations with missing values at any of the phenotypes
   -number of phenotyped individuals with no missing data = 202952
 * covariates       : [/share/home/lsy_luzhen/WGS_GWAS_and_MR/tmp_ssh_data/GWAS_european/T002_CIN3plus_covars.txt] n_cov = 26
   -number of individuals with covariate data = 202952
 * number of individuals used in analysis = 202952
 * case-control counts for each trait:
   - 'CIN3plus': 5544 cases and 197408 controls
 * LOCO predictions : [/share/home/lsy_luzhen/WGS_GWAS_and_MR/tmp_ssh_data/GWAS_european/step1/regenie_step1_euro_cin3plus_pred.list]
   -file [/share/home/lsy_luzhen/WGS_GWAS_and_MR/tmp_ssh_data/GWAS_european/step1/regenie_step1_euro_cin3plus_1.loco] for phenotype 'CIN3plus'
 * annotations      : [/share/home/lsy_luzhen/WGS_GWAS_and_MR/tmp_ssh_data/GWAS_european/gene_based/anno_file_unique_filtered.txt] 
   +number of annotations categories = 6
 * masks            : [/share/home/lsy_luzhen/WGS_GWAS_and_MR/tmp_ssh_data/GWAS_european/gene_based/mask_file.txt] n_masks = 7
 * aaf cutoffs      : [ 4 : 0.001 0.01 0.05 0.1 ] + singletons
 * set file         : [/share/home/lsy_luzhen/WGS_GWAS_and_MR/tmp_ssh_data/GWAS_european/gene_based/set_list_unique_filtered.txt] n_sets = 1260
WARNING: Detected 19 sets with variants not in genetic data or annotation files.
 * # threads        : [2]
 * # tested sets    : [1260]
 * max block size   : [1000]
 * rule used to build masks : max
 * computing gene-based tests for each set of variants included in a mask (rho=[0,0.01,0.04,0.09,0.16,0.25,0.5,1])
  -variants with MAC <= 10 are collapsed into a mask
  -weights are obtained from Beta(MAF,1,25)
  -list of gene-based tests run: ACATO,ACATV,SKATO,SKATO-ACAT
 * applying ACAT to output overall gene p-value
 * approximate memory usage : 30118GB
 * using minimum MAC of 5 (masks with lower MAC are ignored)
 * using fast Firth correction for logistic/cox regression p-values less than 0.05
 * user specified to test only on select chromosomes
WARNING: Joint SBAT test only for QTs.
 * number of mask groups run through gene-p strategy = 2
 * list of joint tests run on burden masks: ACAT

Chromosome 9 [1260 sets in total]
   -reading loco predictions for the chromosome...done (305ms) 
   -fitting null logistic regression on binary phenotypes...done (612ms) 
   -fitting null Firth logistic regression on binary phenotypes...done (2236ms) 
 set [1/1260] : ABCA1 - 66467 variants...
     -reading in genotypes, computing gene-based tests and building masks...done (175835ms) 
     -computing association tests...done (91ms) 
     -computing joint association tests...done (0ms) 
 set [2/1260] : ABCA2 - 12147 variants...
     -reading in genotypes, computing gene-based tests and building masks...done (18468ms) 
     -computing association tests...done (59ms) 
     -computing joint association tests...done (0ms) 
 set [3/1260] : ABHD17B - 21859 variants...
     -reading in genotypes, computing gene-based tests and building masks...done (32248ms) 
     -computing association tests...done (86ms) 
     -computing joint association tests...done (0ms) 
 set [4/1260] : ABITRAM - 2661 variants...
     -reading in genotypes, computing gene-based tests and building masks...done (5561ms) 
     -computing association tests...done (28ms) 
     -computing joint association tests...done (0ms) 
 set [5/1260] : ABL1 - 49670 variants...
     -reading in genotypes, computing gene-based tests and building masks...done (92818ms) 
     -computing association tests...done (52ms) 
     -computing joint association tests...done (0ms) 
 set [6/1260] : ABO - 28801 variants...
     -reading in genotypes, computing gene-based tests and building masks...done (44516ms) 
     -computing association tests...done (141ms) 
     -computing joint association tests...done (0ms) 
 set [7/1260] : ACER2 - 28130 variants...
     -reading in genotypes, computing gene-based tests and building masks...done (44554ms) 
     -computing association tests...done (182ms) 
     -computing joint association tests...done (0ms) 
 set [8/1260] : ACNATP - 4476 variants...
     -reading in genotypes, computing gene-based tests and building masks...done (8237ms) 
     -computing association tests...done (25ms) 
     -computing joint association tests...done (0ms) 
 set [9/1260] : ACO1 - 32428 variants...
     -reading in genotypes, computing gene-based tests and building masks...done (48642ms) 
     -computing association tests...done (83ms) 
     -computing joint association tests...done (0ms) 
 set [10/1260] : ACTG1P19 - 4530 variants...
     -reading in genotypes, computing gene-based tests and building masks...done (6560ms) 
     -computing association tests...done (20ms) 
     -computing joint association tests...done (0ms) 
 set [11/1260] : ACTL7A - 2090 variants...
     -reading in genotypes, computing gene-based tests and building masks...done (4151ms) 
     -computing association tests...done (49ms) 
     -computing joint association tests...done (0ms) 
 set [12/1260] : ACTL7B - 3094 variants...
     -reading in genotypes, computing gene-based tests and building masks...done (5416ms) 
     -computing association tests...done (54ms) 
     -computing joint association tests...done (0ms) 
 set [13/1260] : ADAMTS13 - 14711 variants...
     -reading in genotypes, computing gene-based tests and building masks...done (21771ms) 
     -computing association tests...done (90ms) 
     -computing joint association tests...done (0ms) 
 set [14/1260] : ADAMTSL1 - 515053 variants...
     -reading in genotypes, computing gene-based tests and building masks...