start at:
Sat Sep 27 14:53:38 CST 2025
This directory already exists.
regenie version:
v4.1.gz
--------start
Start time: Sat Sep 27 14:55:14 2025

              |===========================|
              |      REGENIE v4.1.gz      |
              |===========================|

Copyright (c) 2020-2024 Joelle Mbatchou, Andrey Ziyatdinov and Jonathan Marchini.
Distributed under the MIT License.
Compiled with Boost Iostream library.
Using Intel MKL with Eigen.

Log of output saved in file : /share/home/lsy_luzhen/WGS_GWAS_and_MR/tmp_ssh_data/GWAS_european/gene_based/testing_results/step2_gb_euro_cin3plus_chr8.log

Options in effect:
  --step 2 \
  --pgen /share/home/lsy_luzhen/WGS_GWAS_and_MR/tmp_ssh_data/GWAS_european/gene_based/EuroPrePCA_ref38_rsID \
  --chr 8 \
  --phenoFile /share/home/lsy_luzhen/WGS_GWAS_and_MR/tmp_ssh_data/GWAS_european/T002_CIN3plus_phenotype.txt \
  --bt \
  --covarFile /share/home/lsy_luzhen/WGS_GWAS_and_MR/tmp_ssh_data/GWAS_european/T002_CIN3plus_covars.txt \
  --catCovarList Smoking_status,Alcohol_intake_frequency,Genotype_measurement_batch \
  --strict \
  --bsize 1000 \
  --firth \
  --approx \
  --threads 2 \
  --pred /share/home/lsy_luzhen/WGS_GWAS_and_MR/tmp_ssh_data/GWAS_european/step1/regenie_step1_euro_cin3plus_pred.list \
  --use-null-firth /share/home/lsy_luzhen/WGS_GWAS_and_MR/tmp_ssh_data/GWAS_european/step1/regenie_step1_euro_cin3plus_firth.list \
  --anno-file /share/home/lsy_luzhen/WGS_GWAS_and_MR/tmp_ssh_data/GWAS_european/gene_based/anno_file_unique_filtered.txt \
  --set-list /share/home/lsy_luzhen/WGS_GWAS_and_MR/tmp_ssh_data/GWAS_european/gene_based/set_list_unique_filtered.txt \
  --mask-def /share/home/lsy_luzhen/WGS_GWAS_and_MR/tmp_ssh_data/GWAS_european/gene_based/mask_file.txt \
  --aaf-bins 0.001,0.01,0.05,0.1 \
  --vc-MACthr 10 \
  --joint acat,sbat \
  --vc-tests skato,acato-full \
  --rgc-gene-p \
  --out /share/home/lsy_luzhen/WGS_GWAS_and_MR/tmp_ssh_data/GWAS_european/gene_based/testing_results/step2_gb_euro_cin3plus_chr8

Association testing mode (joint tests) with fast multithreading using OpenMP
 * pvar             : [/share/home/lsy_luzhen/WGS_GWAS_and_MR/tmp_ssh_data/GWAS_european/gene_based/EuroPrePCA_ref38_rsID.pvar] n_snps = 1400147917
 * psam             : [/share/home/lsy_luzhen/WGS_GWAS_and_MR/tmp_ssh_data/GWAS_european/gene_based/EuroPrePCA_ref38_rsID.psam] n_samples = 202952
 * pgen             : [/share/home/lsy_luzhen/WGS_GWAS_and_MR/tmp_ssh_data/GWAS_european/gene_based/EuroPrePCA_ref38_rsID.pgen] 
 * phenotypes       : [/share/home/lsy_luzhen/WGS_GWAS_and_MR/tmp_ssh_data/GWAS_european/T002_CIN3plus_phenotype.txt] n_pheno = 1
   -dropping observations with missing values at any of the phenotypes
   -number of phenotyped individuals with no missing data = 202952
 * covariates       : [/share/home/lsy_luzhen/WGS_GWAS_and_MR/tmp_ssh_data/GWAS_european/T002_CIN3plus_covars.txt] n_cov = 26
   -number of individuals with covariate data = 202952
 * number of individuals used in analysis = 202952
 * case-control counts for each trait:
   - 'CIN3plus': 5544 cases and 197408 controls
 * LOCO predictions : [/share/home/lsy_luzhen/WGS_GWAS_and_MR/tmp_ssh_data/GWAS_european/step1/regenie_step1_euro_cin3plus_pred.list]
   -file [/share/home/lsy_luzhen/WGS_GWAS_and_MR/tmp_ssh_data/GWAS_european/step1/regenie_step1_euro_cin3plus_1.loco] for phenotype 'CIN3plus'
 * annotations      : [/share/home/lsy_luzhen/WGS_GWAS_and_MR/tmp_ssh_data/GWAS_european/gene_based/anno_file_unique_filtered.txt] 
   +number of annotations categories = 6
 * masks            : [/share/home/lsy_luzhen/WGS_GWAS_and_MR/tmp_ssh_data/GWAS_european/gene_based/mask_file.txt] n_masks = 7
 * aaf cutoffs      : [ 4 : 0.001 0.01 0.05 0.1 ] + singletons
 * set file         : [/share/home/lsy_luzhen/WGS_GWAS_and_MR/tmp_ssh_data/GWAS_european/gene_based/set_list_unique_filtered.txt] n_sets = 1219
WARNING: Detected 30 sets with variants not in genetic data or annotation files.
 * # threads        : [2]
 * # tested sets    : [1219]
 * max block size   : [1000]
 * rule used to build masks : max
 * computing gene-based tests for each set of variants included in a mask (rho=[0,0.01,0.04,0.09,0.16,0.25,0.5,1])
  -variants with MAC <= 10 are collapsed into a mask
  -weights are obtained from Beta(MAF,1,25)
  -list of gene-based tests run: ACATO,ACATV,SKATO,SKATO-ACAT
 * applying ACAT to output overall gene p-value
 * approximate memory usage : 56859GB
 * using minimum MAC of 5 (masks with lower MAC are ignored)
 * using fast Firth correction for logistic/cox regression p-values less than 0.05
 * user specified to test only on select chromosomes
WARNING: Joint SBAT test only for QTs.
 * number of mask groups run through gene-p strategy = 2
 * list of joint tests run on burden masks: ACAT

Chromosome 8 [1219 sets in total]
   -reading loco predictions for the chromosome...done (4116ms) 
   -fitting null logistic regression on binary phenotypes...done (645ms) 
   -fitting null Firth logistic regression on binary phenotypes...done (2286ms) 
 set [1/1219] : AARD - 6492 variants...
     -reading in genotypes, computing gene-based tests and building masks...done (16737ms) 
     -computing association tests...done (33ms) 
     -computing joint association tests...done (0ms) 
 set [2/1219] : ABRA - 9615 variants...
     -reading in genotypes, computing gene-based tests and building masks...done (18784ms) 
     -computing association tests...done (207ms) 
     -computing joint association tests...done (1ms) 
 set [3/1219] : ABRAXAS1P2 - 263 variants...
     -reading in genotypes, computing gene-based tests and building masks...done (3839ms) 
     -computing association tests...done (7ms) 
     -computing joint association tests...done (0ms) 
 set [4/1219] : ACTBP6 - 6254 variants...
     -reading in genotypes, computing gene-based tests and building masks...done (16537ms) 
     -computing association tests...done (43ms) 
     -computing joint association tests...done (0ms) 
 set [5/1219] : ADAM18 - 64750 variants...
     -reading in genotypes, computing gene-based tests and building masks...done (121228ms) 
     -computing association tests...done (45ms) 
     -computing joint association tests...done (0ms) 
 set [6/1219] : ADAM24P - 7012 variants...
     -reading in genotypes, computing gene-based tests and building masks...done (14068ms) 
     -computing association tests...done (19ms) 
     -computing joint association tests...done (0ms) 
 set [7/1219] : ADAM2 - 44419 variants...
     -reading in genotypes, computing gene-based tests and building masks...done (67965ms) 
     -computing association tests...done (79ms) 
     -computing joint association tests...done (0ms) 
 set [8/1219] : ADAM28 - 32212 variants...
     -reading in genotypes, computing gene-based tests and building masks...done (48509ms) 
     -computing association tests...done (44ms) 
     -computing joint association tests...done (0ms) 
 set [9/1219] : ADAM32 - 71298 variants...
     -reading in genotypes, computing gene-based tests and building masks...done (133010ms) 
     -computing association tests...done (39ms) 
     -computing joint association tests...done (0ms) 
 set [10/1219] : ADAM3A - 38670 variants...
     -reading in genotypes, computing gene-based tests and building masks...done (381977ms) 
     -computing association tests...done (78ms) 
     -computing joint association tests...done (0ms) 
 set [11/1219] : ADAM7 - 34832 variants...
     -reading in genotypes, computing gene-based tests and building masks...done (53328ms) 
     -computing association tests...done (50ms) 
     -computing joint association tests...done (0ms) 
 set [12/1219] : ADAM7-AS1 - 257680 variants...
     -reading in genotypes, computing gene-based tests and building masks...done (1245908ms) 
     -computing association tests...done (87ms) 
     -computing joint association tests...done (0ms) 
 set [13/1219] : ADAM9 - 47630 variants...
     -reading in genotypes, computing gene-based tests and building masks...done (91530ms) 
     -computing association tests...done (40ms) 
     -computing joint association tests...done (0ms) 
 set [14/1219] : ADAMDEC1 - 13223 variants...
     -reading in genotypes, computing gene-based tests and building masks...done (19366ms) 
     -computing association tests...done (209ms) 
     -computing joint association tests...done (0ms) 
 set [15/1219] : ADCK5 - 12811 variants...
     -reading in genotypes, computing gene-based tests and building masks...done (25355ms) 
     -computing association tests...done (45ms) 
     -computing joint association tests...done (0ms) 
 set [16/1219] : ADCY8 - 113880 variants...
     -reading in genotypes, computing gene-based tests and building masks...done (277986ms) 
     -computing association tests...done (56ms) 
     -computing joint association tests...done (0ms) 
 set [17/1219] : ADGRA2 - 24058 variants...
     -reading in genotypes, computing gene-based tests and building masks...done (36243ms) 
     -computing association tests...done (85ms) 
     -computing joint association tests...done (0ms) 
 set [18/1219] : ADGRB1 - 61190 variants...
     -reading in genotypes, computing gene-based tests and building masks...done (142484ms) 
     -computing association tests...done (53ms) 
     -computing joint association tests...done (0ms) 
 set [19/1219] : ADHFE1 - 18442 variants...
     -reading in genotypes, computing gene-based tests and building masks...done (33658ms) 
     -computing association tests...done (131ms) 
     -computing joint association tests...done (0ms) 
 set [20/1219] : ADI1P2 - 141 variants...
     -reading in genotypes, computing gene-based tests and building masks...done (4987ms) 
     -computing association tests...done (11ms) 
     -computing joint association tests...done (0ms) 
 set [21/1219] : ADRA1A - 54407 variants...
     -reading in genotypes, computing gene-based tests and building masks...done (89662ms) 
     -computing association tests...done (98ms) 
     -computing joint association tests...done (0ms) 
 set [22/1219] : ADRB3 - 6309 variants...
     -reading in genotypes, computing gene-based tests and building masks...done (11555ms) 
     -computing association tests...done (35ms) 
     -computing joint association tests...done (0ms) 
 set [23/1219] : AFG3L2P1 - 6114 variants...
     -reading in genotypes, computing gene-based tests and building masks...done (8762ms) 
     -computing association tests...done (53ms) 
     -computing joint association tests...done (0ms) 
 set [24/1219] : AGO2 - 58169 variants...
     -reading in genotypes, computing gene-based tests and building masks...done (146844ms) 
     -computing association tests...done (89ms) 
     -computing joint association tests...done (0ms) 
 set [25/1219] : AGPAT5 - 39313 variants...
     -reading in genotypes, computing gene-based tests and building masks...done (67339ms) 
     -computing association tests...done (66ms) 
     -computing joint association tests...done (0ms) 
 set [26/1219] : AK3P2 - 641 variants...
     -reading in genotypes, computing gene-based tests and building masks...done (2907ms) 
     -computing association tests...done (18ms) 
     -computing joint association tests...done (0ms) 
 set [27/1219] : ALG1L13P - 1216 variants...
     -reading in genotypes, computing gene-based tests and building masks...done (3986ms) 
     -computing association tests...done (24ms) 
     -computing joint association tests...done (0ms) 
 set [28/1219] : ALKAL1 - 16636 variants...
     -reading in genotypes, computing gene-based tests and building masks...done (26685ms) 
     -computing association tests...done (130ms) 
     -computing joint association tests...done (0ms) 
 set [29/1219] : ANGPT1 - 107319 variants...
     -reading in genotypes, computing gene-based tests and building masks...done (271231ms) 
     -computing association tests...done (61ms) 
     -computing joint association tests...done (0ms) 
 set [30/1219] : ANK1 - 111194 variants...
     -reading in genotypes, computing gene-based tests and building masks...done (280471ms) 
     -computing association tests...done (63ms) 
     -computing joint association tests...done (0ms) 
 set [31/1219] : ANKRD46 - 22724 variants...
     -reading in genotypes, computing gene-based tests and building masks...done (33577ms) 
     -computing association tests...done (48ms) 
     -computing joint association tests...done (0ms) 
 set [32/1219] : ANXA13 - 27220 variants...
     -reading in genotypes, computing gene-based tests and building masks...done (42477ms) 
     -computing association tests...done (44ms) 
     -computing joint association tests...done (0ms) 
 set [33/1219] : AP3M2 - 9739 variants...
     -reading in genotypes, computing gene-based tests and building masks...done (15301ms) 
     -computing association tests...done (132ms) 
     -computing joint association tests...done (0ms) 
 set [34/1219] : ARC - 7962 variants...
     -reading in genotypes, computing gene-based tests and building masks...done (18545ms) 
     -computing association tests...done (27ms) 
     -computing joint association tests...done (0ms) 
 set [35/1219] : ARF1P3 - 208 variants...
     -reading in genotypes, computing gene-based tests and building masks...done (518ms) 
     -computing association tests...done (3ms) 
     -computing joint association tests...done (0ms) 
 set [36/1219] : ARFGEF1 - 70046 variants...
     -reading in genotypes, computing gene-based tests and building masks...done (142315ms) 
     -computing association tests...done (47ms) 
     -computing joint association tests...done (0ms) 
 set [37/1219] : ARFGEF1-DT - 31047 variants...
     -reading in genotypes, computing gene-based tests and building masks...done (49112ms) 
     -computing association tests...done (26ms) 
     -computing joint association tests...done (0ms) 
 set [38/1219] : ARHGAP39 - 81114 variants...
     -reading in genotypes, computing gene-based tests and building masks...done (273951ms) 
     -computing association tests...done (247ms) 
     -computing joint association tests...done (0ms) 
 set [39/1219] : ARHGEF10 - 110673 variants...
     -reading in genotypes, computing gene-based tests and building masks...done (417150ms) 
     -computing association tests...done (96ms) 
     -computing joint association tests...done (0ms) 
 set [40/1219] : ARMC1 - 18767 variants...
     -reading in genotypes, computing gene-based tests and building masks...done (33465ms) 
     -computing association tests...done (184ms) 
     -computing joint association tests...done (0ms) 
 set [41/1219] : ASAH1 - 20718 variants...
     -reading in genotypes, computing gene-based tests and building masks...done (30746ms) 
     -computing association tests...done (126ms) 
     -computing joint association tests...done (0ms) 
 set [42/1219] : ASAH1-AS1 - 20961 variants...
     -reading in genotypes, computing gene-based tests and building masks...done (31759ms) 
     -computing association tests...done (26ms) 
     -computing joint association tests...done (0ms) 
 set [43/1219] : ASAP1 - 195378 variants...
     -reading in genotypes, computing gene-based tests and building masks...done (954626ms) 
     -computing association tests...done (57ms) 
     -computing joint association tests...done (0ms) 
 set [44/1219] : ASH2L - 18268 variants...
     -reading in genotypes, computing gene-based tests and building masks...done (33963ms) 
     -computing association tests...done (180ms) 
     -computing joint association tests...done (0ms) 
 set [45/1219] : ASNSP1 - 31769 variants...
     -reading in genotypes, computing gene-based tests and building masks...done (56605ms) 
     -computing association tests...done (34ms) 
     -computing joint association tests...done (0ms) 
 set [46/1219] : ASNSP4 - 30 variants...
     -reading in genotypes, computing gene-based tests and building masks...done (2860ms) 
     -computing association tests...done (1ms) 
     -computing joint association tests...done (0ms) 
 set [47/1219] : ASPH - 83332 variants...
     -reading in genotypes, computing gene-based tests and building masks...done (174156ms) 
     -computing association tests...done (88ms) 
     -computing joint association tests...done (0ms) 
 set [48/1219] : ASTILCS - 993 variants...
     -reading in genotypes, computing gene-based tests and building masks...done (7301ms) 
     -computing association tests...done (12ms) 
     -computing joint association tests...done (0ms) 
 set [49/1219] : ATAD2 - 41399 variants...
     -reading in genotypes, computing gene-based tests and building masks...done (84485ms) 
     -computing association tests...done (175ms) 
     -computing joint association tests...done (0ms) 
 set [50/1219] : ATP6V0D2 - 52583 variants...
     -reading in genotypes, computing gene-based tests and building masks...done (105197ms) 
     -computing association tests...done (43ms) 
     -computing joint association tests...done (0ms) 
 set [51/1219] : ATP6V1B2 - 15709 variants...
     -reading in genotypes, computing gene-based tests and building masks...done (26385ms) 
     -computing association tests...done (63ms) 
     -computing joint association tests...done (0ms) 
 set [52/1219] : ATP6V1C1 - 24276 variants...
     -reading in genotypes, computing gene-based tests and building masks...done (42293ms) 
     -computing association tests...done (56ms) 
     -computing joint association tests...done (0ms) 
 set [53/1219] : ATP6V1G1P2 - 76 variants...
     -reading in genotypes, computing gene-based tests and building masks...done (4406ms) 
     -computing association tests...done (2ms) 
     -computing joint association tests...done (0ms) 
 set [54/1219] : ATP6V1H - 59133 variants...
     -reading in genotypes, computing gene-based tests and building masks...done (122646ms) 
     -computing association tests...done (84ms) 
     -computing joint association tests...done (0ms) 
 set [55/1219] : AURKBP1 - 6356 variants...
     -reading in genotypes, computing gene-based tests and building masks...done (9579ms) 
     -computing association tests...done (19ms) 
     -computing joint association tests...done (0ms) 
 set [56/1219] : AZIN1 - 20332 variants...
     -reading in genotypes, computing gene-based tests and building masks...done (41898ms) 
     -computing association tests...done (42ms) 
     -computing joint association tests...done (0ms) 
 set [57/1219] : BAALC - 37654 variants...
     -reading in genotypes, computing gene-based tests and building masks...done (58656ms) 
     -computing association tests...done (202ms) 
     -computing joint association tests...done (0ms) 
 set [58/1219] : BAALC-AS1 - 32223 variants...
     -reading in genotypes, computing gene-based tests and building masks...done (51109ms) 
     -computing association tests...done (28ms) 
     -computing joint association tests...done (0ms) 
 set [59/1219] : BAALC-AS2 - 3012 variants...
     -reading in genotypes, computing gene-based tests and building masks...done (4364ms) 
     -computing association tests...done (20ms) 
     -computing joint association tests...done (0ms) 
 set [60/1219] : BAG4 - 20412 variants...
     -reading in genotypes, computing gene-based tests and building masks...done (35773ms) 
     -computing association tests...done (43ms) 
     -computing joint association tests...done (0ms) 
 set [61/1219] : BHLHE22 - 4671 variants...
     -reading in genotypes, computing gene-based tests and building masks...done (9153ms) 
     -computing association tests...done (35ms) 
     -computing joint association tests...done (0ms) 
 set [62/1219] : BHLHE22-AS1 - 2561 variants...
     -reading in genotypes, computing gene-based tests and building masks...done (3794ms) 
     -computing association tests...done (52ms) 
     -computing joint association tests...done (0ms) 
 set [63/1219] : BIN3 - 26616 variants...
     -reading in genotypes, computing gene-based tests and building masks...done (49698ms) 
     -computing association tests...done (38ms) 
     -computing joint association tests...done (0ms) 
 set [64/1219] : BLK - 50045 variants...
     -reading in genotypes, computing gene-based tests and building masks...done (91215ms) 
     -computing association tests...done (154ms) 
     -computing joint association tests...done (0ms) 
 set [65/1219] : BMP1 - 26769 variants...
     -reading in genotypes, computing gene-based tests and building masks...done (46175ms) 
     -computing association tests...done (214ms) 
     -computing joint association tests...done (0ms) 
 set [66/1219] : BNIP3L - 42588 variants...
     -reading in genotypes, computing gene-based tests and building masks...done (69788ms) 
     -computing association tests...done (34ms) 
     -computing joint association tests...done (0ms) 
 set [67/1219] : BOP1 - 21344 variants...
     -reading in genotypes, computing gene-based tests and building masks...done (40408ms) 
     -computing association tests...done (125ms) 
     -computing joint association tests...done (0ms) 
 set [68/1219] : BPNT2 - 20941 variants...
     -reading in genotypes, computing gene-based tests and building masks...done (36902ms) 
     -computing association tests...done (34ms) 
     -computing joint association tests...done (0ms) 
 set [69/1219] : BRF2 - 4430 variants...
     -reading in genotypes, computing gene-based tests and building masks...done (7257ms) 
     -computing association tests...done (26ms) 
     -computing joint association tests...done (0ms) 
 set [70/1219] : C1GALT1P3 - 359 variants...
     -reading in genotypes, computing gene-based tests and building masks...done (1684ms) 
     -computing association tests...done (2ms) 
     -computing joint association tests...done (0ms) 
 set [71/1219] : C8orf33 - 12865 variants...
     -reading in genotypes, computing gene-based tests and building masks...done (24122ms) 
     -computing association tests...done (56ms) 
     -computing joint association tests...done (0ms) 
 set [72/1219] : C8orf34 - 211066 variants...
     -reading in genotypes, computing gene-based tests and building masks...done (840142ms) 
     -computing association tests...done (69ms) 
     -computing joint association tests...done (0ms) 
 set [73/1219] : C8orf34-AS1 - 10701 variants...
     -reading in genotypes, computing gene-based tests and building masks...done (18416ms) 
     -computing association tests...done (22ms) 
     -computing joint association tests...done (0ms) 
 set [74/1219] : C8orf44 - 7264 variants...
     -reading in genotypes, computing gene-based tests and building masks...done (14634ms) 
     -computing association tests...done (22ms) 
     -computing joint association tests...done (0ms) 
 set [75/1219] : C8orf48 - 7080 variants...
     -reading in genotypes, computing gene-based tests and building masks...done (12025ms) 
     -computing association tests...done (30ms) 
     -computing joint association tests...done (0ms) 
 set [76/1219] : C8orf58 - 1351 variants...
     -reading in genotypes, computing gene-based tests and building masks...done (3163ms) 
     -computing association tests...done (14ms) 
     -computing joint association tests...done (0ms) 
 set [77/1219] : C8orf74 - 26551 variants...
     -reading in genotypes, computing gene-based tests and building masks...done (42717ms) 
     -computing association tests...done (34ms) 
     -computing joint association tests...done (0ms) 
 set [78/1219] : C8orf76 - 13062 variants...
     -reading in genotypes, computing gene-based tests and building masks...done (19576ms) 
     -computing association tests...done (42ms) 
     -computing joint association tests...done (0ms) 
 set [79/1219] : C8orf82 - 6444 variants...
     -reading in genotypes, computing gene-based tests and building masks...done (12046ms) 
     -computing association tests...done (29ms) 
     -computing joint association tests...done (0ms) 
 set [80/1219] : C8orf88 - 10211 variants...
     -reading in genotypes, computing gene-based tests and building masks...done (17017ms) 
     -computing association tests...done (33ms) 
     -computing joint association tests...done (0ms) 
 set [81/1219] : C8orf89 - 11090 variants...
     -reading in genotypes, computing gene-based tests and building masks...done (19654ms) 
     -computing association tests...done (26ms) 
     -computing joint association tests...done (0ms) 
 set [82/1219] : C8orf90 - 7398 variants...
     -reading in genotypes, computing gene-based tests and building masks...done (12334ms) 
     -computing association tests...done (28ms) 
     -computing joint association tests...done (0ms) 
 set [83/1219] : CA13 - 19984 variants...
     -reading in genotypes, computing gene-based tests and building masks...done (31602ms) 
     -computing association tests...done (133ms) 
     -computing joint association tests...done (0ms) 
 set [84/1219] : CA1 - 24083 variants...
     -reading in genotypes, computing gene-based tests and building masks...done (35438ms) 
     -computing association tests...done (31ms) 
     -computing joint association tests...done (0ms) 
 set [85/1219] : CA2 - 11449 variants...
     -reading in genotypes, computing gene-based tests and building masks...done (17273ms) 
     -computing association tests...done (153ms) 
     -computing joint association tests...done (0ms) 
 set [86/1219] : CA3 - 26944 variants...
     -reading in genotypes, computing gene-based tests and building masks...done (40320ms) 
     -computing association tests...done (70ms) 
     -computing joint association tests...done (0ms) 
 set [87/1219] : CA3-AS1 - 1837 variants...
     -reading in genotypes, computing gene-based tests and building masks...done (2989ms) 
     -computing association tests...done (14ms) 
     -computing joint association tests...done (0ms) 
 set [88/1219] : CA8 - 43182 variants...
     -reading in genotypes, computing gene-based tests and building masks...done (73236ms) 
     -computing association tests...done (45ms) 
     -computing joint association tests...done (0ms) 
 set [89/1219] : CALB1 - 17496 variants...
     -reading in genotypes, computing gene-based tests and building masks...done (25773ms) 
     -computing association tests...done (28ms) 
     -computing joint association tests...done (0ms) 
 set [90/1219] : CARS1P2 - 4007 variants...
     -reading in genotypes, computing gene-based tests and building masks...done (10114ms) 
     -computing association tests...done (55ms) 
     -computing joint association tests...done (0ms) 
 set [91/1219] : CASC11 - 21147 variants...
     -reading in genotypes, computing gene-based tests and building masks...done (31027ms) 
     -computing association tests...done (114ms) 
     -computing joint association tests...done (0ms) 
 set [92/1219] : CASC19 - 56514 variants...
     -reading in genotypes, computing gene-based tests and building masks...done (113613ms) 
     -computing association tests...done (30ms) 
     -computing joint association tests...done (0ms) 
 set [93/1219] : CASC8 - 83439 variants...
     -reading in genotypes, computing gene-based tests and building masks...done (218252ms) 
     -computing association tests...done (37ms) 
     -computing joint association tests...done (0ms) 
 set [94/1219] : CASC9 - 90210 variants...
     -reading in genotypes, computing gene-based tests and building masks...done (192195ms) 
     -computing association tests...done (86ms) 
     -computing joint association tests...done (0ms) 
 set [95/1219] : CCAR2 - 11782 variants...
     -reading in genotypes, computing gene-based tests and building masks...done (17638ms) 
     -computing association tests...done (51ms) 
     -computing joint association tests...done (0ms) 
 set [96/1219] : CCAT2 - 4835 variants...
     -reading in genotypes, computing gene-based tests and building masks...done (6994ms) 
     -computing association tests...done (62ms) 
     -computing joint association tests...done (0ms) 
 set [97/1219] : CCDC166 - 5399 variants...
     -reading in genotypes, computing gene-based tests and building masks...done (8974ms) 
     -computing association tests...done (34ms) 
     -computing joint association tests...done (0ms) 
 set [98/1219] : CCDC25 - 16734 variants...
     -reading in genotypes, computing gene-based tests and building masks...done (25374ms) 
     -computing association tests...done (31ms) 
     -computing joint association tests...done (0ms) 
 set [99/1219] : CCDC26 - 439054 variants...
     -reading in genotypes, computing gene-based tests and building masks...done (5168943ms) 
     -computing association tests...done (44ms) 
     -computing joint association tests...done (0ms) 
 set [100/1219] : CCN3 - 7339 variants...
     -reading in genotypes, computing gene-based tests and building masks...done (13883ms) 
     -computing association tests...done (29ms) 
     -computing joint association tests...done (0ms) 
 set [101/1219] : CCN4 - 25971 variants...
     -reading in genotypes, computing gene-based tests and building masks...done (53312ms) 
     -computing association tests...done (79ms) 
     -computing joint association tests...done (0ms) 
 set [102/1219] : CCNE2 - 6212 variants...
     -reading in genotypes, computing gene-based tests and building masks...done (9833ms) 
     -computing association tests...done (282ms) 
     -computing joint association tests...done (0ms) 
 set [103/1219] : CCT3P1 - 5368 variants...
     -reading in genotypes, computing gene-based tests and building masks...done (7303ms) 
     -computing association tests...done (17ms) 
     -computing joint association tests...done (0ms) 
 set [104/1219] : CDCA2 - 22316 variants...
     -reading in genotypes, computing gene-based tests and building masks...done (32808ms) 
     -computing association tests...done (128ms) 
     -computing joint association tests...done (0ms) 
 set [105/1219] : CDH17 - 40071 variants...
     -reading in genotypes, computing gene-based tests and building masks...done (71285ms) 
     -computing association tests...done (65ms) 
     -computing joint association tests...done (0ms) 
 set [106/1219] : CDK5P1 - 4868 variants...
     -reading in genotypes, computing gene-based tests and building masks...done (7158ms) 
     -computing association tests...done (19ms) 
     -computing joint association tests...done (0ms) 
 set [107/1219] : CEBPD - 787 variants...
     -reading in genotypes, computing gene-based tests and building masks...done (4116ms) 
     -computing association tests...done (10ms) 
     -computing joint association tests...done (0ms) 
 set [108/1219] : CERNA3 - 2811 variants...
     -reading in genotypes, computing gene-based tests and building masks...done (4288ms) 
     -computing association tests...done (51ms) 
     -computing joint association tests...done (0ms) 
 set [109/1219] : CFAP418 - 13401 variants...
     -reading in genotypes, computing gene-based tests and building masks...done (27707ms) 
     -computing association tests...done (98ms) 
     -computing joint association tests...done (0ms) 
 set [110/1219] : CFAP418-AS1 - 240194 variants...
     -reading in genotypes, computing gene-based tests and building masks...done (1421427ms) 
     -computing association tests...done (34ms) 
     -computing joint association tests...done (0ms) 
 set [111/1219] : CHCHD7 - 3056 variants...
     -reading in genotypes, computing gene-based tests and building masks...done (11814ms) 
     -computing association tests...done (23ms) 
     -computing joint association tests...done (0ms) 
 set [112/1219] : CHD7 - 84063 variants...
     -reading in genotypes, computing gene-based tests and building masks...done (167488ms) 
     -computing association tests...done (91ms) 
     -computing joint association tests...done (0ms) 
 set [113/1219] : CHMP4C - 15188 variants...
     -reading in genotypes, computing gene-based tests and building masks...done (26115ms) 
     -computing association tests...done (152ms) 
     -computing joint association tests...done (0ms) 
 set [114/1219] : CHMP7 - 14682 variants...
     -reading in genotypes, computing gene-based tests and building masks...done (23205ms) 
     -computing association tests...done (55ms) 
     -computing joint association tests...done (0ms) 
 set [115/1219] : CHRAC1 - 5759 variants...
     -reading in genotypes, computing gene-based tests and building masks...done (9602ms) 
     -computing association tests...done (32ms) 
     -computing joint association tests...done (0ms) 
 set [116/1219] : CHRNA2 - 12959 variants...
     -reading in genotypes, computing gene-based tests and building masks...done (24017ms) 
     -computing association tests...done (39ms) 
     -computing joint association tests...done (0ms) 
 set [117/1219] : CHRNA6 - 27099 variants...
     -reading in genotypes, computing gene-based tests and building masks...done (54762ms) 
     -computing association tests...done (32ms) 
     -computing joint association tests...done (0ms) 
 set [118/1219] : CHRNB3 - 25609 variants...
     -reading in genotypes, computing gene-based tests and building masks...done (43498ms) 
     -computing association tests...done (43ms) 
     -computing joint association tests...done (0ms) 
 set [119/1219] : CIBAR1 - 12315 variants...
     -reading in genotypes, computing gene-based tests and building masks...done (22553ms) 
     -computing association tests...done (143ms) 
     -computing joint association tests...done (0ms) 
 set [120/1219] : CIBAR1-DT - 154352 variants...
     -reading in genotypes, computing gene-based tests and building masks...done (572314ms) 
     -computing association tests...done (84ms) 
     -computing joint association tests...done (0ms) 
 set [121/1219] : CLDN23 - 7689 variants...
     -reading in genotypes, computing gene-based tests and building masks...done (14856ms) 
     -computing association tests...done (46ms) 
     -computing joint association tests...done (0ms) 
 set [122/1219] : CLN8 - 23870 variants...
     -reading in genotypes, computing gene-based tests and building masks...done (82626ms) 
     -computing association tests...done (173ms) 
     -computing joint association tests...done (0ms) 
 set [123/1219] : CLN8-AS1 - 316 variants...
     -reading in genotypes, computing gene-based tests and building masks...done (757ms) 
     -computing association tests...done (82ms) 
     -computing joint association tests...done (0ms) 
 set [124/1219] : CLU - 12648 variants...
     -reading in genotypes, computing gene-based tests and building masks...done (19660ms) 
     -computing association tests...done (62ms) 
     -computing joint association tests...done (0ms) 
 set [125/1219] : CLVS1 - 159633 variants...
     -reading in genotypes, computing gene-based tests and building masks...done (547757ms) 
     -computing association tests...done (39ms) 
     -computing joint association tests...done (0ms) 
 set [126/1219] : CLXN - 15676 variants...
     -reading in genotypes, computing gene-based tests and building masks...done (29582ms) 
     -computing association tests...done (39ms) 
     -computing joint association tests...done (0ms) 
 set [127/1219] : CNBD1 - 353093 variants...
     -reading in genotypes, computing gene-based tests and building masks...done (2917232ms) 
     -computing association tests...done (55ms) 
     -computing joint association tests...done (0ms) 
 set [128/1219] : CNGB3 - 76830 variants...
     -reading in genotypes, computing gene-based tests and building masks...done (157555ms) 
     -computing association tests...done (81ms) 
     -computing joint association tests...done (0ms) 
 set [129/1219] : CNOT7 - 12468 variants...
     -reading in genotypes, computing gene-based tests and building masks...done (19870ms) 
     -computing association tests...done (51ms) 
     -computing joint association tests...done (0ms) 
 set [130/1219] : COL14A1 - 123350 variants...
     -reading in genotypes, computing gene-based tests and building masks...done (369645ms) 
     -computing association tests...done (177ms) 
     -computing joint association tests...done (0ms) 
 set [131/1219] : COL22A1 - 156175 variants...
     -reading in genotypes, computing gene-based tests and building masks...done (518197ms) 
     -computing association tests...done (62ms) 
     -computing joint association tests...done (0ms) 
 set [132/1219] : COLEC10 - 52869 variants...
     -reading in genotypes, computing gene-based tests and building masks...done (100185ms) 
     -computing association tests...done (35ms) 
     -computing joint association tests...done (0ms) 
 set [133/1219] : COMMD5 - 5671 variants...
     -reading in genotypes, computing gene-based tests and building masks...done (17504ms) 
     -computing association tests...done (67ms) 
     -computing joint association tests...done (0ms) 
 set [134/1219] : COPS5 - 13045 variants...
     -reading in genotypes, computing gene-based tests and building masks...done (24580ms) 
     -computing association tests...done (67ms) 
     -computing joint association tests...done (0ms) 
 set [135/1219] : COX6B1P6 - 1613 variants...
     -reading in genotypes, computing gene-based tests and building masks...done (6059ms) 
     -computing association tests...done (12ms) 
     -computing joint association tests...done (0ms) 
 set [136/1219] : COX6C - 8878 variants...
     -reading in genotypes, computing gene-based tests and building masks...done (23053ms) 
     -computing association tests...done (29ms) 
     -computing joint association tests...done (0ms) 
 set [137/1219] : CPA6 - 140196 variants...
     -reading in genotypes, computing gene-based tests and building masks...done (452852ms) 
     -computing association tests...done (99ms) 
     -computing joint association tests...done (0ms) 
 set [138/1219] : CPNE3 - 24432 variants...
     -reading in genotypes, computing gene-based tests and building masks...done (46360ms) 
     -computing association tests...done (67ms) 
     -computing joint association tests...done (0ms) 
 set [139/1219] : CPQ - 199632 variants...
     -reading in genotypes, computing gene-based tests and building masks...done (742068ms) 
     -computing association tests...done (87ms) 
     -computing joint association tests...done (0ms) 
 set [140/1219] : CPSF1 - 11020 variants...
     -reading in genotypes, computing gene-based tests and building masks...done (17387ms) 
     -computing association tests...done (189ms) 
     -computing joint association tests...done (0ms) 
 set [141/1219] : CRH - 4776 variants...
     -reading in genotypes, computing gene-based tests and building masks...done (7128ms) 
     -computing association tests...done (32ms) 
     -computing joint association tests...done (0ms) 
 set [142/1219] : CRISPLD1 - 24012 variants...
     -reading in genotypes, computing gene-based tests and building masks...done (35195ms) 
     -computing association tests...done (79ms) 
     -computing joint association tests...done (0ms) 
 set [143/1219] : CSGALNACT1 - 208873 variants...
     -reading in genotypes, computing gene-based tests and building masks...done (948034ms) 
     -computing association tests...done (79ms) 
     -computing joint association tests...done (0ms) 
 set [144/1219] : CSMD1 - 1884779 variants...
     -reading in genotypes, computing gene-based tests and building masks...